[2025-04-27T20:08:56.043+0800][gc] Using G1
[2025-04-27T20:08:56.049+0800][gc,init] Version: 17.0.15+6-LTS (release)
[2025-04-27T20:08:56.049+0800][gc,init] CPUs: 8 total, 8 available
[2025-04-27T20:08:56.050+0800][gc,init] Memory: 7802M
[2025-04-27T20:08:56.050+0800][gc,init] Large Page Support: Disabled
[2025-04-27T20:08:56.050+0800][gc,init] NUMA Support: Disabled
[2025-04-27T20:08:56.050+0800][gc,init] Compressed Oops: Enabled (32-bit)
[2025-04-27T20:08:56.051+0800][gc,init] Heap Region Size: 1M
[2025-04-27T20:08:56.051+0800][gc,init] Heap Min Capacity: 1G
[2025-04-27T20:08:56.051+0800][gc,init] Heap Initial Capacity: 1G
[2025-04-27T20:08:56.051+0800][gc,init] Heap Max Capacity: 1G
[2025-04-27T20:08:56.052+0800][gc,init] Pre-touch: Disabled
[2025-04-27T20:08:56.066+0800][gc,init] Parallel Workers: 8
[2025-04-27T20:08:56.066+0800][gc,init] Concurrent Workers: 2
[2025-04-27T20:08:56.067+0800][gc,init] Concurrent Refinement Workers: 8
[2025-04-27T20:08:56.067+0800][gc,init] Periodic GC: Disabled
[2025-04-27T20:08:56.073+0800][gc,metaspace] CDS archive(s) mapped at: [0x00007fe68f000000-0x00007fe68fbca000-0x00007fe68fbca000), size 12361728, SharedBaseAddress: 0x00007fe68f000000, ArchiveRelocationMode: 1.
[2025-04-27T20:08:56.073+0800][gc,metaspace] Compressed class space mapped at: 0x00007fe690000000-0x00007fe6d0000000, reserved size: 1073741824
[2025-04-27T20:08:56.074+0800][gc,metaspace] Narrow klass base: 0x00007fe68f000000, Narrow klass shift: 0, Narrow klass range: 0x100000000
[2025-04-27T20:08:59.243+0800][gc,start    ] GC(0) Pause Young (Normal) (G1 Evacuation Pause)
[2025-04-27T20:08:59.245+0800][gc,task     ] GC(0) Using 8 workers of 8 for evacuation
[2025-04-27T20:08:59.254+0800][gc,phases   ] GC(0)   Pre Evacuate Collection Set: 0.2ms
[2025-04-27T20:08:59.254+0800][gc,phases   ] GC(0)   Merge Heap Roots: 0.2ms
[2025-04-27T20:08:59.255+0800][gc,phases   ] GC(0)   Evacuate Collection Set: 7.2ms
[2025-04-27T20:08:59.255+0800][gc,phases   ] GC(0)   Post Evacuate Collection Set: 0.9ms
[2025-04-27T20:08:59.255+0800][gc,phases   ] GC(0)   Other: 2.1ms
[2025-04-27T20:08:59.256+0800][gc,heap     ] GC(0) Eden regions: 51->0(44)
[2025-04-27T20:08:59.256+0800][gc,heap     ] GC(0) Survivor regions: 0->7(7)
[2025-04-27T20:08:59.256+0800][gc,heap     ] GC(0) Old regions: 0->1
[2025-04-27T20:08:59.257+0800][gc,heap     ] GC(0) Archive regions: 2->2
[2025-04-27T20:08:59.257+0800][gc,heap     ] GC(0) Humongous regions: 0->0
[2025-04-27T20:08:59.257+0800][gc,metaspace] GC(0) Metaspace: 16966K(17216K)->16966K(17216K) NonClass: 14901K(15040K)->14901K(15040K) Class: 2065K(2176K)->2065K(2176K)
[2025-04-27T20:08:59.258+0800][gc          ] GC(0) Pause Young (Normal) (G1 Evacuation Pause) 51M->8M(1024M) 14.277ms
[2025-04-27T20:08:59.258+0800][gc,cpu      ] GC(0) User=0.00s Sys=0.05s Real=0.01s
[2025-04-27T20:08:59.596+0800][gc,heap,exit] Heap
[2025-04-27T20:08:59.597+0800][gc,heap,exit]  garbage-first heap   total 1048576K, used 20933K [0x00000000c0000000, 0x0000000100000000)
[2025-04-27T20:08:59.597+0800][gc,heap,exit]   region size 1024K, 19 young (19456K), 7 survivors (7168K)
[2025-04-27T20:08:59.598+0800][gc,heap,exit]  Metaspace       used 20438K, committed 20608K, reserved 1114112K
[2025-04-27T20:08:59.598+0800][gc,heap,exit]   class space    used 2545K, committed 2624K, reserved 1048576K
