[2025-04-27T13:19:51.143+0800][gc] Using G1
[2025-04-27T13:19:51.147+0800][gc,init] Version: 17.0.15+6-LTS (release)
[2025-04-27T13:19:51.147+0800][gc,init] CPUs: 8 total, 8 available
[2025-04-27T13:19:51.147+0800][gc,init] Memory: 7805M
[2025-04-27T13:19:51.147+0800][gc,init] Large Page Support: Disabled
[2025-04-27T13:19:51.147+0800][gc,init] NUMA Support: Disabled
[2025-04-27T13:19:51.148+0800][gc,init] Compressed Oops: Enabled (32-bit)
[2025-04-27T13:19:51.148+0800][gc,init] Heap Region Size: 1M
[2025-04-27T13:19:51.148+0800][gc,init] Heap Min Capacity: 1G
[2025-04-27T13:19:51.148+0800][gc,init] Heap Initial Capacity: 1G
[2025-04-27T13:19:51.148+0800][gc,init] Heap Max Capacity: 1G
[2025-04-27T13:19:51.148+0800][gc,init] Pre-touch: Disabled
[2025-04-27T13:19:51.149+0800][gc,init] Parallel Workers: 8
[2025-04-27T13:19:51.149+0800][gc,init] Concurrent Workers: 2
[2025-04-27T13:19:51.149+0800][gc,init] Concurrent Refinement Workers: 8
[2025-04-27T13:19:51.149+0800][gc,init] Periodic GC: Disabled
[2025-04-27T13:19:51.153+0800][gc,metaspace] CDS archive(s) mapped at: [0x00007f7987000000-0x00007f7987bca000-0x00007f7987bca000), size 12361728, SharedBaseAddress: 0x00007f7987000000, ArchiveRelocationMode: 1.
[2025-04-27T13:19:51.153+0800][gc,metaspace] Compressed class space mapped at: 0x00007f7988000000-0x00007f79c8000000, reserved size: 1073741824
[2025-04-27T13:19:51.153+0800][gc,metaspace] Narrow klass base: 0x00007f7987000000, Narrow klass shift: 0, Narrow klass range: 0x100000000
[2025-04-27T13:19:53.399+0800][gc,start    ] GC(0) Pause Young (Normal) (G1 Evacuation Pause)
[2025-04-27T13:19:53.400+0800][gc,task     ] GC(0) Using 8 workers of 8 for evacuation
[2025-04-27T13:19:53.406+0800][gc,phases   ] GC(0)   Pre Evacuate Collection Set: 0.2ms
[2025-04-27T13:19:53.406+0800][gc,phases   ] GC(0)   Merge Heap Roots: 0.1ms
[2025-04-27T13:19:53.406+0800][gc,phases   ] GC(0)   Evacuate Collection Set: 4.4ms
[2025-04-27T13:19:53.407+0800][gc,phases   ] GC(0)   Post Evacuate Collection Set: 0.8ms
[2025-04-27T13:19:53.407+0800][gc,phases   ] GC(0)   Other: 1.7ms
[2025-04-27T13:19:53.407+0800][gc,heap     ] GC(0) Eden regions: 51->0(44)
[2025-04-27T13:19:53.407+0800][gc,heap     ] GC(0) Survivor regions: 0->7(7)
[2025-04-27T13:19:53.408+0800][gc,heap     ] GC(0) Old regions: 0->2
[2025-04-27T13:19:53.408+0800][gc,heap     ] GC(0) Archive regions: 2->2
[2025-04-27T13:19:53.408+0800][gc,heap     ] GC(0) Humongous regions: 0->0
[2025-04-27T13:19:53.408+0800][gc,metaspace] GC(0) Metaspace: 17082K(17280K)->17082K(17280K) NonClass: 15005K(15104K)->15005K(15104K) Class: 2076K(2176K)->2076K(2176K)
[2025-04-27T13:19:53.408+0800][gc          ] GC(0) Pause Young (Normal) (G1 Evacuation Pause) 51M->9M(1024M) 9.578ms
[2025-04-27T13:19:53.409+0800][gc,cpu      ] GC(0) User=0.00s Sys=0.03s Real=0.01s
[2025-04-27T13:19:53.781+0800][gc,start    ] GC(1) Pause Young (Concurrent Start) (Metadata GC Threshold)
[2025-04-27T13:19:53.781+0800][gc,task     ] GC(1) Using 8 workers of 8 for evacuation
[2025-04-27T13:19:53.788+0800][gc,phases   ] GC(1)   Pre Evacuate Collection Set: 0.3ms
[2025-04-27T13:19:53.788+0800][gc,phases   ] GC(1)   Merge Heap Roots: 0.2ms
[2025-04-27T13:19:53.788+0800][gc,phases   ] GC(1)   Evacuate Collection Set: 4.8ms
[2025-04-27T13:19:53.788+0800][gc,phases   ] GC(1)   Post Evacuate Collection Set: 0.7ms
[2025-04-27T13:19:53.788+0800][gc,phases   ] GC(1)   Other: 0.8ms
[2025-04-27T13:19:53.789+0800][gc,heap     ] GC(1) Eden regions: 14->0(49)
[2025-04-27T13:19:53.789+0800][gc,heap     ] GC(1) Survivor regions: 7->2(7)
[2025-04-27T13:19:53.789+0800][gc,heap     ] GC(1) Old regions: 2->9
[2025-04-27T13:19:53.789+0800][gc,heap     ] GC(1) Archive regions: 2->2
[2025-04-27T13:19:53.789+0800][gc,heap     ] GC(1) Humongous regions: 0->0
[2025-04-27T13:19:53.790+0800][gc,metaspace] GC(1) Metaspace: 21279K(21504K)->21279K(21504K) NonClass: 18645K(18752K)->18645K(18752K) Class: 2633K(2752K)->2633K(2752K)
[2025-04-27T13:19:53.790+0800][gc          ] GC(1) Pause Young (Concurrent Start) (Metadata GC Threshold) 22M->10M(1024M) 9.035ms
[2025-04-27T13:19:53.790+0800][gc,cpu      ] GC(1) User=0.04s Sys=0.00s Real=0.01s
[2025-04-27T13:19:53.791+0800][gc          ] GC(2) Concurrent Mark Cycle
[2025-04-27T13:19:53.791+0800][gc,marking  ] GC(2) Concurrent Clear Claimed Marks
[2025-04-27T13:19:53.791+0800][gc,marking  ] GC(2) Concurrent Clear Claimed Marks 0.216ms
[2025-04-27T13:19:53.791+0800][gc,marking  ] GC(2) Concurrent Scan Root Regions
[2025-04-27T13:19:53.794+0800][gc,marking  ] GC(2) Concurrent Scan Root Regions 2.647ms
[2025-04-27T13:19:53.794+0800][gc,marking  ] GC(2) Concurrent Mark
[2025-04-27T13:19:53.794+0800][gc,marking  ] GC(2) Concurrent Mark From Roots
[2025-04-27T13:19:53.795+0800][gc,task     ] GC(2) Using 2 workers of 2 for marking
[2025-04-27T13:19:53.797+0800][gc,marking  ] GC(2) Concurrent Mark From Roots 2.689ms
[2025-04-27T13:19:53.797+0800][gc,marking  ] GC(2) Concurrent Preclean
[2025-04-27T13:19:53.798+0800][gc,marking  ] GC(2) Concurrent Preclean 0.217ms
[2025-04-27T13:19:53.798+0800][gc,start    ] GC(2) Pause Remark
[2025-04-27T13:19:53.800+0800][gc          ] GC(2) Pause Remark 10M->10M(1024M) 2.227ms
[2025-04-27T13:19:53.800+0800][gc,cpu      ] GC(2) User=0.01s Sys=0.00s Real=0.00s
[2025-04-27T13:19:53.801+0800][gc,marking  ] GC(2) Concurrent Mark 6.553ms
[2025-04-27T13:19:53.801+0800][gc,marking  ] GC(2) Concurrent Rebuild Remembered Sets
[2025-04-27T13:19:53.804+0800][gc,marking  ] GC(2) Concurrent Rebuild Remembered Sets 2.923ms
[2025-04-27T13:19:53.804+0800][gc,start    ] GC(2) Pause Cleanup
[2025-04-27T13:19:53.805+0800][gc          ] GC(2) Pause Cleanup 10M->10M(1024M) 0.470ms
[2025-04-27T13:19:53.805+0800][gc,cpu      ] GC(2) User=0.01s Sys=0.00s Real=0.00s
[2025-04-27T13:19:53.805+0800][gc,marking  ] GC(2) Concurrent Cleanup for Next Mark
[2025-04-27T13:19:53.810+0800][gc,marking  ] GC(2) Concurrent Cleanup for Next Mark 5.100ms
[2025-04-27T13:19:53.811+0800][gc          ] GC(2) Concurrent Mark Cycle 20.107ms
[2025-04-27T13:19:55.036+0800][gc,start    ] GC(3) Pause Young (Normal) (G1 Evacuation Pause)
[2025-04-27T13:19:55.036+0800][gc,task     ] GC(3) Using 8 workers of 8 for evacuation
[2025-04-27T13:19:55.040+0800][gc,phases   ] GC(3)   Pre Evacuate Collection Set: 0.2ms
[2025-04-27T13:19:55.040+0800][gc,phases   ] GC(3)   Merge Heap Roots: 0.1ms
[2025-04-27T13:19:55.040+0800][gc,phases   ] GC(3)   Evacuate Collection Set: 2.8ms
[2025-04-27T13:19:55.040+0800][gc,phases   ] GC(3)   Post Evacuate Collection Set: 0.6ms
[2025-04-27T13:19:55.041+0800][gc,phases   ] GC(3)   Other: 0.5ms
[2025-04-27T13:19:55.041+0800][gc,heap     ] GC(3) Eden regions: 49->0(45)
[2025-04-27T13:19:55.041+0800][gc,heap     ] GC(3) Survivor regions: 2->6(7)
[2025-04-27T13:19:55.041+0800][gc,heap     ] GC(3) Old regions: 9->9
[2025-04-27T13:19:55.041+0800][gc,heap     ] GC(3) Archive regions: 2->2
[2025-04-27T13:19:55.041+0800][gc,heap     ] GC(3) Humongous regions: 0->0
[2025-04-27T13:19:55.042+0800][gc,metaspace] GC(3) Metaspace: 31073K(31360K)->31073K(31360K) NonClass: 27417K(27584K)->27417K(27584K) Class: 3655K(3776K)->3655K(3776K)
[2025-04-27T13:19:55.042+0800][gc          ] GC(3) Pause Young (Normal) (G1 Evacuation Pause) 59M->14M(1024M) 6.189ms
[2025-04-27T13:19:55.042+0800][gc,cpu      ] GC(3) User=0.02s Sys=0.00s Real=0.00s
[2025-04-27T13:19:55.600+0800][gc,start    ] GC(4) Pause Young (Concurrent Start) (Metadata GC Threshold)
[2025-04-27T13:19:55.600+0800][gc,task     ] GC(4) Using 8 workers of 8 for evacuation
[2025-04-27T13:19:55.609+0800][gc,phases   ] GC(4)   Pre Evacuate Collection Set: 0.3ms
[2025-04-27T13:19:55.609+0800][gc,phases   ] GC(4)   Merge Heap Roots: 0.2ms
[2025-04-27T13:19:55.609+0800][gc,phases   ] GC(4)   Evacuate Collection Set: 6.7ms
[2025-04-27T13:19:55.609+0800][gc,phases   ] GC(4)   Post Evacuate Collection Set: 0.8ms
[2025-04-27T13:19:55.610+0800][gc,phases   ] GC(4)   Other: 0.7ms
[2025-04-27T13:19:55.610+0800][gc,heap     ] GC(4) Eden regions: 25->0(49)
[2025-04-27T13:19:55.610+0800][gc,heap     ] GC(4) Survivor regions: 6->2(7)
[2025-04-27T13:19:55.610+0800][gc,heap     ] GC(4) Old regions: 9->14
[2025-04-27T13:19:55.610+0800][gc,heap     ] GC(4) Archive regions: 2->2
[2025-04-27T13:19:55.610+0800][gc,heap     ] GC(4) Humongous regions: 9->9
[2025-04-27T13:19:55.611+0800][gc,metaspace] GC(4) Metaspace: 35488K(35968K)->35488K(35968K) NonClass: 31322K(31552K)->31322K(31552K) Class: 4166K(4416K)->4166K(4416K)
[2025-04-27T13:19:55.611+0800][gc          ] GC(4) Pause Young (Concurrent Start) (Metadata GC Threshold) 47M->25M(1024M) 11.130ms
[2025-04-27T13:19:55.611+0800][gc,cpu      ] GC(4) User=0.04s Sys=0.03s Real=0.01s
[2025-04-27T13:19:55.611+0800][gc          ] GC(5) Concurrent Mark Cycle
[2025-04-27T13:19:55.612+0800][gc,marking  ] GC(5) Concurrent Clear Claimed Marks
[2025-04-27T13:19:55.612+0800][gc,marking  ] GC(5) Concurrent Clear Claimed Marks 0.311ms
[2025-04-27T13:19:55.612+0800][gc,marking  ] GC(5) Concurrent Scan Root Regions
[2025-04-27T13:19:55.617+0800][gc,marking  ] GC(5) Concurrent Scan Root Regions 4.138ms
[2025-04-27T13:19:55.617+0800][gc,marking  ] GC(5) Concurrent Mark
[2025-04-27T13:19:55.617+0800][gc,marking  ] GC(5) Concurrent Mark From Roots
[2025-04-27T13:19:55.617+0800][gc,task     ] GC(5) Using 2 workers of 2 for marking
[2025-04-27T13:19:55.628+0800][gc,marking  ] GC(5) Concurrent Mark From Roots 11.241ms
[2025-04-27T13:19:55.629+0800][gc,marking  ] GC(5) Concurrent Preclean
[2025-04-27T13:19:55.629+0800][gc,marking  ] GC(5) Concurrent Preclean 0.301ms
[2025-04-27T13:19:55.629+0800][gc,start    ] GC(5) Pause Remark
[2025-04-27T13:19:55.633+0800][gc          ] GC(5) Pause Remark 26M->26M(1024M) 3.041ms
[2025-04-27T13:19:55.633+0800][gc,cpu      ] GC(5) User=0.01s Sys=0.00s Real=0.00s
[2025-04-27T13:19:55.633+0800][gc,marking  ] GC(5) Concurrent Mark 16.145ms
[2025-04-27T13:19:55.633+0800][gc,marking  ] GC(5) Concurrent Rebuild Remembered Sets
[2025-04-27T13:19:55.643+0800][gc,marking  ] GC(5) Concurrent Rebuild Remembered Sets 9.255ms
[2025-04-27T13:19:55.644+0800][gc,start    ] GC(5) Pause Cleanup
[2025-04-27T13:19:55.644+0800][gc          ] GC(5) Pause Cleanup 26M->26M(1024M) 0.554ms
[2025-04-27T13:19:55.644+0800][gc,cpu      ] GC(5) User=0.00s Sys=0.00s Real=0.00s
[2025-04-27T13:19:55.645+0800][gc,marking  ] GC(5) Concurrent Cleanup for Next Mark
[2025-04-27T13:19:55.657+0800][gc,marking  ] GC(5) Concurrent Cleanup for Next Mark 12.595ms
[2025-04-27T13:19:55.658+0800][gc          ] GC(5) Concurrent Mark Cycle 46.202ms
[2025-04-27T13:19:56.695+0800][gc,start    ] GC(6) Pause Young (Prepare Mixed) (G1 Evacuation Pause)
[2025-04-27T13:19:56.696+0800][gc,task     ] GC(6) Using 8 workers of 8 for evacuation
[2025-04-27T13:19:56.701+0800][gc,phases   ] GC(6)   Pre Evacuate Collection Set: 0.2ms
[2025-04-27T13:19:56.701+0800][gc,phases   ] GC(6)   Merge Heap Roots: 0.2ms
[2025-04-27T13:19:56.702+0800][gc,phases   ] GC(6)   Evacuate Collection Set: 4.0ms
[2025-04-27T13:19:56.702+0800][gc,phases   ] GC(6)   Post Evacuate Collection Set: 0.8ms
[2025-04-27T13:19:56.702+0800][gc,phases   ] GC(6)   Other: 0.6ms
[2025-04-27T13:19:56.702+0800][gc,heap     ] GC(6) Eden regions: 49->0(44)
[2025-04-27T13:19:56.703+0800][gc,heap     ] GC(6) Survivor regions: 2->7(7)
[2025-04-27T13:19:56.703+0800][gc,heap     ] GC(6) Old regions: 14->15
[2025-04-27T13:19:56.703+0800][gc,heap     ] GC(6) Archive regions: 2->2
[2025-04-27T13:19:56.703+0800][gc,heap     ] GC(6) Humongous regions: 9->9
[2025-04-27T13:19:56.704+0800][gc,metaspace] GC(6) Metaspace: 41681K(42304K)->41681K(42304K) NonClass: 36844K(37184K)->36844K(37184K) Class: 4837K(5120K)->4837K(5120K)
[2025-04-27T13:19:56.704+0800][gc          ] GC(6) Pause Young (Prepare Mixed) (G1 Evacuation Pause) 74M->31M(1024M) 8.473ms
[2025-04-27T13:19:56.704+0800][gc,cpu      ] GC(6) User=0.03s Sys=0.00s Real=0.01s
[2025-04-27T13:20:55.737+0800][gc,heap,exit] Heap
[2025-04-27T13:20:55.740+0800][gc,heap,exit]  garbage-first heap   total 1048576K, used 192542K [0x00000000c0000000, 0x0000000100000000)
[2025-04-27T13:20:55.741+0800][gc,heap,exit]   region size 1024K, 35 young (35840K), 7 survivors (7168K)
[2025-04-27T13:20:55.742+0800][gc,heap,exit]  Metaspace       used 44556K, committed 45376K, reserved 1114112K
[2025-04-27T13:20:55.742+0800][gc,heap,exit]   class space    used 5282K, committed 5696K, reserved 1048576K
