[2025-04-27T20:11:50.654+0800][gc] Using G1
[2025-04-27T20:11:50.659+0800][gc,init] Version: 17.0.15+6-LTS (release)
[2025-04-27T20:11:50.660+0800][gc,init] CPUs: 8 total, 8 available
[2025-04-27T20:11:50.660+0800][gc,init] Memory: 7802M
[2025-04-27T20:11:50.660+0800][gc,init] Large Page Support: Disabled
[2025-04-27T20:11:50.660+0800][gc,init] NUMA Support: Disabled
[2025-04-27T20:11:50.660+0800][gc,init] Compressed Oops: Enabled (32-bit)
[2025-04-27T20:11:50.661+0800][gc,init] Heap Region Size: 1M
[2025-04-27T20:11:50.661+0800][gc,init] Heap Min Capacity: 1G
[2025-04-27T20:11:50.661+0800][gc,init] Heap Initial Capacity: 1G
[2025-04-27T20:11:50.661+0800][gc,init] Heap Max Capacity: 1G
[2025-04-27T20:11:50.662+0800][gc,init] Pre-touch: Disabled
[2025-04-27T20:11:50.674+0800][gc,init] Parallel Workers: 8
[2025-04-27T20:11:50.674+0800][gc,init] Concurrent Workers: 2
[2025-04-27T20:11:50.674+0800][gc,init] Concurrent Refinement Workers: 8
[2025-04-27T20:11:50.674+0800][gc,init] Periodic GC: Disabled
[2025-04-27T20:11:50.679+0800][gc,metaspace] CDS archive(s) mapped at: [0x00007f4cc7000000-0x00007f4cc7bca000-0x00007f4cc7bca000), size 12361728, SharedBaseAddress: 0x00007f4cc7000000, ArchiveRelocationMode: 1.
[2025-04-27T20:11:50.680+0800][gc,metaspace] Compressed class space mapped at: 0x00007f4cc8000000-0x00007f4d08000000, reserved size: 1073741824
[2025-04-27T20:11:50.680+0800][gc,metaspace] Narrow klass base: 0x00007f4cc7000000, Narrow klass shift: 0, Narrow klass range: 0x100000000
[2025-04-27T20:11:54.036+0800][gc,start    ] GC(0) Pause Young (Normal) (G1 Evacuation Pause)
[2025-04-27T20:11:54.037+0800][gc,task     ] GC(0) Using 8 workers of 8 for evacuation
[2025-04-27T20:11:54.043+0800][gc,phases   ] GC(0)   Pre Evacuate Collection Set: 0.2ms
[2025-04-27T20:11:54.044+0800][gc,phases   ] GC(0)   Merge Heap Roots: 0.2ms
[2025-04-27T20:11:54.044+0800][gc,phases   ] GC(0)   Evacuate Collection Set: 5.0ms
[2025-04-27T20:11:54.044+0800][gc,phases   ] GC(0)   Post Evacuate Collection Set: 0.7ms
[2025-04-27T20:11:54.044+0800][gc,phases   ] GC(0)   Other: 1.5ms
[2025-04-27T20:11:54.045+0800][gc,heap     ] GC(0) Eden regions: 51->0(44)
[2025-04-27T20:11:54.045+0800][gc,heap     ] GC(0) Survivor regions: 0->7(7)
[2025-04-27T20:11:54.045+0800][gc,heap     ] GC(0) Old regions: 0->1
[2025-04-27T20:11:54.045+0800][gc,heap     ] GC(0) Archive regions: 2->2
[2025-04-27T20:11:54.045+0800][gc,heap     ] GC(0) Humongous regions: 0->0
[2025-04-27T20:11:54.046+0800][gc,metaspace] GC(0) Metaspace: 16965K(17152K)->16965K(17152K) NonClass: 14900K(14976K)->14900K(14976K) Class: 2065K(2176K)->2065K(2176K)
[2025-04-27T20:11:54.046+0800][gc          ] GC(0) Pause Young (Normal) (G1 Evacuation Pause) 51M->8M(1024M) 10.084ms
[2025-04-27T20:11:54.046+0800][gc,cpu      ] GC(0) User=0.01s Sys=0.02s Real=0.01s
[2025-04-27T20:11:54.546+0800][gc,start    ] GC(1) Pause Young (Concurrent Start) (Metadata GC Threshold)
[2025-04-27T20:11:54.547+0800][gc,task     ] GC(1) Using 8 workers of 8 for evacuation
[2025-04-27T20:11:54.553+0800][gc,phases   ] GC(1)   Pre Evacuate Collection Set: 0.3ms
[2025-04-27T20:11:54.553+0800][gc,phases   ] GC(1)   Merge Heap Roots: 0.2ms
[2025-04-27T20:11:54.553+0800][gc,phases   ] GC(1)   Evacuate Collection Set: 4.3ms
[2025-04-27T20:11:54.554+0800][gc,phases   ] GC(1)   Post Evacuate Collection Set: 0.7ms
[2025-04-27T20:11:54.554+0800][gc,phases   ] GC(1)   Other: 1.2ms
[2025-04-27T20:11:54.554+0800][gc,heap     ] GC(1) Eden regions: 14->0(49)
[2025-04-27T20:11:54.555+0800][gc,heap     ] GC(1) Survivor regions: 7->2(7)
[2025-04-27T20:11:54.555+0800][gc,heap     ] GC(1) Old regions: 1->9
[2025-04-27T20:11:54.555+0800][gc,heap     ] GC(1) Archive regions: 2->2
[2025-04-27T20:11:54.555+0800][gc,heap     ] GC(1) Humongous regions: 0->0
[2025-04-27T20:11:54.556+0800][gc,metaspace] GC(1) Metaspace: 21312K(21504K)->21312K(21504K) NonClass: 18666K(18752K)->18666K(18752K) Class: 2646K(2752K)->2646K(2752K)
[2025-04-27T20:11:54.556+0800][gc          ] GC(1) Pause Young (Concurrent Start) (Metadata GC Threshold) 22M->10M(1024M) 9.807ms
[2025-04-27T20:11:54.556+0800][gc,cpu      ] GC(1) User=0.02s Sys=0.02s Real=0.01s
[2025-04-27T20:11:54.557+0800][gc          ] GC(2) Concurrent Mark Cycle
[2025-04-27T20:11:54.557+0800][gc,marking  ] GC(2) Concurrent Clear Claimed Marks
[2025-04-27T20:11:54.557+0800][gc,marking  ] GC(2) Concurrent Clear Claimed Marks 0.258ms
[2025-04-27T20:11:54.557+0800][gc,marking  ] GC(2) Concurrent Scan Root Regions
[2025-04-27T20:11:54.559+0800][gc,marking  ] GC(2) Concurrent Scan Root Regions 2.136ms
[2025-04-27T20:11:54.560+0800][gc,marking  ] GC(2) Concurrent Mark
[2025-04-27T20:11:54.560+0800][gc,marking  ] GC(2) Concurrent Mark From Roots
[2025-04-27T20:11:54.560+0800][gc,task     ] GC(2) Using 2 workers of 2 for marking
[2025-04-27T20:11:54.563+0800][gc,marking  ] GC(2) Concurrent Mark From Roots 2.709ms
[2025-04-27T20:11:54.563+0800][gc,marking  ] GC(2) Concurrent Preclean
[2025-04-27T20:11:54.564+0800][gc,marking  ] GC(2) Concurrent Preclean 0.349ms
[2025-04-27T20:11:54.564+0800][gc,start    ] GC(2) Pause Remark
[2025-04-27T20:11:54.567+0800][gc          ] GC(2) Pause Remark 10M->10M(1024M) 2.436ms
[2025-04-27T20:11:54.568+0800][gc,cpu      ] GC(2) User=0.01s Sys=0.00s Real=0.00s
[2025-04-27T20:11:54.568+0800][gc,marking  ] GC(2) Concurrent Mark 8.454ms
[2025-04-27T20:11:54.568+0800][gc,marking  ] GC(2) Concurrent Rebuild Remembered Sets
[2025-04-27T20:11:54.571+0800][gc,marking  ] GC(2) Concurrent Rebuild Remembered Sets 2.457ms
[2025-04-27T20:11:54.571+0800][gc,start    ] GC(2) Pause Cleanup
[2025-04-27T20:11:54.572+0800][gc          ] GC(2) Pause Cleanup 10M->10M(1024M) 0.623ms
[2025-04-27T20:11:54.572+0800][gc,cpu      ] GC(2) User=0.00s Sys=0.00s Real=0.01s
[2025-04-27T20:11:54.573+0800][gc,marking  ] GC(2) Concurrent Cleanup for Next Mark
[2025-04-27T20:11:54.577+0800][gc,marking  ] GC(2) Concurrent Cleanup for Next Mark 4.157ms
[2025-04-27T20:11:54.577+0800][gc          ] GC(2) Concurrent Mark Cycle 20.544ms
[2025-04-27T20:11:56.135+0800][gc,start    ] GC(3) Pause Young (Normal) (G1 Evacuation Pause)
[2025-04-27T20:11:56.135+0800][gc,task     ] GC(3) Using 8 workers of 8 for evacuation
[2025-04-27T20:11:56.139+0800][gc,phases   ] GC(3)   Pre Evacuate Collection Set: 0.2ms
[2025-04-27T20:11:56.140+0800][gc,phases   ] GC(3)   Merge Heap Roots: 0.1ms
[2025-04-27T20:11:56.140+0800][gc,phases   ] GC(3)   Evacuate Collection Set: 3.0ms
[2025-04-27T20:11:56.140+0800][gc,phases   ] GC(3)   Post Evacuate Collection Set: 0.7ms
[2025-04-27T20:11:56.141+0800][gc,phases   ] GC(3)   Other: 0.6ms
[2025-04-27T20:11:56.141+0800][gc,heap     ] GC(3) Eden regions: 49->0(45)
[2025-04-27T20:11:56.141+0800][gc,heap     ] GC(3) Survivor regions: 2->6(7)
[2025-04-27T20:11:56.141+0800][gc,heap     ] GC(3) Old regions: 9->9
[2025-04-27T20:11:56.142+0800][gc,heap     ] GC(3) Archive regions: 2->2
[2025-04-27T20:11:56.142+0800][gc,heap     ] GC(3) Humongous regions: 9->9
[2025-04-27T20:11:56.142+0800][gc,metaspace] GC(3) Metaspace: 33557K(33984K)->33557K(33984K) NonClass: 29591K(29824K)->29591K(29824K) Class: 3966K(4160K)->3966K(4160K)
[2025-04-27T20:11:56.143+0800][gc          ] GC(3) Pause Young (Normal) (G1 Evacuation Pause) 68M->23M(1024M) 8.124ms
[2025-04-27T20:11:56.143+0800][gc,cpu      ] GC(3) User=0.03s Sys=0.01s Real=0.01s
[2025-04-27T20:11:56.359+0800][gc,start    ] GC(4) Pause Young (Concurrent Start) (Metadata GC Threshold)
[2025-04-27T20:11:56.359+0800][gc,task     ] GC(4) Using 8 workers of 8 for evacuation
[2025-04-27T20:11:56.366+0800][gc,phases   ] GC(4)   Pre Evacuate Collection Set: 0.2ms
[2025-04-27T20:11:56.367+0800][gc,phases   ] GC(4)   Merge Heap Roots: 0.1ms
[2025-04-27T20:11:56.367+0800][gc,phases   ] GC(4)   Evacuate Collection Set: 6.0ms
[2025-04-27T20:11:56.367+0800][gc,phases   ] GC(4)   Post Evacuate Collection Set: 0.6ms
[2025-04-27T20:11:56.367+0800][gc,phases   ] GC(4)   Other: 0.4ms
[2025-04-27T20:11:56.368+0800][gc,heap     ] GC(4) Eden regions: 12->0(49)
[2025-04-27T20:11:56.368+0800][gc,heap     ] GC(4) Survivor regions: 6->2(7)
[2025-04-27T20:11:56.368+0800][gc,heap     ] GC(4) Old regions: 9->14
[2025-04-27T20:11:56.368+0800][gc,heap     ] GC(4) Archive regions: 2->2
[2025-04-27T20:11:56.368+0800][gc,heap     ] GC(4) Humongous regions: 9->9
[2025-04-27T20:11:56.369+0800][gc,metaspace] GC(4) Metaspace: 35557K(35968K)->35557K(35968K) NonClass: 31359K(31552K)->31359K(31552K) Class: 4197K(4416K)->4197K(4416K)
[2025-04-27T20:11:56.369+0800][gc          ] GC(4) Pause Young (Concurrent Start) (Metadata GC Threshold) 34M->24M(1024M) 9.779ms
[2025-04-27T20:11:56.369+0800][gc,cpu      ] GC(4) User=0.04s Sys=0.01s Real=0.01s
[2025-04-27T20:11:56.369+0800][gc          ] GC(5) Concurrent Mark Cycle
[2025-04-27T20:11:56.369+0800][gc,marking  ] GC(5) Concurrent Clear Claimed Marks
[2025-04-27T20:11:56.370+0800][gc,marking  ] GC(5) Concurrent Clear Claimed Marks 0.271ms
[2025-04-27T20:11:56.370+0800][gc,marking  ] GC(5) Concurrent Scan Root Regions
[2025-04-27T20:11:56.373+0800][gc,marking  ] GC(5) Concurrent Scan Root Regions 2.699ms
[2025-04-27T20:11:56.373+0800][gc,marking  ] GC(5) Concurrent Mark
[2025-04-27T20:11:56.373+0800][gc,marking  ] GC(5) Concurrent Mark From Roots
[2025-04-27T20:11:56.373+0800][gc,task     ] GC(5) Using 2 workers of 2 for marking
[2025-04-27T20:11:56.379+0800][gc,marking  ] GC(5) Concurrent Mark From Roots 5.439ms
[2025-04-27T20:11:56.379+0800][gc,marking  ] GC(5) Concurrent Preclean
[2025-04-27T20:11:56.379+0800][gc,marking  ] GC(5) Concurrent Preclean 0.361ms
[2025-04-27T20:11:56.380+0800][gc,start    ] GC(5) Pause Remark
[2025-04-27T20:11:56.382+0800][gc          ] GC(5) Pause Remark 25M->25M(1024M) 1.885ms
[2025-04-27T20:11:56.382+0800][gc,cpu      ] GC(5) User=0.01s Sys=0.00s Real=0.00s
[2025-04-27T20:11:56.382+0800][gc,marking  ] GC(5) Concurrent Mark 9.258ms
[2025-04-27T20:11:56.383+0800][gc,marking  ] GC(5) Concurrent Rebuild Remembered Sets
[2025-04-27T20:11:56.388+0800][gc,marking  ] GC(5) Concurrent Rebuild Remembered Sets 5.019ms
[2025-04-27T20:11:56.388+0800][gc,start    ] GC(5) Pause Cleanup
[2025-04-27T20:11:56.388+0800][gc          ] GC(5) Pause Cleanup 25M->25M(1024M) 0.549ms
[2025-04-27T20:11:56.389+0800][gc,cpu      ] GC(5) User=0.00s Sys=0.00s Real=0.00s
[2025-04-27T20:11:56.389+0800][gc,marking  ] GC(5) Concurrent Cleanup for Next Mark
[2025-04-27T20:11:56.398+0800][gc,marking  ] GC(5) Concurrent Cleanup for Next Mark 8.467ms
[2025-04-27T20:11:56.398+0800][gc          ] GC(5) Concurrent Mark Cycle 28.501ms
[2025-04-27T20:12:24.900+0800][gc,start    ] GC(6) Pause Young (Prepare Mixed) (G1 Evacuation Pause)
[2025-04-27T20:12:24.901+0800][gc,task     ] GC(6) Using 8 workers of 8 for evacuation
[2025-04-27T20:12:24.911+0800][gc,phases   ] GC(6)   Pre Evacuate Collection Set: 0.3ms
[2025-04-27T20:12:24.912+0800][gc,phases   ] GC(6)   Merge Heap Roots: 0.2ms
[2025-04-27T20:12:24.912+0800][gc,phases   ] GC(6)   Evacuate Collection Set: 8.6ms
[2025-04-27T20:12:24.912+0800][gc,phases   ] GC(6)   Post Evacuate Collection Set: 0.9ms
[2025-04-27T20:12:24.912+0800][gc,phases   ] GC(6)   Other: 0.8ms
[2025-04-27T20:12:24.912+0800][gc,heap     ] GC(6) Eden regions: 49->0(44)
[2025-04-27T20:12:24.913+0800][gc,heap     ] GC(6) Survivor regions: 2->7(7)
[2025-04-27T20:12:24.913+0800][gc,heap     ] GC(6) Old regions: 14->16
[2025-04-27T20:12:24.913+0800][gc,heap     ] GC(6) Archive regions: 2->2
[2025-04-27T20:12:24.913+0800][gc,heap     ] GC(6) Humongous regions: 138->138
[2025-04-27T20:12:24.913+0800][gc,metaspace] GC(6) Metaspace: 43251K(44032K)->43251K(44032K) NonClass: 38066K(38464K)->38066K(38464K) Class: 5184K(5568K)->5184K(5568K)
[2025-04-27T20:12:24.914+0800][gc          ] GC(6) Pause Young (Prepare Mixed) (G1 Evacuation Pause) 202M->161M(1024M) 13.159ms
[2025-04-27T20:12:24.914+0800][gc,cpu      ] GC(6) User=0.08s Sys=0.00s Real=0.02s
[2025-04-27T20:13:32.193+0800][gc,start    ] GC(7) Pause Young (Mixed) (G1 Evacuation Pause)
[2025-04-27T20:13:32.194+0800][gc,task     ] GC(7) Using 8 workers of 8 for evacuation
[2025-04-27T20:13:32.204+0800][gc,phases   ] GC(7)   Pre Evacuate Collection Set: 0.5ms
[2025-04-27T20:13:32.204+0800][gc,phases   ] GC(7)   Merge Heap Roots: 0.1ms
[2025-04-27T20:13:32.204+0800][gc,phases   ] GC(7)   Evacuate Collection Set: 7.9ms
[2025-04-27T20:13:32.204+0800][gc,phases   ] GC(7)   Post Evacuate Collection Set: 0.9ms
[2025-04-27T20:13:32.205+0800][gc,phases   ] GC(7)   Other: 1.0ms
[2025-04-27T20:13:32.205+0800][gc,heap     ] GC(7) Eden regions: 44->0(48)
[2025-04-27T20:13:32.205+0800][gc,heap     ] GC(7) Survivor regions: 7->3(7)
[2025-04-27T20:13:32.205+0800][gc,heap     ] GC(7) Old regions: 16->23
[2025-04-27T20:13:32.205+0800][gc,heap     ] GC(7) Archive regions: 2->2
[2025-04-27T20:13:32.206+0800][gc,heap     ] GC(7) Humongous regions: 151->151
[2025-04-27T20:13:32.206+0800][gc,metaspace] GC(7) Metaspace: 47362K(48320K)->47362K(48320K) NonClass: 41649K(42176K)->41649K(42176K) Class: 5712K(6144K)->5712K(6144K)
[2025-04-27T20:13:32.206+0800][gc          ] GC(7) Pause Young (Mixed) (G1 Evacuation Pause) 218M->176M(1024M) 13.026ms
[2025-04-27T20:13:32.206+0800][gc,cpu      ] GC(7) User=0.06s Sys=0.01s Real=0.02s
[2025-04-27T20:17:59.098+0800][gc,start    ] GC(8) Pause Young (Normal) (G1 Evacuation Pause)
[2025-04-27T20:17:59.099+0800][gc,task     ] GC(8) Using 8 workers of 8 for evacuation
[2025-04-27T20:17:59.108+0800][gc,phases   ] GC(8)   Pre Evacuate Collection Set: 0.6ms
[2025-04-27T20:17:59.108+0800][gc,phases   ] GC(8)   Merge Heap Roots: 0.2ms
[2025-04-27T20:17:59.109+0800][gc,phases   ] GC(8)   Evacuate Collection Set: 5.8ms
[2025-04-27T20:17:59.109+0800][gc,phases   ] GC(8)   Post Evacuate Collection Set: 1.2ms
[2025-04-27T20:17:59.109+0800][gc,phases   ] GC(8)   Other: 1.6ms
[2025-04-27T20:17:59.110+0800][gc,heap     ] GC(8) Eden regions: 48->0(46)
[2025-04-27T20:17:59.110+0800][gc,heap     ] GC(8) Survivor regions: 3->5(7)
[2025-04-27T20:17:59.110+0800][gc,heap     ] GC(8) Old regions: 23->23
[2025-04-27T20:17:59.111+0800][gc,heap     ] GC(8) Archive regions: 2->2
[2025-04-27T20:17:59.111+0800][gc,heap     ] GC(8) Humongous regions: 151->151
[2025-04-27T20:17:59.112+0800][gc,metaspace] GC(8) Metaspace: 48422K(49408K)->48422K(49408K) NonClass: 42685K(43200K)->42685K(43200K) Class: 5736K(6208K)->5736K(6208K)
[2025-04-27T20:17:59.112+0800][gc          ] GC(8) Pause Young (Normal) (G1 Evacuation Pause) 224M->178M(1024M) 13.673ms
[2025-04-27T20:17:59.113+0800][gc,cpu      ] GC(8) User=0.04s Sys=0.00s Real=0.01s
[2025-04-27T20:22:30.465+0800][gc,start    ] GC(9) Pause Young (Normal) (G1 Evacuation Pause)
[2025-04-27T20:22:30.465+0800][gc,task     ] GC(9) Using 8 workers of 8 for evacuation
[2025-04-27T20:22:30.472+0800][gc,phases   ] GC(9)   Pre Evacuate Collection Set: 0.5ms
[2025-04-27T20:22:30.472+0800][gc,phases   ] GC(9)   Merge Heap Roots: 0.2ms
[2025-04-27T20:22:30.473+0800][gc,phases   ] GC(9)   Evacuate Collection Set: 4.1ms
[2025-04-27T20:22:30.474+0800][gc,phases   ] GC(9)   Post Evacuate Collection Set: 1.2ms
[2025-04-27T20:22:30.474+0800][gc,phases   ] GC(9)   Other: 1.1ms
[2025-04-27T20:22:30.475+0800][gc,heap     ] GC(9) Eden regions: 46->0(56)
[2025-04-27T20:22:30.476+0800][gc,heap     ] GC(9) Survivor regions: 5->3(7)
[2025-04-27T20:22:30.476+0800][gc,heap     ] GC(9) Old regions: 23->25
[2025-04-27T20:22:30.477+0800][gc,heap     ] GC(9) Archive regions: 2->2
[2025-04-27T20:22:30.477+0800][gc,heap     ] GC(9) Humongous regions: 151->151
[2025-04-27T20:22:30.478+0800][gc,metaspace] GC(9) Metaspace: 48935K(49920K)->48935K(49920K) NonClass: 43132K(43648K)->43132K(43648K) Class: 5802K(6272K)->5802K(6272K)
[2025-04-27T20:22:30.479+0800][gc          ] GC(9) Pause Young (Normal) (G1 Evacuation Pause) 224M->178M(1024M) 14.016ms
[2025-04-27T20:22:30.479+0800][gc,cpu      ] GC(9) User=0.04s Sys=0.00s Real=0.01s
[2025-04-27T20:27:48.267+0800][gc,start    ] GC(10) Pause Young (Normal) (G1 Evacuation Pause)
[2025-04-27T20:27:48.268+0800][gc,task     ] GC(10) Using 8 workers of 8 for evacuation
[2025-04-27T20:27:48.279+0800][gc,phases   ] GC(10)   Pre Evacuate Collection Set: 0.5ms
[2025-04-27T20:27:48.279+0800][gc,phases   ] GC(10)   Merge Heap Roots: 0.3ms
[2025-04-27T20:27:48.280+0800][gc,phases   ] GC(10)   Evacuate Collection Set: 8.4ms
[2025-04-27T20:27:48.280+0800][gc,phases   ] GC(10)   Post Evacuate Collection Set: 1.2ms
[2025-04-27T20:27:48.281+0800][gc,phases   ] GC(10)   Other: 1.7ms
[2025-04-27T20:27:48.281+0800][gc,heap     ] GC(10) Eden regions: 56->0(48)
[2025-04-27T20:27:48.282+0800][gc,heap     ] GC(10) Survivor regions: 3->6(8)
[2025-04-27T20:27:48.282+0800][gc,heap     ] GC(10) Old regions: 25->25
[2025-04-27T20:27:48.282+0800][gc,heap     ] GC(10) Archive regions: 2->2
[2025-04-27T20:27:48.283+0800][gc,heap     ] GC(10) Humongous regions: 151->151
[2025-04-27T20:27:48.283+0800][gc,metaspace] GC(10) Metaspace: 49091K(50048K)->49091K(50048K) NonClass: 43275K(43776K)->43275K(43776K) Class: 5815K(6272K)->5815K(6272K)
[2025-04-27T20:27:48.283+0800][gc          ] GC(10) Pause Young (Normal) (G1 Evacuation Pause) 234M->181M(1024M) 16.493ms
[2025-04-27T20:27:48.284+0800][gc,cpu      ] GC(10) User=0.06s Sys=0.00s Real=0.02s
[2025-04-27T20:32:27.865+0800][gc,start    ] GC(11) Pause Young (Normal) (G1 Evacuation Pause)
[2025-04-27T20:32:27.866+0800][gc,task     ] GC(11) Using 8 workers of 8 for evacuation
[2025-04-27T20:32:27.884+0800][gc,phases   ] GC(11)   Pre Evacuate Collection Set: 0.9ms
[2025-04-27T20:32:27.884+0800][gc,phases   ] GC(11)   Merge Heap Roots: 0.7ms
[2025-04-27T20:32:27.885+0800][gc,phases   ] GC(11)   Evacuate Collection Set: 14.2ms
[2025-04-27T20:32:27.886+0800][gc,phases   ] GC(11)   Post Evacuate Collection Set: 1.3ms
[2025-04-27T20:32:27.886+0800][gc,phases   ] GC(11)   Other: 1.5ms
[2025-04-27T20:32:27.887+0800][gc,heap     ] GC(11) Eden regions: 48->0(75)
[2025-04-27T20:32:27.888+0800][gc,heap     ] GC(11) Survivor regions: 6->6(7)
[2025-04-27T20:32:27.889+0800][gc,heap     ] GC(11) Old regions: 25->27
[2025-04-27T20:32:27.889+0800][gc,heap     ] GC(11) Archive regions: 2->2
[2025-04-27T20:32:27.890+0800][gc,heap     ] GC(11) Humongous regions: 151->151
[2025-04-27T20:32:27.891+0800][gc,metaspace] GC(11) Metaspace: 49190K(50112K)->49190K(50112K) NonClass: 43374K(43840K)->43374K(43840K) Class: 5815K(6272K)->5815K(6272K)
[2025-04-27T20:32:27.892+0800][gc          ] GC(11) Pause Young (Normal) (G1 Evacuation Pause) 229M->183M(1024M) 26.534ms
[2025-04-27T20:32:27.893+0800][gc,cpu      ] GC(11) User=0.09s Sys=0.03s Real=0.03s
[2025-04-27T20:40:03.094+0800][gc,start    ] GC(12) Pause Young (Normal) (G1 Evacuation Pause)
[2025-04-27T20:40:03.095+0800][gc,task     ] GC(12) Using 8 workers of 8 for evacuation
[2025-04-27T20:40:03.110+0800][gc,phases   ] GC(12)   Pre Evacuate Collection Set: 0.9ms
[2025-04-27T20:40:03.110+0800][gc,phases   ] GC(12)   Merge Heap Roots: 0.3ms
[2025-04-27T20:40:03.110+0800][gc,phases   ] GC(12)   Evacuate Collection Set: 12.1ms
[2025-04-27T20:40:03.111+0800][gc,phases   ] GC(12)   Post Evacuate Collection Set: 1.0ms
[2025-04-27T20:40:03.111+0800][gc,phases   ] GC(12)   Other: 1.3ms
[2025-04-27T20:40:03.111+0800][gc,heap     ] GC(12) Eden regions: 70->0(94)
[2025-04-27T20:40:03.111+0800][gc,heap     ] GC(12) Survivor regions: 6->6(10)
[2025-04-27T20:40:03.111+0800][gc,heap     ] GC(12) Old regions: 27->29
[2025-04-27T20:40:03.111+0800][gc,heap     ] GC(12) Archive regions: 2->2
[2025-04-27T20:40:03.112+0800][gc,heap     ] GC(12) Humongous regions: 151->151
[2025-04-27T20:40:03.112+0800][gc,metaspace] GC(12) Metaspace: 49264K(50240K)->49264K(50240K) NonClass: 43448K(43968K)->43448K(43968K) Class: 5816K(6272K)->5816K(6272K)
[2025-04-27T20:40:03.112+0800][gc          ] GC(12) Pause Young (Normal) (G1 Evacuation Pause) 253M->185M(1024M) 17.507ms
[2025-04-27T20:40:03.112+0800][gc,cpu      ] GC(12) User=0.04s Sys=0.06s Real=0.02s
[2025-04-27T20:49:07.566+0800][gc,start    ] GC(13) Pause Young (Normal) (G1 Evacuation Pause)
[2025-04-27T20:49:07.567+0800][gc,task     ] GC(13) Using 8 workers of 8 for evacuation
[2025-04-27T20:49:07.577+0800][gc,phases   ] GC(13)   Pre Evacuate Collection Set: 0.4ms
[2025-04-27T20:49:07.577+0800][gc,phases   ] GC(13)   Merge Heap Roots: 0.3ms
[2025-04-27T20:49:07.577+0800][gc,phases   ] GC(13)   Evacuate Collection Set: 7.2ms
[2025-04-27T20:49:07.578+0800][gc,phases   ] GC(13)   Post Evacuate Collection Set: 0.9ms
[2025-04-27T20:49:07.578+0800][gc,phases   ] GC(13)   Other: 1.9ms
[2025-04-27T20:49:07.578+0800][gc,heap     ] GC(13) Eden regions: 89->0(136)
[2025-04-27T20:49:07.579+0800][gc,heap     ] GC(13) Survivor regions: 6->9(12)
[2025-04-27T20:49:07.579+0800][gc,heap     ] GC(13) Old regions: 29->29
[2025-04-27T20:49:07.580+0800][gc,heap     ] GC(13) Archive regions: 2->2
[2025-04-27T20:49:07.580+0800][gc,heap     ] GC(13) Humongous regions: 151->151
[2025-04-27T20:49:07.580+0800][gc,metaspace] GC(13) Metaspace: 49349K(50304K)->49349K(50304K) NonClass: 43533K(44032K)->43533K(44032K) Class: 5816K(6272K)->5816K(6272K)
[2025-04-27T20:49:07.581+0800][gc          ] GC(13) Pause Young (Normal) (G1 Evacuation Pause) 274M->189M(1024M) 14.464ms
[2025-04-27T20:49:07.581+0800][gc,cpu      ] GC(13) User=0.05s Sys=0.01s Real=0.02s
[2025-04-27T20:55:35.747+0800][gc,heap,exit] Heap
[2025-04-27T20:55:35.747+0800][gc,heap,exit]  garbage-first heap   total 1048576K, used 267063K [0x00000000c0000000, 0x0000000100000000)
[2025-04-27T20:55:35.747+0800][gc,heap,exit]   region size 1024K, 81 young (82944K), 9 survivors (9216K)
[2025-04-27T20:55:35.747+0800][gc,heap,exit]  Metaspace       used 50495K, committed 51520K, reserved 1114112K
[2025-04-27T20:55:35.748+0800][gc,heap,exit]   class space    used 6044K, committed 6528K, reserved 1048576K
