[2025-04-27T13:38:12.177+0800][gc] Using G1
[2025-04-27T13:38:12.181+0800][gc,init] Version: 17.0.15+6-LTS (release)
[2025-04-27T13:38:12.181+0800][gc,init] CPUs: 8 total, 8 available
[2025-04-27T13:38:12.181+0800][gc,init] Memory: 7805M
[2025-04-27T13:38:12.181+0800][gc,init] Large Page Support: Disabled
[2025-04-27T13:38:12.181+0800][gc,init] NUMA Support: Disabled
[2025-04-27T13:38:12.182+0800][gc,init] Compressed Oops: Enabled (32-bit)
[2025-04-27T13:38:12.182+0800][gc,init] Heap Region Size: 1M
[2025-04-27T13:38:12.182+0800][gc,init] Heap Min Capacity: 1G
[2025-04-27T13:38:12.182+0800][gc,init] Heap Initial Capacity: 1G
[2025-04-27T13:38:12.182+0800][gc,init] Heap Max Capacity: 1G
[2025-04-27T13:38:12.182+0800][gc,init] Pre-touch: Disabled
[2025-04-27T13:38:12.194+0800][gc,init] Parallel Workers: 8
[2025-04-27T13:38:12.194+0800][gc,init] Concurrent Workers: 2
[2025-04-27T13:38:12.194+0800][gc,init] Concurrent Refinement Workers: 8
[2025-04-27T13:38:12.195+0800][gc,init] Periodic GC: Disabled
[2025-04-27T13:38:12.199+0800][gc,metaspace] CDS archive(s) mapped at: [0x00007f5bcf000000-0x00007f5bcfbca000-0x00007f5bcfbca000), size 12361728, SharedBaseAddress: 0x00007f5bcf000000, ArchiveRelocationMode: 1.
[2025-04-27T13:38:12.199+0800][gc,metaspace] Compressed class space mapped at: 0x00007f5bd0000000-0x00007f5c10000000, reserved size: 1073741824
[2025-04-27T13:38:12.199+0800][gc,metaspace] Narrow klass base: 0x00007f5bcf000000, Narrow klass shift: 0, Narrow klass range: 0x100000000
[2025-04-27T13:38:18.823+0800][gc,start    ] GC(0) Pause Young (Normal) (G1 Evacuation Pause)
[2025-04-27T13:38:18.824+0800][gc,task     ] GC(0) Using 8 workers of 8 for evacuation
[2025-04-27T13:38:18.836+0800][gc,phases   ] GC(0)   Pre Evacuate Collection Set: 0.2ms
[2025-04-27T13:38:18.836+0800][gc,phases   ] GC(0)   Merge Heap Roots: 0.2ms
[2025-04-27T13:38:18.837+0800][gc,phases   ] GC(0)   Evacuate Collection Set: 9.8ms
[2025-04-27T13:38:18.837+0800][gc,phases   ] GC(0)   Post Evacuate Collection Set: 0.9ms
[2025-04-27T13:38:18.837+0800][gc,phases   ] GC(0)   Other: 1.6ms
[2025-04-27T13:38:18.837+0800][gc,heap     ] GC(0) Eden regions: 51->0(44)
[2025-04-27T13:38:18.838+0800][gc,heap     ] GC(0) Survivor regions: 0->7(7)
[2025-04-27T13:38:18.838+0800][gc,heap     ] GC(0) Old regions: 0->2
[2025-04-27T13:38:18.838+0800][gc,heap     ] GC(0) Archive regions: 2->2
[2025-04-27T13:38:18.838+0800][gc,heap     ] GC(0) Humongous regions: 0->0
[2025-04-27T13:38:18.839+0800][gc,metaspace] GC(0) Metaspace: 17033K(17216K)->17033K(17216K) NonClass: 14964K(15040K)->14964K(15040K) Class: 2069K(2176K)->2069K(2176K)
[2025-04-27T13:38:18.839+0800][gc          ] GC(0) Pause Young (Normal) (G1 Evacuation Pause) 51M->9M(1024M) 15.866ms
[2025-04-27T13:38:18.839+0800][gc,cpu      ] GC(0) User=0.03s Sys=0.03s Real=0.01s
[2025-04-27T13:38:19.164+0800][gc,start    ] GC(1) Pause Young (Concurrent Start) (Metadata GC Threshold)
[2025-04-27T13:38:19.164+0800][gc,task     ] GC(1) Using 8 workers of 8 for evacuation
[2025-04-27T13:38:19.168+0800][gc,phases   ] GC(1)   Pre Evacuate Collection Set: 0.2ms
[2025-04-27T13:38:19.168+0800][gc,phases   ] GC(1)   Merge Heap Roots: 0.1ms
[2025-04-27T13:38:19.168+0800][gc,phases   ] GC(1)   Evacuate Collection Set: 2.8ms
[2025-04-27T13:38:19.169+0800][gc,phases   ] GC(1)   Post Evacuate Collection Set: 0.6ms
[2025-04-27T13:38:19.169+0800][gc,phases   ] GC(1)   Other: 0.5ms
[2025-04-27T13:38:19.169+0800][gc,heap     ] GC(1) Eden regions: 14->0(49)
[2025-04-27T13:38:19.169+0800][gc,heap     ] GC(1) Survivor regions: 7->2(7)
[2025-04-27T13:38:19.169+0800][gc,heap     ] GC(1) Old regions: 2->9
[2025-04-27T13:38:19.169+0800][gc,heap     ] GC(1) Archive regions: 2->2
[2025-04-27T13:38:19.169+0800][gc,heap     ] GC(1) Humongous regions: 0->0
[2025-04-27T13:38:19.170+0800][gc,metaspace] GC(1) Metaspace: 21316K(21504K)->21316K(21504K) NonClass: 18670K(18752K)->18670K(18752K) Class: 2646K(2752K)->2646K(2752K)
[2025-04-27T13:38:19.170+0800][gc          ] GC(1) Pause Young (Concurrent Start) (Metadata GC Threshold) 22M->10M(1024M) 5.929ms
[2025-04-27T13:38:19.170+0800][gc,cpu      ] GC(1) User=0.02s Sys=0.01s Real=0.00s
[2025-04-27T13:38:19.170+0800][gc          ] GC(2) Concurrent Mark Cycle
[2025-04-27T13:38:19.170+0800][gc,marking  ] GC(2) Concurrent Clear Claimed Marks
[2025-04-27T13:38:19.170+0800][gc,marking  ] GC(2) Concurrent Clear Claimed Marks 0.195ms
[2025-04-27T13:38:19.171+0800][gc,marking  ] GC(2) Concurrent Scan Root Regions
[2025-04-27T13:38:19.172+0800][gc,marking  ] GC(2) Concurrent Scan Root Regions 1.423ms
[2025-04-27T13:38:19.172+0800][gc,marking  ] GC(2) Concurrent Mark
[2025-04-27T13:38:19.173+0800][gc,marking  ] GC(2) Concurrent Mark From Roots
[2025-04-27T13:38:19.173+0800][gc,task     ] GC(2) Using 2 workers of 2 for marking
[2025-04-27T13:38:19.175+0800][gc,marking  ] GC(2) Concurrent Mark From Roots 1.951ms
[2025-04-27T13:38:19.175+0800][gc,marking  ] GC(2) Concurrent Preclean
[2025-04-27T13:38:19.175+0800][gc,marking  ] GC(2) Concurrent Preclean 0.170ms
[2025-04-27T13:38:19.175+0800][gc,start    ] GC(2) Pause Remark
[2025-04-27T13:38:19.177+0800][gc          ] GC(2) Pause Remark 10M->10M(1024M) 1.603ms
[2025-04-27T13:38:19.177+0800][gc,cpu      ] GC(2) User=0.01s Sys=0.00s Real=0.00s
[2025-04-27T13:38:19.177+0800][gc,marking  ] GC(2) Concurrent Mark 4.885ms
[2025-04-27T13:38:19.177+0800][gc,marking  ] GC(2) Concurrent Rebuild Remembered Sets
[2025-04-27T13:38:19.180+0800][gc,marking  ] GC(2) Concurrent Rebuild Remembered Sets 2.150ms
[2025-04-27T13:38:19.180+0800][gc,start    ] GC(2) Pause Cleanup
[2025-04-27T13:38:19.180+0800][gc          ] GC(2) Pause Cleanup 10M->10M(1024M) 0.274ms
[2025-04-27T13:38:19.180+0800][gc,cpu      ] GC(2) User=0.00s Sys=0.00s Real=0.00s
[2025-04-27T13:38:19.181+0800][gc,marking  ] GC(2) Concurrent Cleanup for Next Mark
[2025-04-27T13:38:19.184+0800][gc,marking  ] GC(2) Concurrent Cleanup for Next Mark 3.883ms
[2025-04-27T13:38:19.185+0800][gc          ] GC(2) Concurrent Mark Cycle 14.708ms
[2025-04-27T13:38:20.153+0800][gc,start    ] GC(3) Pause Young (Normal) (G1 Evacuation Pause)
[2025-04-27T13:38:20.153+0800][gc,task     ] GC(3) Using 8 workers of 8 for evacuation
[2025-04-27T13:38:20.157+0800][gc,phases   ] GC(3)   Pre Evacuate Collection Set: 0.2ms
[2025-04-27T13:38:20.157+0800][gc,phases   ] GC(3)   Merge Heap Roots: 0.2ms
[2025-04-27T13:38:20.157+0800][gc,phases   ] GC(3)   Evacuate Collection Set: 2.2ms
[2025-04-27T13:38:20.158+0800][gc,phases   ] GC(3)   Post Evacuate Collection Set: 0.7ms
[2025-04-27T13:38:20.158+0800][gc,phases   ] GC(3)   Other: 0.4ms
[2025-04-27T13:38:20.158+0800][gc,heap     ] GC(3) Eden regions: 49->0(45)
[2025-04-27T13:38:20.158+0800][gc,heap     ] GC(3) Survivor regions: 2->6(7)
[2025-04-27T13:38:20.158+0800][gc,heap     ] GC(3) Old regions: 9->9
[2025-04-27T13:38:20.159+0800][gc,heap     ] GC(3) Archive regions: 2->2
[2025-04-27T13:38:20.159+0800][gc,heap     ] GC(3) Humongous regions: 0->0
[2025-04-27T13:38:20.159+0800][gc,metaspace] GC(3) Metaspace: 31227K(31552K)->31227K(31552K) NonClass: 27569K(27776K)->27569K(27776K) Class: 3657K(3776K)->3657K(3776K)
[2025-04-27T13:38:20.159+0800][gc          ] GC(3) Pause Young (Normal) (G1 Evacuation Pause) 59M->14M(1024M) 6.123ms
[2025-04-27T13:38:20.159+0800][gc,cpu      ] GC(3) User=0.02s Sys=0.00s Real=0.00s
[2025-04-27T13:38:20.588+0800][gc,start    ] GC(4) Pause Young (Concurrent Start) (Metadata GC Threshold)
[2025-04-27T13:38:20.588+0800][gc,task     ] GC(4) Using 8 workers of 8 for evacuation
[2025-04-27T13:38:20.596+0800][gc,phases   ] GC(4)   Pre Evacuate Collection Set: 0.3ms
[2025-04-27T13:38:20.596+0800][gc,phases   ] GC(4)   Merge Heap Roots: 0.2ms
[2025-04-27T13:38:20.596+0800][gc,phases   ] GC(4)   Evacuate Collection Set: 6.1ms
[2025-04-27T13:38:20.596+0800][gc,phases   ] GC(4)   Post Evacuate Collection Set: 0.9ms
[2025-04-27T13:38:20.597+0800][gc,phases   ] GC(4)   Other: 0.6ms
[2025-04-27T13:38:20.597+0800][gc,heap     ] GC(4) Eden regions: 26->0(48)
[2025-04-27T13:38:20.597+0800][gc,heap     ] GC(4) Survivor regions: 6->3(7)
[2025-04-27T13:38:20.597+0800][gc,heap     ] GC(4) Old regions: 9->14
[2025-04-27T13:38:20.597+0800][gc,heap     ] GC(4) Archive regions: 2->2
[2025-04-27T13:38:20.598+0800][gc,heap     ] GC(4) Humongous regions: 9->9
[2025-04-27T13:38:20.598+0800][gc,metaspace] GC(4) Metaspace: 35475K(35968K)->35475K(35968K) NonClass: 31306K(31552K)->31306K(31552K) Class: 4169K(4416K)->4169K(4416K)
[2025-04-27T13:38:20.598+0800][gc          ] GC(4) Pause Young (Concurrent Start) (Metadata GC Threshold) 48M->25M(1024M) 10.390ms
[2025-04-27T13:38:20.598+0800][gc,cpu      ] GC(4) User=0.05s Sys=0.01s Real=0.01s
[2025-04-27T13:38:20.599+0800][gc          ] GC(5) Concurrent Mark Cycle
[2025-04-27T13:38:20.599+0800][gc,marking  ] GC(5) Concurrent Clear Claimed Marks
[2025-04-27T13:38:20.599+0800][gc,marking  ] GC(5) Concurrent Clear Claimed Marks 0.262ms
[2025-04-27T13:38:20.600+0800][gc,marking  ] GC(5) Concurrent Scan Root Regions
[2025-04-27T13:38:20.603+0800][gc,marking  ] GC(5) Concurrent Scan Root Regions 3.322ms
[2025-04-27T13:38:20.603+0800][gc,marking  ] GC(5) Concurrent Mark
[2025-04-27T13:38:20.604+0800][gc,marking  ] GC(5) Concurrent Mark From Roots
[2025-04-27T13:38:20.604+0800][gc,task     ] GC(5) Using 2 workers of 2 for marking
[2025-04-27T13:38:20.611+0800][gc,marking  ] GC(5) Concurrent Mark From Roots 7.358ms
[2025-04-27T13:38:20.611+0800][gc,marking  ] GC(5) Concurrent Preclean
[2025-04-27T13:38:20.612+0800][gc,marking  ] GC(5) Concurrent Preclean 0.339ms
[2025-04-27T13:38:20.612+0800][gc,start    ] GC(5) Pause Remark
[2025-04-27T13:38:20.615+0800][gc          ] GC(5) Pause Remark 26M->26M(1024M) 3.472ms
[2025-04-27T13:38:20.616+0800][gc,cpu      ] GC(5) User=0.02s Sys=0.02s Real=0.01s
[2025-04-27T13:38:20.616+0800][gc,marking  ] GC(5) Concurrent Mark 12.680ms
[2025-04-27T13:38:20.616+0800][gc,marking  ] GC(5) Concurrent Rebuild Remembered Sets
[2025-04-27T13:38:20.622+0800][gc,marking  ] GC(5) Concurrent Rebuild Remembered Sets 6.327ms
[2025-04-27T13:38:20.623+0800][gc,start    ] GC(5) Pause Cleanup
[2025-04-27T13:38:20.623+0800][gc          ] GC(5) Pause Cleanup 26M->26M(1024M) 0.387ms
[2025-04-27T13:38:20.623+0800][gc,cpu      ] GC(5) User=0.03s Sys=0.00s Real=0.01s
[2025-04-27T13:38:20.624+0800][gc,marking  ] GC(5) Concurrent Cleanup for Next Mark
[2025-04-27T13:38:20.630+0800][gc,marking  ] GC(5) Concurrent Cleanup for Next Mark 6.379ms
[2025-04-27T13:38:20.630+0800][gc          ] GC(5) Concurrent Mark Cycle 31.755ms
[2025-04-27T13:38:21.212+0800][gc,start    ] GC(6) Pause Young (Prepare Mixed) (G1 Evacuation Pause)
[2025-04-27T13:38:21.212+0800][gc,task     ] GC(6) Using 8 workers of 8 for evacuation
[2025-04-27T13:38:21.219+0800][gc,phases   ] GC(6)   Pre Evacuate Collection Set: 0.2ms
[2025-04-27T13:38:21.220+0800][gc,phases   ] GC(6)   Merge Heap Roots: 0.2ms
[2025-04-27T13:38:21.220+0800][gc,phases   ] GC(6)   Evacuate Collection Set: 6.1ms
[2025-04-27T13:38:21.220+0800][gc,phases   ] GC(6)   Post Evacuate Collection Set: 0.7ms
[2025-04-27T13:38:21.220+0800][gc,phases   ] GC(6)   Other: 0.5ms
[2025-04-27T13:38:21.220+0800][gc,heap     ] GC(6) Eden regions: 48->0(44)
[2025-04-27T13:38:21.221+0800][gc,heap     ] GC(6) Survivor regions: 3->7(7)
[2025-04-27T13:38:21.221+0800][gc,heap     ] GC(6) Old regions: 14->15
[2025-04-27T13:38:21.221+0800][gc,heap     ] GC(6) Archive regions: 2->2
[2025-04-27T13:38:21.221+0800][gc,heap     ] GC(6) Humongous regions: 9->9
[2025-04-27T13:38:21.221+0800][gc,metaspace] GC(6) Metaspace: 42416K(43072K)->42416K(43072K) NonClass: 37434K(37760K)->37434K(37760K) Class: 4981K(5312K)->4981K(5312K)
[2025-04-27T13:38:21.221+0800][gc          ] GC(6) Pause Young (Prepare Mixed) (G1 Evacuation Pause) 73M->31M(1024M) 9.757ms
[2025-04-27T13:38:21.221+0800][gc,cpu      ] GC(6) User=0.05s Sys=0.00s Real=0.01s
[2025-04-27T13:39:19.650+0800][gc,start    ] GC(7) Pause Young (Mixed) (G1 Evacuation Pause)
[2025-04-27T13:39:19.651+0800][gc,task     ] GC(7) Using 8 workers of 8 for evacuation
[2025-04-27T13:39:19.660+0800][gc,phases   ] GC(7)   Pre Evacuate Collection Set: 0.3ms
[2025-04-27T13:39:19.660+0800][gc,phases   ] GC(7)   Merge Heap Roots: 0.1ms
[2025-04-27T13:39:19.660+0800][gc,phases   ] GC(7)   Evacuate Collection Set: 7.1ms
[2025-04-27T13:39:19.661+0800][gc,phases   ] GC(7)   Post Evacuate Collection Set: 1.3ms
[2025-04-27T13:39:19.662+0800][gc,phases   ] GC(7)   Other: 0.7ms
[2025-04-27T13:39:19.662+0800][gc,heap     ] GC(7) Eden regions: 44->0(47)
[2025-04-27T13:39:19.662+0800][gc,heap     ] GC(7) Survivor regions: 7->4(7)
[2025-04-27T13:39:19.662+0800][gc,heap     ] GC(7) Old regions: 15->22
[2025-04-27T13:39:19.663+0800][gc,heap     ] GC(7) Archive regions: 2->2
[2025-04-27T13:39:19.663+0800][gc,heap     ] GC(7) Humongous regions: 156->138
[2025-04-27T13:39:19.663+0800][gc,metaspace] GC(7) Metaspace: 47047K(48000K)->47047K(48000K) NonClass: 41427K(41920K)->41427K(41920K) Class: 5620K(6080K)->5620K(6080K)
[2025-04-27T13:39:19.663+0800][gc          ] GC(7) Pause Young (Mixed) (G1 Evacuation Pause) 222M->163M(1024M) 13.241ms
[2025-04-27T13:39:19.664+0800][gc,cpu      ] GC(7) User=0.04s Sys=0.02s Real=0.02s
[2025-04-27T13:44:02.611+0800][gc,start    ] GC(8) Pause Young (Normal) (G1 Evacuation Pause)
[2025-04-27T13:44:02.612+0800][gc,task     ] GC(8) Using 8 workers of 8 for evacuation
[2025-04-27T13:44:02.618+0800][gc,phases   ] GC(8)   Pre Evacuate Collection Set: 0.5ms
[2025-04-27T13:44:02.618+0800][gc,phases   ] GC(8)   Merge Heap Roots: 0.2ms
[2025-04-27T13:44:02.618+0800][gc,phases   ] GC(8)   Evacuate Collection Set: 3.7ms
[2025-04-27T13:44:02.619+0800][gc,phases   ] GC(8)   Post Evacuate Collection Set: 1.0ms
[2025-04-27T13:44:02.619+0800][gc,phases   ] GC(8)   Other: 1.3ms
[2025-04-27T13:44:02.619+0800][gc,heap     ] GC(8) Eden regions: 47->0(45)
[2025-04-27T13:44:02.619+0800][gc,heap     ] GC(8) Survivor regions: 4->6(7)
[2025-04-27T13:44:02.620+0800][gc,heap     ] GC(8) Old regions: 22->22
[2025-04-27T13:44:02.620+0800][gc,heap     ] GC(8) Archive regions: 2->2
[2025-04-27T13:44:02.620+0800][gc,heap     ] GC(8) Humongous regions: 138->138
[2025-04-27T13:44:02.620+0800][gc,metaspace] GC(8) Metaspace: 48452K(49408K)->48452K(49408K) NonClass: 42807K(43264K)->42807K(43264K) Class: 5644K(6144K)->5644K(6144K)
[2025-04-27T13:44:02.621+0800][gc          ] GC(8) Pause Young (Normal) (G1 Evacuation Pause) 210M->165M(1024M) 9.607ms
[2025-04-27T13:44:02.621+0800][gc,cpu      ] GC(8) User=0.02s Sys=0.01s Real=0.01s
[2025-04-27T13:48:44.891+0800][gc,start    ] GC(9) Pause Young (Normal) (G1 Evacuation Pause)
[2025-04-27T13:48:44.892+0800][gc,task     ] GC(9) Using 8 workers of 8 for evacuation
[2025-04-27T13:48:44.904+0800][gc,phases   ] GC(9)   Pre Evacuate Collection Set: 0.6ms
[2025-04-27T13:48:44.905+0800][gc,phases   ] GC(9)   Merge Heap Roots: 0.4ms
[2025-04-27T13:48:44.905+0800][gc,phases   ] GC(9)   Evacuate Collection Set: 8.9ms
[2025-04-27T13:48:44.906+0800][gc,phases   ] GC(9)   Post Evacuate Collection Set: 1.6ms
[2025-04-27T13:48:44.906+0800][gc,phases   ] GC(9)   Other: 1.6ms
[2025-04-27T13:48:44.906+0800][gc,heap     ] GC(9) Eden regions: 45->0(52)
[2025-04-27T13:48:44.907+0800][gc,heap     ] GC(9) Survivor regions: 6->3(7)
[2025-04-27T13:48:44.907+0800][gc,heap     ] GC(9) Old regions: 22->25
[2025-04-27T13:48:44.907+0800][gc,heap     ] GC(9) Archive regions: 2->2
[2025-04-27T13:48:44.908+0800][gc,heap     ] GC(9) Humongous regions: 138->138
[2025-04-27T13:48:44.908+0800][gc,metaspace] GC(9) Metaspace: 48619K(49600K)->48619K(49600K) NonClass: 42962K(43456K)->42962K(43456K) Class: 5656K(6144K)->5656K(6144K)
[2025-04-27T13:48:44.909+0800][gc          ] GC(9) Pause Young (Normal) (G1 Evacuation Pause) 210M->166M(1024M) 17.598ms
[2025-04-27T13:48:44.909+0800][gc,cpu      ] GC(9) User=0.07s Sys=0.01s Real=0.02s
[2025-04-27T13:54:22.836+0800][gc,start    ] GC(10) Pause Young (Normal) (G1 Evacuation Pause)
[2025-04-27T13:54:22.836+0800][gc,task     ] GC(10) Using 8 workers of 8 for evacuation
[2025-04-27T13:54:22.843+0800][gc,phases   ] GC(10)   Pre Evacuate Collection Set: 0.5ms
[2025-04-27T13:54:22.843+0800][gc,phases   ] GC(10)   Merge Heap Roots: 0.2ms
[2025-04-27T13:54:22.843+0800][gc,phases   ] GC(10)   Evacuate Collection Set: 4.9ms
[2025-04-27T13:54:22.844+0800][gc,phases   ] GC(10)   Post Evacuate Collection Set: 1.0ms
[2025-04-27T13:54:22.844+0800][gc,phases   ] GC(10)   Other: 0.8ms
[2025-04-27T13:54:22.844+0800][gc,heap     ] GC(10) Eden regions: 52->0(50)
[2025-04-27T13:54:22.844+0800][gc,heap     ] GC(10) Survivor regions: 3->6(7)
[2025-04-27T13:54:22.845+0800][gc,heap     ] GC(10) Old regions: 25->25
[2025-04-27T13:54:22.845+0800][gc,heap     ] GC(10) Archive regions: 2->2
[2025-04-27T13:54:22.845+0800][gc,heap     ] GC(10) Humongous regions: 138->138
[2025-04-27T13:54:22.846+0800][gc,metaspace] GC(10) Metaspace: 48760K(49728K)->48760K(49728K) NonClass: 43103K(43584K)->43103K(43584K) Class: 5656K(6144K)->5656K(6144K)
[2025-04-27T13:54:22.846+0800][gc          ] GC(10) Pause Young (Normal) (G1 Evacuation Pause) 218M->168M(1024M) 10.130ms
[2025-04-27T13:54:22.846+0800][gc,cpu      ] GC(10) User=0.03s Sys=0.01s Real=0.01s
[2025-04-27T13:59:51.903+0800][gc,start    ] GC(11) Pause Young (Normal) (G1 Evacuation Pause)
[2025-04-27T13:59:51.903+0800][gc,task     ] GC(11) Using 8 workers of 8 for evacuation
[2025-04-27T13:59:51.908+0800][gc,phases   ] GC(11)   Pre Evacuate Collection Set: 0.8ms
[2025-04-27T13:59:51.909+0800][gc,phases   ] GC(11)   Merge Heap Roots: 0.2ms
[2025-04-27T13:59:51.909+0800][gc,phases   ] GC(11)   Evacuate Collection Set: 2.9ms
[2025-04-27T13:59:51.910+0800][gc,phases   ] GC(11)   Post Evacuate Collection Set: 0.9ms
[2025-04-27T13:59:51.910+0800][gc,phases   ] GC(11)   Other: 1.1ms
[2025-04-27T13:59:51.910+0800][gc,heap     ] GC(11) Eden regions: 50->0(122)
[2025-04-27T13:59:51.911+0800][gc,heap     ] GC(11) Survivor regions: 6->4(7)
[2025-04-27T13:59:51.911+0800][gc,heap     ] GC(11) Old regions: 25->27
[2025-04-27T13:59:51.912+0800][gc,heap     ] GC(11) Archive regions: 2->2
[2025-04-27T13:59:51.912+0800][gc,heap     ] GC(11) Humongous regions: 138->138
[2025-04-27T13:59:51.912+0800][gc,metaspace] GC(11) Metaspace: 48866K(49792K)->48866K(49792K) NonClass: 43209K(43648K)->43209K(43648K) Class: 5656K(6144K)->5656K(6144K)
[2025-04-27T13:59:51.913+0800][gc          ] GC(11) Pause Young (Normal) (G1 Evacuation Pause) 218M->169M(1024M) 10.163ms
[2025-04-27T13:59:51.913+0800][gc,cpu      ] GC(11) User=0.03s Sys=0.01s Real=0.02s
[2025-04-27T14:13:14.506+0800][gc,start    ] GC(12) Pause Young (Normal) (G1 Evacuation Pause)
[2025-04-27T14:13:14.507+0800][gc,task     ] GC(12) Using 8 workers of 8 for evacuation
[2025-04-27T14:13:14.518+0800][gc,phases   ] GC(12)   Pre Evacuate Collection Set: 0.8ms
[2025-04-27T14:13:14.519+0800][gc,phases   ] GC(12)   Merge Heap Roots: 0.3ms
[2025-04-27T14:13:14.520+0800][gc,phases   ] GC(12)   Evacuate Collection Set: 7.1ms
[2025-04-27T14:13:14.521+0800][gc,phases   ] GC(12)   Post Evacuate Collection Set: 0.9ms
[2025-04-27T14:13:14.521+0800][gc,phases   ] GC(12)   Other: 2.9ms
[2025-04-27T14:13:14.522+0800][gc,heap     ] GC(12) Eden regions: 118->0(99)
[2025-04-27T14:13:14.524+0800][gc,heap     ] GC(12) Survivor regions: 4->8(16)
[2025-04-27T14:13:14.524+0800][gc,heap     ] GC(12) Old regions: 27->27
[2025-04-27T14:13:14.525+0800][gc,heap     ] GC(12) Archive regions: 2->2
[2025-04-27T14:13:14.526+0800][gc,heap     ] GC(12) Humongous regions: 138->138
[2025-04-27T14:13:14.527+0800][gc,metaspace] GC(12) Metaspace: 48925K(49920K)->48925K(49920K) NonClass: 43266K(43776K)->43266K(43776K) Class: 5659K(6144K)->5659K(6144K)
[2025-04-27T14:13:14.528+0800][gc          ] GC(12) Pause Young (Normal) (G1 Evacuation Pause) 287M->172M(1024M) 22.029ms
[2025-04-27T14:13:14.529+0800][gc,cpu      ] GC(12) User=0.06s Sys=0.00s Real=0.02s
[2025-04-27T14:24:49.481+0800][gc,start    ] GC(13) Pause Young (Normal) (G1 Evacuation Pause)
[2025-04-27T14:24:49.483+0800][gc,task     ] GC(13) Using 8 workers of 8 for evacuation
[2025-04-27T14:24:49.493+0800][gc,phases   ] GC(13)   Pre Evacuate Collection Set: 0.9ms
[2025-04-27T14:24:49.494+0800][gc,phases   ] GC(13)   Merge Heap Roots: 0.2ms
[2025-04-27T14:24:49.495+0800][gc,phases   ] GC(13)   Evacuate Collection Set: 6.2ms
[2025-04-27T14:24:49.497+0800][gc,phases   ] GC(13)   Post Evacuate Collection Set: 1.1ms
[2025-04-27T14:24:49.497+0800][gc,phases   ] GC(13)   Other: 3.6ms
[2025-04-27T14:24:49.498+0800][gc,heap     ] GC(13) Eden regions: 99->0(152)
[2025-04-27T14:24:49.499+0800][gc,heap     ] GC(13) Survivor regions: 8->11(14)
[2025-04-27T14:24:49.500+0800][gc,heap     ] GC(13) Old regions: 27->27
[2025-04-27T14:24:49.501+0800][gc,heap     ] GC(13) Archive regions: 2->2
[2025-04-27T14:24:49.503+0800][gc,heap     ] GC(13) Humongous regions: 138->138
[2025-04-27T14:24:49.504+0800][gc,metaspace] GC(13) Metaspace: 48954K(49920K)->48954K(49920K) NonClass: 43295K(43776K)->43295K(43776K) Class: 5659K(6144K)->5659K(6144K)
[2025-04-27T14:24:49.505+0800][gc          ] GC(13) Pause Young (Normal) (G1 Evacuation Pause) 271M->176M(1024M) 23.362ms
[2025-04-27T14:24:49.506+0800][gc,cpu      ] GC(13) User=0.05s Sys=0.00s Real=0.03s
[2025-04-27T14:42:29.455+0800][gc,start    ] GC(14) Pause Young (Normal) (G1 Evacuation Pause)
[2025-04-27T14:42:29.457+0800][gc,task     ] GC(14) Using 8 workers of 8 for evacuation
[2025-04-27T14:42:29.474+0800][gc,phases   ] GC(14)   Pre Evacuate Collection Set: 0.5ms
[2025-04-27T14:42:29.475+0800][gc,phases   ] GC(14)   Merge Heap Roots: 0.4ms
[2025-04-27T14:42:29.476+0800][gc,phases   ] GC(14)   Evacuate Collection Set: 12.3ms
[2025-04-27T14:42:29.477+0800][gc,phases   ] GC(14)   Post Evacuate Collection Set: 1.2ms
[2025-04-27T14:42:29.478+0800][gc,phases   ] GC(14)   Other: 4.3ms
[2025-04-27T14:42:29.479+0800][gc,heap     ] GC(14) Eden regions: 152->0(94)
[2025-04-27T14:42:29.480+0800][gc,heap     ] GC(14) Survivor regions: 11->19(21)
[2025-04-27T14:42:29.481+0800][gc,heap     ] GC(14) Old regions: 27->27
[2025-04-27T14:42:29.482+0800][gc,heap     ] GC(14) Archive regions: 2->2
[2025-04-27T14:42:29.483+0800][gc,heap     ] GC(14) Humongous regions: 147->147
[2025-04-27T14:42:29.484+0800][gc,metaspace] GC(14) Metaspace: 49179K(50048K)->49179K(50048K) NonClass: 43487K(43904K)->43487K(43904K) Class: 5692K(6144K)->5692K(6144K)
[2025-04-27T14:42:29.485+0800][gc          ] GC(14) Pause Young (Normal) (G1 Evacuation Pause) 337M->192M(1024M) 29.809ms
[2025-04-27T14:42:29.486+0800][gc,cpu      ] GC(14) User=0.11s Sys=0.00s Real=0.03s
[2025-04-27T14:53:23.714+0800][gc,start    ] GC(15) Pause Young (Normal) (G1 Evacuation Pause)
[2025-04-27T14:53:23.715+0800][gc,task     ] GC(15) Using 8 workers of 8 for evacuation
[2025-04-27T14:53:23.737+0800][gc,mmu      ] GC(15) MMU target violated: 20.7ms (20.0ms/21.0ms)
[2025-04-27T14:53:23.738+0800][gc,phases   ] GC(15)   Pre Evacuate Collection Set: 0.4ms
[2025-04-27T14:53:23.739+0800][gc,phases   ] GC(15)   Merge Heap Roots: 0.2ms
[2025-04-27T14:53:23.740+0800][gc,phases   ] GC(15)   Evacuate Collection Set: 18.9ms
[2025-04-27T14:53:23.742+0800][gc,phases   ] GC(15)   Post Evacuate Collection Set: 1.3ms
[2025-04-27T14:53:23.743+0800][gc,phases   ] GC(15)   Other: 3.2ms
[2025-04-27T14:53:23.744+0800][gc,heap     ] GC(15) Eden regions: 91->0(295)
[2025-04-27T14:53:23.745+0800][gc,heap     ] GC(15) Survivor regions: 19->5(14)
[2025-04-27T14:53:23.746+0800][gc,heap     ] GC(15) Old regions: 27->42
[2025-04-27T14:53:23.747+0800][gc,heap     ] GC(15) Archive regions: 2->2
[2025-04-27T14:53:23.748+0800][gc,heap     ] GC(15) Humongous regions: 147->147
[2025-04-27T14:53:23.749+0800][gc,metaspace] GC(15) Metaspace: 49189K(50176K)->49189K(50176K) NonClass: 43497K(44032K)->43497K(44032K) Class: 5692K(6144K)->5692K(6144K)
[2025-04-27T14:53:23.750+0800][gc          ] GC(15) Pause Young (Normal) (G1 Evacuation Pause) 283M->193M(1024M) 35.658ms
[2025-04-27T14:53:23.751+0800][gc,cpu      ] GC(15) User=0.15s Sys=0.00s Real=0.03s
[2025-04-27T15:34:06.488+0800][gc,start    ] GC(16) Pause Young (Normal) (G1 Evacuation Pause)
[2025-04-27T15:34:06.490+0800][gc,task     ] GC(16) Using 8 workers of 8 for evacuation
[2025-04-27T15:34:06.547+0800][gc,mmu      ] GC(16) MMU target violated: 21.0ms (20.0ms/21.0ms)
[2025-04-27T15:34:06.548+0800][gc,phases   ] GC(16)   Pre Evacuate Collection Set: 4.3ms
[2025-04-27T15:34:06.548+0800][gc,phases   ] GC(16)   Merge Heap Roots: 0.9ms
[2025-04-27T15:34:06.549+0800][gc,phases   ] GC(16)   Evacuate Collection Set: 44.4ms
[2025-04-27T15:34:06.550+0800][gc,phases   ] GC(16)   Post Evacuate Collection Set: 4.0ms
[2025-04-27T15:34:06.550+0800][gc,phases   ] GC(16)   Other: 9.6ms
[2025-04-27T15:34:06.551+0800][gc,heap     ] GC(16) Eden regions: 295->0(49)
[2025-04-27T15:34:06.551+0800][gc,heap     ] GC(16) Survivor regions: 5->8(38)
[2025-04-27T15:34:06.552+0800][gc,heap     ] GC(16) Old regions: 42->42
[2025-04-27T15:34:06.552+0800][gc,heap     ] GC(16) Archive regions: 2->2
[2025-04-27T15:34:06.553+0800][gc,heap     ] GC(16) Humongous regions: 153->153
[2025-04-27T15:34:06.553+0800][gc,metaspace] GC(16) Metaspace: 50429K(51456K)->50429K(51456K) NonClass: 44463K(44992K)->44463K(44992K) Class: 5966K(6464K)->5966K(6464K)
[2025-04-27T15:34:06.553+0800][gc          ] GC(16) Pause Young (Normal) (G1 Evacuation Pause) 494M->202M(1024M) 66.286ms
[2025-04-27T15:34:06.554+0800][gc,cpu      ] GC(16) User=0.27s Sys=0.00s Real=0.07s
[2025-04-27T15:41:01.759+0800][gc,start    ] GC(17) Pause Young (Normal) (G1 Evacuation Pause)
[2025-04-27T15:41:01.773+0800][gc,task     ] GC(17) Using 8 workers of 8 for evacuation
[2025-04-27T15:41:01.900+0800][gc,mmu      ] GC(17) MMU target violated: 21.0ms (20.0ms/21.0ms)
[2025-04-27T15:41:01.918+0800][gc,phases   ] GC(17)   Pre Evacuate Collection Set: 10.5ms
[2025-04-27T15:41:01.953+0800][gc,phases   ] GC(17)   Merge Heap Roots: 0.3ms
[2025-04-27T15:41:01.986+0800][gc,phases   ] GC(17)   Evacuate Collection Set: 65.0ms
[2025-04-27T15:41:02.016+0800][gc,phases   ] GC(17)   Post Evacuate Collection Set: 30.6ms
[2025-04-27T15:41:02.026+0800][gc,phases   ] GC(17)   Other: 53.5ms
[2025-04-27T15:41:02.057+0800][gc,heap     ] GC(17) Eden regions: 49->0(49)
[2025-04-27T15:41:02.088+0800][gc,heap     ] GC(17) Survivor regions: 8->2(8)
[2025-04-27T15:41:02.110+0800][gc,heap     ] GC(17) Old regions: 42->49
[2025-04-27T15:41:02.135+0800][gc,heap     ] GC(17) Archive regions: 2->2
[2025-04-27T15:41:02.172+0800][gc,heap     ] GC(17) Humongous regions: 153->153
[2025-04-27T15:41:02.198+0800][gc,metaspace] GC(17) Metaspace: 50459K(51520K)->50459K(51520K) NonClass: 44488K(45056K)->44488K(45056K) Class: 5971K(6464K)->5971K(6464K)
[2025-04-27T15:41:02.219+0800][gc          ] GC(17) Pause Young (Normal) (G1 Evacuation Pause) 251M->204M(1024M) 460.522ms
[2025-04-27T15:41:02.235+0800][gc,cpu      ] GC(17) User=0.32s Sys=0.18s Real=0.48s
[2025-04-27T15:47:18.732+0800][gc,start    ] GC(18) Pause Young (Normal) (G1 Evacuation Pause)
[2025-04-27T15:47:18.733+0800][gc,task     ] GC(18) Using 8 workers of 8 for evacuation
[2025-04-27T15:47:18.749+0800][gc,phases   ] GC(18)   Pre Evacuate Collection Set: 1.7ms
[2025-04-27T15:47:18.749+0800][gc,phases   ] GC(18)   Merge Heap Roots: 0.7ms
[2025-04-27T15:47:18.750+0800][gc,phases   ] GC(18)   Evacuate Collection Set: 11.8ms
[2025-04-27T15:47:18.750+0800][gc,phases   ] GC(18)   Post Evacuate Collection Set: 0.9ms
[2025-04-27T15:47:18.750+0800][gc,phases   ] GC(18)   Other: 2.0ms
[2025-04-27T15:47:18.751+0800][gc,heap     ] GC(18) Eden regions: 49->0(47)
[2025-04-27T15:47:18.751+0800][gc,heap     ] GC(18) Survivor regions: 2->4(7)
[2025-04-27T15:47:18.751+0800][gc,heap     ] GC(18) Old regions: 49->49
[2025-04-27T15:47:18.751+0800][gc,heap     ] GC(18) Archive regions: 2->2
[2025-04-27T15:47:18.752+0800][gc,heap     ] GC(18) Humongous regions: 153->153
[2025-04-27T15:47:18.752+0800][gc,metaspace] GC(18) Metaspace: 50492K(51520K)->50492K(51520K) NonClass: 44521K(45056K)->44521K(45056K) Class: 5971K(6464K)->5971K(6464K)
[2025-04-27T15:47:18.752+0800][gc          ] GC(18) Pause Young (Normal) (G1 Evacuation Pause) 253M->206M(1024M) 20.202ms
[2025-04-27T15:47:18.752+0800][gc,cpu      ] GC(18) User=0.11s Sys=0.00s Real=0.02s
[2025-04-27T15:54:14.698+0800][gc,start    ] GC(19) Pause Young (Normal) (G1 Evacuation Pause)
[2025-04-27T15:54:14.704+0800][gc,task     ] GC(19) Using 8 workers of 8 for evacuation
[2025-04-27T15:54:14.712+0800][gc,phases   ] GC(19)   Pre Evacuate Collection Set: 0.4ms
[2025-04-27T15:54:14.714+0800][gc,phases   ] GC(19)   Merge Heap Roots: 0.1ms
[2025-04-27T15:54:14.715+0800][gc,phases   ] GC(19)   Evacuate Collection Set: 4.7ms
[2025-04-27T15:54:14.717+0800][gc,phases   ] GC(19)   Post Evacuate Collection Set: 0.7ms
[2025-04-27T15:54:14.719+0800][gc,phases   ] GC(19)   Other: 8.2ms
[2025-04-27T15:54:14.721+0800][gc,heap     ] GC(19) Eden regions: 47->0(47)
[2025-04-27T15:54:14.723+0800][gc,heap     ] GC(19) Survivor regions: 4->4(7)
[2025-04-27T15:54:14.725+0800][gc,heap     ] GC(19) Old regions: 49->50
[2025-04-27T15:54:14.726+0800][gc,heap     ] GC(19) Archive regions: 2->2
[2025-04-27T15:54:14.728+0800][gc,heap     ] GC(19) Humongous regions: 153->153
[2025-04-27T15:54:14.730+0800][gc,metaspace] GC(19) Metaspace: 50495K(51520K)->50495K(51520K) NonClass: 44523K(45056K)->44523K(45056K) Class: 5971K(6464K)->5971K(6464K)
[2025-04-27T15:54:14.732+0800][gc          ] GC(19) Pause Young (Normal) (G1 Evacuation Pause) 253M->206M(1024M) 33.800ms
[2025-04-27T15:54:14.734+0800][gc,cpu      ] GC(19) User=0.04s Sys=0.01s Real=0.04s
[2025-04-27T16:01:09.898+0800][gc,start    ] GC(20) Pause Young (Normal) (G1 Evacuation Pause)
[2025-04-27T16:01:09.900+0800][gc,task     ] GC(20) Using 8 workers of 8 for evacuation
[2025-04-27T16:01:09.914+0800][gc,phases   ] GC(20)   Pre Evacuate Collection Set: 1.2ms
[2025-04-27T16:01:09.916+0800][gc,phases   ] GC(20)   Merge Heap Roots: 0.4ms
[2025-04-27T16:01:09.917+0800][gc,phases   ] GC(20)   Evacuate Collection Set: 8.1ms
[2025-04-27T16:01:09.918+0800][gc,phases   ] GC(20)   Post Evacuate Collection Set: 1.0ms
[2025-04-27T16:01:09.919+0800][gc,phases   ] GC(20)   Other: 6.1ms
[2025-04-27T16:01:09.920+0800][gc,heap     ] GC(20) Eden regions: 47->0(47)
[2025-04-27T16:01:09.922+0800][gc,heap     ] GC(20) Survivor regions: 4->4(7)
[2025-04-27T16:01:09.923+0800][gc,heap     ] GC(20) Old regions: 50->50
[2025-04-27T16:01:09.925+0800][gc,heap     ] GC(20) Archive regions: 2->2
[2025-04-27T16:01:09.926+0800][gc,heap     ] GC(20) Humongous regions: 153->153
[2025-04-27T16:01:09.927+0800][gc,metaspace] GC(20) Metaspace: 50498K(51520K)->50498K(51520K) NonClass: 44527K(45056K)->44527K(45056K) Class: 5971K(6464K)->5971K(6464K)
[2025-04-27T16:01:09.929+0800][gc          ] GC(20) Pause Young (Normal) (G1 Evacuation Pause) 253M->206M(1024M) 31.012ms
[2025-04-27T16:01:09.930+0800][gc,cpu      ] GC(20) User=0.04s Sys=0.02s Real=0.03s
[2025-04-27T16:08:06.759+0800][gc,start    ] GC(21) Pause Young (Normal) (G1 Evacuation Pause)
[2025-04-27T16:08:06.762+0800][gc,task     ] GC(21) Using 8 workers of 8 for evacuation
[2025-04-27T16:08:06.773+0800][gc,phases   ] GC(21)   Pre Evacuate Collection Set: 0.6ms
[2025-04-27T16:08:06.775+0800][gc,phases   ] GC(21)   Merge Heap Roots: 0.2ms
[2025-04-27T16:08:06.776+0800][gc,phases   ] GC(21)   Evacuate Collection Set: 7.8ms
[2025-04-27T16:08:06.778+0800][gc,phases   ] GC(21)   Post Evacuate Collection Set: 0.6ms
[2025-04-27T16:08:06.779+0800][gc,phases   ] GC(21)   Other: 5.7ms
[2025-04-27T16:08:06.781+0800][gc,heap     ] GC(21) Eden regions: 47->0(72)
[2025-04-27T16:08:06.782+0800][gc,heap     ] GC(21) Survivor regions: 4->4(7)
[2025-04-27T16:08:06.783+0800][gc,heap     ] GC(21) Old regions: 50->50
[2025-04-27T16:08:06.784+0800][gc,heap     ] GC(21) Archive regions: 2->2
[2025-04-27T16:08:06.786+0800][gc,heap     ] GC(21) Humongous regions: 153->153
[2025-04-27T16:08:06.787+0800][gc,metaspace] GC(21) Metaspace: 50508K(51520K)->50508K(51520K) NonClass: 44537K(45056K)->44537K(45056K) Class: 5971K(6464K)->5971K(6464K)
[2025-04-27T16:08:06.788+0800][gc          ] GC(21) Pause Young (Normal) (G1 Evacuation Pause) 253M->207M(1024M) 29.671ms
[2025-04-27T16:08:06.790+0800][gc,cpu      ] GC(21) User=0.04s Sys=0.03s Real=0.03s
[2025-04-27T16:18:26.596+0800][gc,start    ] GC(22) Pause Young (Normal) (G1 Evacuation Pause)
[2025-04-27T16:18:26.598+0800][gc,task     ] GC(22) Using 8 workers of 8 for evacuation
[2025-04-27T16:18:26.619+0800][gc,phases   ] GC(22)   Pre Evacuate Collection Set: 1.1ms
[2025-04-27T16:18:26.620+0800][gc,phases   ] GC(22)   Merge Heap Roots: 0.8ms
[2025-04-27T16:18:26.622+0800][gc,phases   ] GC(22)   Evacuate Collection Set: 14.8ms
[2025-04-27T16:18:26.623+0800][gc,phases   ] GC(22)   Post Evacuate Collection Set: 1.1ms
[2025-04-27T16:18:26.625+0800][gc,phases   ] GC(22)   Other: 5.7ms
[2025-04-27T16:18:26.626+0800][gc,heap     ] GC(22) Eden regions: 72->0(87)
[2025-04-27T16:18:26.628+0800][gc,heap     ] GC(22) Survivor regions: 4->5(10)
[2025-04-27T16:18:26.629+0800][gc,heap     ] GC(22) Old regions: 50->50
[2025-04-27T16:18:26.630+0800][gc,heap     ] GC(22) Archive regions: 2->2
[2025-04-27T16:18:26.632+0800][gc,heap     ] GC(22) Humongous regions: 153->153
[2025-04-27T16:18:26.633+0800][gc,metaspace] GC(22) Metaspace: 50548K(51584K)->50548K(51584K) NonClass: 44577K(45120K)->44577K(45120K) Class: 5971K(6464K)->5971K(6464K)
[2025-04-27T16:18:26.634+0800][gc          ] GC(22) Pause Young (Normal) (G1 Evacuation Pause) 279M->208M(1024M) 38.187ms
[2025-04-27T16:18:26.635+0800][gc,cpu      ] GC(22) User=0.13s Sys=0.00s Real=0.04s
[2025-04-27T16:28:51.570+0800][gc,start    ] GC(23) Pause Young (Normal) (G1 Evacuation Pause)
[2025-04-27T16:28:51.571+0800][gc,task     ] GC(23) Using 8 workers of 8 for evacuation
[2025-04-27T16:28:51.586+0800][gc,phases   ] GC(23)   Pre Evacuate Collection Set: 0.9ms
[2025-04-27T16:28:51.587+0800][gc,phases   ] GC(23)   Merge Heap Roots: 0.4ms
[2025-04-27T16:28:51.588+0800][gc,phases   ] GC(23)   Evacuate Collection Set: 11.8ms
[2025-04-27T16:28:51.588+0800][gc,phases   ] GC(23)   Post Evacuate Collection Set: 1.2ms
[2025-04-27T16:28:51.589+0800][gc,phases   ] GC(23)   Other: 2.4ms
[2025-04-27T16:28:51.590+0800][gc,heap     ] GC(23) Eden regions: 87->0(98)
[2025-04-27T16:28:51.590+0800][gc,heap     ] GC(23) Survivor regions: 5->6(12)
[2025-04-27T16:28:51.591+0800][gc,heap     ] GC(23) Old regions: 50->50
[2025-04-27T16:28:51.591+0800][gc,heap     ] GC(23) Archive regions: 2->2
[2025-04-27T16:28:51.592+0800][gc,heap     ] GC(23) Humongous regions: 153->153
[2025-04-27T16:28:51.592+0800][gc,metaspace] GC(23) Metaspace: 50635K(51648K)->50635K(51648K) NonClass: 44653K(45184K)->44653K(45184K) Class: 5982K(6464K)->5982K(6464K)
[2025-04-27T16:28:51.593+0800][gc          ] GC(23) Pause Young (Normal) (G1 Evacuation Pause) 295M->208M(1024M) 23.143ms
[2025-04-27T16:28:51.594+0800][gc,cpu      ] GC(23) User=0.10s Sys=0.00s Real=0.03s
[2025-04-27T16:39:32.354+0800][gc,start    ] GC(24) Pause Young (Normal) (G1 Evacuation Pause)
[2025-04-27T16:39:32.357+0800][gc,task     ] GC(24) Using 8 workers of 8 for evacuation
[2025-04-27T16:39:32.380+0800][gc,phases   ] GC(24)   Pre Evacuate Collection Set: 1.0ms
[2025-04-27T16:39:32.381+0800][gc,phases   ] GC(24)   Merge Heap Roots: 1.0ms
[2025-04-27T16:39:32.383+0800][gc,phases   ] GC(24)   Evacuate Collection Set: 16.6ms
[2025-04-27T16:39:32.384+0800][gc,phases   ] GC(24)   Post Evacuate Collection Set: 1.3ms
[2025-04-27T16:39:32.384+0800][gc,phases   ] GC(24)   Other: 6.0ms
[2025-04-27T16:39:32.385+0800][gc,heap     ] GC(24) Eden regions: 98->0(50)
[2025-04-27T16:39:32.385+0800][gc,heap     ] GC(24) Survivor regions: 6->7(13)
[2025-04-27T16:39:32.386+0800][gc,heap     ] GC(24) Old regions: 50->50
[2025-04-27T16:39:32.386+0800][gc,heap     ] GC(24) Archive regions: 2->2
[2025-04-27T16:39:32.387+0800][gc,heap     ] GC(24) Humongous regions: 153->153
[2025-04-27T16:39:32.388+0800][gc,metaspace] GC(24) Metaspace: 50840K(51840K)->50840K(51840K) NonClass: 44813K(45312K)->44813K(45312K) Class: 6026K(6528K)->6026K(6528K)
[2025-04-27T16:39:32.388+0800][gc          ] GC(24) Pause Young (Normal) (G1 Evacuation Pause) 306M->210M(1024M) 33.799ms
[2025-04-27T16:39:32.389+0800][gc,cpu      ] GC(24) User=0.14s Sys=0.00s Real=0.03s
[2025-04-27T16:46:42.662+0800][gc,start    ] GC(25) Pause Young (Normal) (G1 Evacuation Pause)
[2025-04-27T16:46:42.663+0800][gc,task     ] GC(25) Using 8 workers of 8 for evacuation
[2025-04-27T16:46:42.675+0800][gc,phases   ] GC(25)   Pre Evacuate Collection Set: 0.5ms
[2025-04-27T16:46:42.676+0800][gc,phases   ] GC(25)   Merge Heap Roots: 0.4ms
[2025-04-27T16:46:42.676+0800][gc,phases   ] GC(25)   Evacuate Collection Set: 8.4ms
[2025-04-27T16:46:42.677+0800][gc,phases   ] GC(25)   Post Evacuate Collection Set: 2.5ms
[2025-04-27T16:46:42.677+0800][gc,phases   ] GC(25)   Other: 1.2ms
[2025-04-27T16:46:42.678+0800][gc,heap     ] GC(25) Eden regions: 50->0(252)
[2025-04-27T16:46:42.678+0800][gc,heap     ] GC(25) Survivor regions: 7->5(8)
[2025-04-27T16:46:42.679+0800][gc,heap     ] GC(25) Old regions: 50->53
[2025-04-27T16:46:42.679+0800][gc,heap     ] GC(25) Archive regions: 2->2
[2025-04-27T16:46:42.679+0800][gc,heap     ] GC(25) Humongous regions: 153->153
[2025-04-27T16:46:42.680+0800][gc,metaspace] GC(25) Metaspace: 50871K(51904K)->50871K(51904K) NonClass: 44844K(45376K)->44844K(45376K) Class: 6026K(6528K)->6026K(6528K)
[2025-04-27T16:46:42.680+0800][gc          ] GC(25) Pause Young (Normal) (G1 Evacuation Pause) 260M->210M(1024M) 17.897ms
[2025-04-27T16:46:42.681+0800][gc,cpu      ] GC(25) User=0.07s Sys=0.02s Real=0.02s
[2025-04-27T17:20:44.925+0800][gc,start    ] GC(26) Pause Young (Normal) (G1 Evacuation Pause)
[2025-04-27T17:20:44.925+0800][gc,task     ] GC(26) Using 8 workers of 8 for evacuation
[2025-04-27T17:20:44.947+0800][gc,mmu      ] GC(26) MMU target violated: 21.0ms (20.0ms/21.0ms)
[2025-04-27T17:20:44.948+0800][gc,phases   ] GC(26)   Pre Evacuate Collection Set: 0.9ms
[2025-04-27T17:20:44.948+0800][gc,phases   ] GC(26)   Merge Heap Roots: 0.7ms
[2025-04-27T17:20:44.949+0800][gc,phases   ] GC(26)   Evacuate Collection Set: 18.4ms
[2025-04-27T17:20:44.949+0800][gc,phases   ] GC(26)   Post Evacuate Collection Set: 1.8ms
[2025-04-27T17:20:44.949+0800][gc,phases   ] GC(26)   Other: 1.7ms
[2025-04-27T17:20:44.950+0800][gc,heap     ] GC(26) Eden regions: 252->0(128)
[2025-04-27T17:20:44.950+0800][gc,heap     ] GC(26) Survivor regions: 5->6(33)
[2025-04-27T17:20:44.951+0800][gc,heap     ] GC(26) Old regions: 53->53
[2025-04-27T17:20:44.951+0800][gc,heap     ] GC(26) Archive regions: 2->2
[2025-04-27T17:20:44.952+0800][gc,heap     ] GC(26) Humongous regions: 153->153
[2025-04-27T17:20:44.952+0800][gc,metaspace] GC(26) Metaspace: 51139K(52160K)->51139K(52160K) NonClass: 45113K(45632K)->45113K(45632K) Class: 6026K(6528K)->6026K(6528K)
[2025-04-27T17:20:44.953+0800][gc          ] GC(26) Pause Young (Normal) (G1 Evacuation Pause) 462M->211M(1024M) 28.137ms
[2025-04-27T17:20:44.953+0800][gc,cpu      ] GC(26) User=0.15s Sys=0.00s Real=0.03s
[2025-04-27T17:39:21.323+0800][gc,start    ] GC(27) Pause Young (Normal) (G1 Evacuation Pause)
[2025-04-27T17:39:21.324+0800][gc,task     ] GC(27) Using 8 workers of 8 for evacuation
[2025-04-27T17:39:21.334+0800][gc,phases   ] GC(27)   Pre Evacuate Collection Set: 0.5ms
[2025-04-27T17:39:21.334+0800][gc,phases   ] GC(27)   Merge Heap Roots: 0.4ms
[2025-04-27T17:39:21.335+0800][gc,phases   ] GC(27)   Evacuate Collection Set: 6.9ms
[2025-04-27T17:39:21.336+0800][gc,phases   ] GC(27)   Post Evacuate Collection Set: 1.5ms
[2025-04-27T17:39:21.336+0800][gc,phases   ] GC(27)   Other: 1.0ms
[2025-04-27T17:39:21.337+0800][gc,heap     ] GC(27) Eden regions: 128->0(216)
[2025-04-27T17:39:21.338+0800][gc,heap     ] GC(27) Survivor regions: 6->6(17)
[2025-04-27T17:39:21.338+0800][gc,heap     ] GC(27) Old regions: 53->53
[2025-04-27T17:39:21.339+0800][gc,heap     ] GC(27) Archive regions: 2->2
[2025-04-27T17:39:21.339+0800][gc,heap     ] GC(27) Humongous regions: 153->153
[2025-04-27T17:39:21.340+0800][gc,metaspace] GC(27) Metaspace: 51186K(52224K)->51186K(52224K) NonClass: 45156K(45696K)->45156K(45696K) Class: 6030K(6528K)->6030K(6528K)
[2025-04-27T17:39:21.340+0800][gc          ] GC(27) Pause Young (Normal) (G1 Evacuation Pause) 339M->211M(1024M) 17.091ms
[2025-04-27T17:39:21.341+0800][gc,cpu      ] GC(27) User=0.03s Sys=0.03s Real=0.01s
[2025-04-27T17:39:21.996+0800][gc,heap,exit] Heap
[2025-04-27T17:39:21.996+0800][gc,heap,exit]  garbage-first heap   total 1048576K, used 240769K [0x00000000c0000000, 0x0000000100000000)
[2025-04-27T17:39:21.996+0800][gc,heap,exit]   region size 1024K, 21 young (21504K), 6 survivors (6144K)
[2025-04-27T17:39:21.997+0800][gc,heap,exit]  Metaspace       used 51812K, committed 52800K, reserved 1114112K
[2025-04-27T17:39:21.997+0800][gc,heap,exit]   class space    used 6185K, committed 6656K, reserved 1048576K
