[2025-04-26T17:12:16.581+0800][gc] Using G1
[2025-04-26T17:12:16.587+0800][gc,init] Version: 17.0.15+6-LTS (release)
[2025-04-26T17:12:16.587+0800][gc,init] CPUs: 8 total, 8 available
[2025-04-26T17:12:16.588+0800][gc,init] Memory: 7805M
[2025-04-26T17:12:16.588+0800][gc,init] Large Page Support: Disabled
[2025-04-26T17:12:16.589+0800][gc,init] NUMA Support: Disabled
[2025-04-26T17:12:16.590+0800][gc,init] Compressed Oops: Enabled (32-bit)
[2025-04-26T17:12:16.590+0800][gc,init] Heap Region Size: 1M
[2025-04-26T17:12:16.591+0800][gc,init] Heap Min Capacity: 1G
[2025-04-26T17:12:16.591+0800][gc,init] Heap Initial Capacity: 1G
[2025-04-26T17:12:16.592+0800][gc,init] Heap Max Capacity: 1G
[2025-04-26T17:12:16.592+0800][gc,init] Pre-touch: Disabled
[2025-04-26T17:12:16.604+0800][gc,init] Parallel Workers: 8
[2025-04-26T17:12:16.604+0800][gc,init] Concurrent Workers: 2
[2025-04-26T17:12:16.605+0800][gc,init] Concurrent Refinement Workers: 8
[2025-04-26T17:12:16.605+0800][gc,init] Periodic GC: Disabled
[2025-04-26T17:12:16.612+0800][gc,metaspace] CDS archive(s) mapped at: [0x00007fa57f000000-0x00007fa57fbca000-0x00007fa57fbca000), size 12361728, SharedBaseAddress: 0x00007fa57f000000, ArchiveRelocationMode: 1.
[2025-04-26T17:12:16.613+0800][gc,metaspace] Compressed class space mapped at: 0x00007fa580000000-0x00007fa5c0000000, reserved size: 1073741824
[2025-04-26T17:12:16.613+0800][gc,metaspace] Narrow klass base: 0x00007fa57f000000, Narrow klass shift: 0, Narrow klass range: 0x100000000
[2025-04-26T17:12:19.747+0800][gc,start    ] GC(0) Pause Young (Normal) (G1 Evacuation Pause)
[2025-04-26T17:12:19.748+0800][gc,task     ] GC(0) Using 8 workers of 8 for evacuation
[2025-04-26T17:12:19.755+0800][gc,phases   ] GC(0)   Pre Evacuate Collection Set: 0.2ms
[2025-04-26T17:12:19.755+0800][gc,phases   ] GC(0)   Merge Heap Roots: 0.1ms
[2025-04-26T17:12:19.756+0800][gc,phases   ] GC(0)   Evacuate Collection Set: 5.5ms
[2025-04-26T17:12:19.756+0800][gc,phases   ] GC(0)   Post Evacuate Collection Set: 0.7ms
[2025-04-26T17:12:19.756+0800][gc,phases   ] GC(0)   Other: 1.6ms
[2025-04-26T17:12:19.757+0800][gc,heap     ] GC(0) Eden regions: 51->0(44)
[2025-04-26T17:12:19.757+0800][gc,heap     ] GC(0) Survivor regions: 0->7(7)
[2025-04-26T17:12:19.757+0800][gc,heap     ] GC(0) Old regions: 0->1
[2025-04-26T17:12:19.758+0800][gc,heap     ] GC(0) Archive regions: 2->2
[2025-04-26T17:12:19.758+0800][gc,heap     ] GC(0) Humongous regions: 0->0
[2025-04-26T17:12:19.758+0800][gc,metaspace] GC(0) Metaspace: 17041K(17280K)->17041K(17280K) NonClass: 14972K(15104K)->14972K(15104K) Class: 2069K(2176K)->2069K(2176K)
[2025-04-26T17:12:19.759+0800][gc          ] GC(0) Pause Young (Normal) (G1 Evacuation Pause) 51M->8M(1024M) 12.111ms
[2025-04-26T17:12:19.759+0800][gc,cpu      ] GC(0) User=0.04s Sys=0.01s Real=0.01s
[2025-04-26T17:12:20.160+0800][gc,start    ] GC(1) Pause Young (Concurrent Start) (Metadata GC Threshold)
[2025-04-26T17:12:20.160+0800][gc,task     ] GC(1) Using 8 workers of 8 for evacuation
[2025-04-26T17:12:20.172+0800][gc,phases   ] GC(1)   Pre Evacuate Collection Set: 0.4ms
[2025-04-26T17:12:20.172+0800][gc,phases   ] GC(1)   Merge Heap Roots: 0.2ms
[2025-04-26T17:12:20.172+0800][gc,phases   ] GC(1)   Evacuate Collection Set: 9.0ms
[2025-04-26T17:12:20.172+0800][gc,phases   ] GC(1)   Post Evacuate Collection Set: 1.2ms
[2025-04-26T17:12:20.172+0800][gc,phases   ] GC(1)   Other: 0.7ms
[2025-04-26T17:12:20.173+0800][gc,heap     ] GC(1) Eden regions: 14->0(49)
[2025-04-26T17:12:20.173+0800][gc,heap     ] GC(1) Survivor regions: 7->2(7)
[2025-04-26T17:12:20.173+0800][gc,heap     ] GC(1) Old regions: 1->8
[2025-04-26T17:12:20.173+0800][gc,heap     ] GC(1) Archive regions: 2->2
[2025-04-26T17:12:20.174+0800][gc,heap     ] GC(1) Humongous regions: 0->0
[2025-04-26T17:12:20.174+0800][gc,metaspace] GC(1) Metaspace: 21315K(21504K)->21315K(21504K) NonClass: 18668K(18752K)->18668K(18752K) Class: 2647K(2752K)->2647K(2752K)
[2025-04-26T17:12:20.174+0800][gc          ] GC(1) Pause Young (Concurrent Start) (Metadata GC Threshold) 22M->9M(1024M) 13.987ms
[2025-04-26T17:12:20.174+0800][gc,cpu      ] GC(1) User=0.01s Sys=0.06s Real=0.01s
[2025-04-26T17:12:20.174+0800][gc          ] GC(2) Concurrent Mark Cycle
[2025-04-26T17:12:20.175+0800][gc,marking  ] GC(2) Concurrent Clear Claimed Marks
[2025-04-26T17:12:20.176+0800][gc,marking  ] GC(2) Concurrent Clear Claimed Marks 1.086ms
[2025-04-26T17:12:20.176+0800][gc,marking  ] GC(2) Concurrent Scan Root Regions
[2025-04-26T17:12:20.180+0800][gc,marking  ] GC(2) Concurrent Scan Root Regions 3.636ms
[2025-04-26T17:12:20.180+0800][gc,marking  ] GC(2) Concurrent Mark
[2025-04-26T17:12:20.180+0800][gc,marking  ] GC(2) Concurrent Mark From Roots
[2025-04-26T17:12:20.181+0800][gc,task     ] GC(2) Using 2 workers of 2 for marking
[2025-04-26T17:12:20.184+0800][gc,marking  ] GC(2) Concurrent Mark From Roots 3.723ms
[2025-04-26T17:12:20.184+0800][gc,marking  ] GC(2) Concurrent Preclean
[2025-04-26T17:12:20.184+0800][gc,marking  ] GC(2) Concurrent Preclean 0.228ms
[2025-04-26T17:12:20.185+0800][gc,start    ] GC(2) Pause Remark
[2025-04-26T17:12:20.187+0800][gc          ] GC(2) Pause Remark 10M->10M(1024M) 2.540ms
[2025-04-26T17:12:20.188+0800][gc,cpu      ] GC(2) User=0.01s Sys=0.01s Real=0.01s
[2025-04-26T17:12:20.188+0800][gc,marking  ] GC(2) Concurrent Mark 8.249ms
[2025-04-26T17:12:20.189+0800][gc,marking  ] GC(2) Concurrent Rebuild Remembered Sets
[2025-04-26T17:12:20.192+0800][gc,marking  ] GC(2) Concurrent Rebuild Remembered Sets 3.640ms
[2025-04-26T17:12:20.193+0800][gc,start    ] GC(2) Pause Cleanup
[2025-04-26T17:12:20.193+0800][gc          ] GC(2) Pause Cleanup 10M->10M(1024M) 0.422ms
[2025-04-26T17:12:20.193+0800][gc,cpu      ] GC(2) User=0.00s Sys=0.00s Real=0.00s
[2025-04-26T17:12:20.194+0800][gc,marking  ] GC(2) Concurrent Cleanup for Next Mark
[2025-04-26T17:12:20.200+0800][gc,marking  ] GC(2) Concurrent Cleanup for Next Mark 6.531ms
[2025-04-26T17:12:20.201+0800][gc          ] GC(2) Concurrent Mark Cycle 26.470ms
[2025-04-26T17:12:21.584+0800][gc,start    ] GC(3) Pause Young (Normal) (G1 Evacuation Pause)
[2025-04-26T17:12:21.585+0800][gc,task     ] GC(3) Using 8 workers of 8 for evacuation
[2025-04-26T17:12:21.592+0800][gc,phases   ] GC(3)   Pre Evacuate Collection Set: 0.4ms
[2025-04-26T17:12:21.592+0800][gc,phases   ] GC(3)   Merge Heap Roots: 0.2ms
[2025-04-26T17:12:21.593+0800][gc,phases   ] GC(3)   Evacuate Collection Set: 5.0ms
[2025-04-26T17:12:21.593+0800][gc,phases   ] GC(3)   Post Evacuate Collection Set: 0.8ms
[2025-04-26T17:12:21.594+0800][gc,phases   ] GC(3)   Other: 0.9ms
[2025-04-26T17:12:21.595+0800][gc,heap     ] GC(3) Eden regions: 49->0(45)
[2025-04-26T17:12:21.595+0800][gc,heap     ] GC(3) Survivor regions: 2->6(7)
[2025-04-26T17:12:21.596+0800][gc,heap     ] GC(3) Old regions: 8->8
[2025-04-26T17:12:21.597+0800][gc,heap     ] GC(3) Archive regions: 2->2
[2025-04-26T17:12:21.597+0800][gc,heap     ] GC(3) Humongous regions: 1->1
[2025-04-26T17:12:21.598+0800][gc,metaspace] GC(3) Metaspace: 32719K(33088K)->32719K(33088K) NonClass: 28892K(29056K)->28892K(29056K) Class: 3826K(4032K)->3826K(4032K)
[2025-04-26T17:12:21.599+0800][gc          ] GC(3) Pause Young (Normal) (G1 Evacuation Pause) 59M->15M(1024M) 14.430ms
[2025-04-26T17:12:21.599+0800][gc,cpu      ] GC(3) User=0.03s Sys=0.01s Real=0.02s
[2025-04-26T17:12:21.884+0800][gc,start    ] GC(4) Pause Young (Concurrent Start) (GCLocker Initiated GC)
[2025-04-26T17:12:21.884+0800][gc,task     ] GC(4) Using 8 workers of 8 for evacuation
[2025-04-26T17:12:21.891+0800][gc,phases   ] GC(4)   Pre Evacuate Collection Set: 0.2ms
[2025-04-26T17:12:21.892+0800][gc,phases   ] GC(4)   Merge Heap Roots: 0.1ms
[2025-04-26T17:12:21.892+0800][gc,phases   ] GC(4)   Evacuate Collection Set: 5.6ms
[2025-04-26T17:12:21.892+0800][gc,phases   ] GC(4)   Post Evacuate Collection Set: 0.6ms
[2025-04-26T17:12:21.892+0800][gc,phases   ] GC(4)   Other: 0.6ms
[2025-04-26T17:12:21.893+0800][gc,heap     ] GC(4) Eden regions: 22->0(49)
[2025-04-26T17:12:21.893+0800][gc,heap     ] GC(4) Survivor regions: 6->2(7)
[2025-04-26T17:12:21.893+0800][gc,heap     ] GC(4) Old regions: 8->14
[2025-04-26T17:12:21.894+0800][gc,heap     ] GC(4) Archive regions: 2->2
[2025-04-26T17:12:21.894+0800][gc,heap     ] GC(4) Humongous regions: 12->12
[2025-04-26T17:12:21.894+0800][gc,metaspace] GC(4) Metaspace: 35517K(36032K)->35517K(36032K) NonClass: 31352K(31616K)->31352K(31616K) Class: 4164K(4416K)->4164K(4416K)
[2025-04-26T17:12:21.894+0800][gc          ] GC(4) Pause Young (Concurrent Start) (GCLocker Initiated GC) 47M->27M(1024M) 10.257ms
[2025-04-26T17:12:21.895+0800][gc,cpu      ] GC(4) User=0.05s Sys=0.00s Real=0.01s
[2025-04-26T17:12:21.895+0800][gc          ] GC(5) Concurrent Mark Cycle
[2025-04-26T17:12:21.895+0800][gc,marking  ] GC(5) Concurrent Clear Claimed Marks
[2025-04-26T17:12:21.895+0800][gc,marking  ] GC(5) Concurrent Clear Claimed Marks 0.226ms
[2025-04-26T17:12:21.896+0800][gc,marking  ] GC(5) Concurrent Scan Root Regions
[2025-04-26T17:12:21.899+0800][gc,marking  ] GC(5) Concurrent Scan Root Regions 3.104ms
[2025-04-26T17:12:21.899+0800][gc,marking  ] GC(5) Concurrent Mark
[2025-04-26T17:12:21.899+0800][gc,marking  ] GC(5) Concurrent Mark From Roots
[2025-04-26T17:12:21.899+0800][gc,task     ] GC(5) Using 2 workers of 2 for marking
[2025-04-26T17:12:21.907+0800][gc,marking  ] GC(5) Concurrent Mark From Roots 8.042ms
[2025-04-26T17:12:21.908+0800][gc,marking  ] GC(5) Concurrent Preclean
[2025-04-26T17:12:21.908+0800][gc,marking  ] GC(5) Concurrent Preclean 0.513ms
[2025-04-26T17:12:21.908+0800][gc,start    ] GC(5) Pause Remark
[2025-04-26T17:12:21.911+0800][gc          ] GC(5) Pause Remark 30M->30M(1024M) 2.141ms
[2025-04-26T17:12:21.911+0800][gc,cpu      ] GC(5) User=0.01s Sys=0.00s Real=0.00s
[2025-04-26T17:12:21.911+0800][gc,marking  ] GC(5) Concurrent Mark 12.250ms
[2025-04-26T17:12:21.911+0800][gc,marking  ] GC(5) Concurrent Rebuild Remembered Sets
[2025-04-26T17:12:21.919+0800][gc,marking  ] GC(5) Concurrent Rebuild Remembered Sets 7.739ms
[2025-04-26T17:12:21.920+0800][gc,start    ] GC(5) Pause Cleanup
[2025-04-26T17:12:21.920+0800][gc          ] GC(5) Pause Cleanup 32M->32M(1024M) 0.515ms
[2025-04-26T17:12:21.921+0800][gc,cpu      ] GC(5) User=0.01s Sys=0.00s Real=0.00s
[2025-04-26T17:12:21.921+0800][gc,marking  ] GC(5) Concurrent Cleanup for Next Mark
[2025-04-26T17:12:21.926+0800][gc,marking  ] GC(5) Concurrent Cleanup for Next Mark 5.197ms
[2025-04-26T17:12:21.927+0800][gc          ] GC(5) Concurrent Mark Cycle 32.181ms
[2025-04-26T17:12:22.521+0800][gc,start    ] GC(6) Pause Young (Normal) (G1 Evacuation Pause)
[2025-04-26T17:12:22.521+0800][gc,task     ] GC(6) Using 8 workers of 8 for evacuation
[2025-04-26T17:12:22.527+0800][gc,phases   ] GC(6)   Pre Evacuate Collection Set: 0.2ms
[2025-04-26T17:12:22.528+0800][gc,phases   ] GC(6)   Merge Heap Roots: 0.1ms
[2025-04-26T17:12:22.528+0800][gc,phases   ] GC(6)   Evacuate Collection Set: 4.2ms
[2025-04-26T17:12:22.528+0800][gc,phases   ] GC(6)   Post Evacuate Collection Set: 0.9ms
[2025-04-26T17:12:22.529+0800][gc,phases   ] GC(6)   Other: 0.8ms
[2025-04-26T17:12:22.529+0800][gc,heap     ] GC(6) Eden regions: 49->0(44)
[2025-04-26T17:12:22.530+0800][gc,heap     ] GC(6) Survivor regions: 2->7(7)
[2025-04-26T17:12:22.530+0800][gc,heap     ] GC(6) Old regions: 14->14
[2025-04-26T17:12:22.530+0800][gc,heap     ] GC(6) Archive regions: 2->2
[2025-04-26T17:12:22.531+0800][gc,heap     ] GC(6) Humongous regions: 12->10
[2025-04-26T17:12:22.531+0800][gc,metaspace] GC(6) Metaspace: 42066K(42752K)->42066K(42752K) NonClass: 37130K(37504K)->37130K(37504K) Class: 4936K(5248K)->4936K(5248K)
[2025-04-26T17:12:22.531+0800][gc          ] GC(6) Pause Young (Normal) (G1 Evacuation Pause) 76M->31M(1024M) 10.699ms
[2025-04-26T17:12:22.532+0800][gc,cpu      ] GC(6) User=0.02s Sys=0.00s Real=0.01s
[2025-04-26T17:14:55.530+0800][gc,heap,exit] Heap
[2025-04-26T17:14:55.530+0800][gc,heap,exit]  garbage-first heap   total 1048576K, used 208381K [0x00000000c0000000, 0x0000000100000000)
[2025-04-26T17:14:55.531+0800][gc,heap,exit]   region size 1024K, 50 young (51200K), 7 survivors (7168K)
[2025-04-26T17:14:55.531+0800][gc,heap,exit]  Metaspace       used 46503K, committed 47424K, reserved 1114112K
[2025-04-26T17:14:55.532+0800][gc,heap,exit]   class space    used 5676K, committed 6144K, reserved 1048576K
