[2025-04-26T21:01:14.472+0800][gc] Using G1
[2025-04-26T21:01:14.481+0800][gc,init] Version: 17.0.15+6-LTS (release)
[2025-04-26T21:01:14.482+0800][gc,init] CPUs: 8 total, 8 available
[2025-04-26T21:01:14.482+0800][gc,init] Memory: 7805M
[2025-04-26T21:01:14.482+0800][gc,init] Large Page Support: Disabled
[2025-04-26T21:01:14.483+0800][gc,init] NUMA Support: Disabled
[2025-04-26T21:01:14.483+0800][gc,init] Compressed Oops: Enabled (32-bit)
[2025-04-26T21:01:14.484+0800][gc,init] Heap Region Size: 1M
[2025-04-26T21:01:14.485+0800][gc,init] Heap Min Capacity: 1G
[2025-04-26T21:01:14.485+0800][gc,init] Heap Initial Capacity: 1G
[2025-04-26T21:01:14.486+0800][gc,init] Heap Max Capacity: 1G
[2025-04-26T21:01:14.486+0800][gc,init] Pre-touch: Disabled
[2025-04-26T21:01:14.487+0800][gc,init] Parallel Workers: 8
[2025-04-26T21:01:14.488+0800][gc,init] Concurrent Workers: 2
[2025-04-26T21:01:14.488+0800][gc,init] Concurrent Refinement Workers: 8
[2025-04-26T21:01:14.489+0800][gc,init] Periodic GC: Disabled
[2025-04-26T21:01:14.495+0800][gc,metaspace] CDS archive(s) mapped at: [0x00007f7f6f000000-0x00007f7f6fbca000-0x00007f7f6fbca000), size 12361728, SharedBaseAddress: 0x00007f7f6f000000, ArchiveRelocationMode: 1.
[2025-04-26T21:01:14.495+0800][gc,metaspace] Compressed class space mapped at: 0x00007f7f70000000-0x00007f7fb0000000, reserved size: 1073741824
[2025-04-26T21:01:14.496+0800][gc,metaspace] Narrow klass base: 0x00007f7f6f000000, Narrow klass shift: 0, Narrow klass range: 0x100000000
[2025-04-26T21:01:18.234+0800][gc,start    ] GC(0) Pause Young (Normal) (G1 Evacuation Pause)
[2025-04-26T21:01:18.236+0800][gc,task     ] GC(0) Using 8 workers of 8 for evacuation
[2025-04-26T21:01:18.245+0800][gc,phases   ] GC(0)   Pre Evacuate Collection Set: 0.5ms
[2025-04-26T21:01:18.245+0800][gc,phases   ] GC(0)   Merge Heap Roots: 0.4ms
[2025-04-26T21:01:18.245+0800][gc,phases   ] GC(0)   Evacuate Collection Set: 6.0ms
[2025-04-26T21:01:18.246+0800][gc,phases   ] GC(0)   Post Evacuate Collection Set: 1.3ms
[2025-04-26T21:01:18.246+0800][gc,phases   ] GC(0)   Other: 2.0ms
[2025-04-26T21:01:18.247+0800][gc,heap     ] GC(0) Eden regions: 51->0(44)
[2025-04-26T21:01:18.247+0800][gc,heap     ] GC(0) Survivor regions: 0->7(7)
[2025-04-26T21:01:18.248+0800][gc,heap     ] GC(0) Old regions: 0->1
[2025-04-26T21:01:18.248+0800][gc,heap     ] GC(0) Archive regions: 2->2
[2025-04-26T21:01:18.249+0800][gc,heap     ] GC(0) Humongous regions: 0->0
[2025-04-26T21:01:18.249+0800][gc,metaspace] GC(0) Metaspace: 17083K(17280K)->17083K(17280K) NonClass: 15006K(15104K)->15006K(15104K) Class: 2076K(2176K)->2076K(2176K)
[2025-04-26T21:01:18.250+0800][gc          ] GC(0) Pause Young (Normal) (G1 Evacuation Pause) 51M->8M(1024M) 15.233ms
[2025-04-26T21:01:18.250+0800][gc,cpu      ] GC(0) User=0.03s Sys=0.02s Real=0.02s
[2025-04-26T21:01:18.634+0800][gc,start    ] GC(1) Pause Young (Concurrent Start) (Metadata GC Threshold)
[2025-04-26T21:01:18.634+0800][gc,task     ] GC(1) Using 8 workers of 8 for evacuation
[2025-04-26T21:01:18.639+0800][gc,phases   ] GC(1)   Pre Evacuate Collection Set: 0.2ms
[2025-04-26T21:01:18.639+0800][gc,phases   ] GC(1)   Merge Heap Roots: 0.1ms
[2025-04-26T21:01:18.640+0800][gc,phases   ] GC(1)   Evacuate Collection Set: 3.5ms
[2025-04-26T21:01:18.640+0800][gc,phases   ] GC(1)   Post Evacuate Collection Set: 0.6ms
[2025-04-26T21:01:18.641+0800][gc,phases   ] GC(1)   Other: 0.8ms
[2025-04-26T21:01:18.641+0800][gc,heap     ] GC(1) Eden regions: 14->0(49)
[2025-04-26T21:01:18.641+0800][gc,heap     ] GC(1) Survivor regions: 7->2(7)
[2025-04-26T21:01:18.642+0800][gc,heap     ] GC(1) Old regions: 1->8
[2025-04-26T21:01:18.642+0800][gc,heap     ] GC(1) Archive regions: 2->2
[2025-04-26T21:01:18.642+0800][gc,heap     ] GC(1) Humongous regions: 0->0
[2025-04-26T21:01:18.643+0800][gc,metaspace] GC(1) Metaspace: 21296K(21504K)->21296K(21504K) NonClass: 18662K(18752K)->18662K(18752K) Class: 2633K(2752K)->2633K(2752K)
[2025-04-26T21:01:18.643+0800][gc          ] GC(1) Pause Young (Concurrent Start) (Metadata GC Threshold) 22M->9M(1024M) 9.309ms
[2025-04-26T21:01:18.643+0800][gc,cpu      ] GC(1) User=0.01s Sys=0.01s Real=0.01s
[2025-04-26T21:01:18.644+0800][gc          ] GC(2) Concurrent Mark Cycle
[2025-04-26T21:01:18.644+0800][gc,marking  ] GC(2) Concurrent Clear Claimed Marks
[2025-04-26T21:01:18.644+0800][gc,marking  ] GC(2) Concurrent Clear Claimed Marks 0.270ms
[2025-04-26T21:01:18.645+0800][gc,marking  ] GC(2) Concurrent Scan Root Regions
[2025-04-26T21:01:18.647+0800][gc,marking  ] GC(2) Concurrent Scan Root Regions 2.685ms
[2025-04-26T21:01:18.648+0800][gc,marking  ] GC(2) Concurrent Mark
[2025-04-26T21:01:18.648+0800][gc,marking  ] GC(2) Concurrent Mark From Roots
[2025-04-26T21:01:18.649+0800][gc,task     ] GC(2) Using 2 workers of 2 for marking
[2025-04-26T21:01:18.651+0800][gc,marking  ] GC(2) Concurrent Mark From Roots 2.957ms
[2025-04-26T21:01:18.651+0800][gc,marking  ] GC(2) Concurrent Preclean
[2025-04-26T21:01:18.652+0800][gc,marking  ] GC(2) Concurrent Preclean 0.463ms
[2025-04-26T21:01:18.652+0800][gc,start    ] GC(2) Pause Remark
[2025-04-26T21:01:18.655+0800][gc          ] GC(2) Pause Remark 10M->10M(1024M) 2.636ms
[2025-04-26T21:01:18.655+0800][gc,cpu      ] GC(2) User=0.01s Sys=0.00s Real=0.00s
[2025-04-26T21:01:18.656+0800][gc,marking  ] GC(2) Concurrent Mark 8.148ms
[2025-04-26T21:01:18.656+0800][gc,marking  ] GC(2) Concurrent Rebuild Remembered Sets
[2025-04-26T21:01:18.660+0800][gc,marking  ] GC(2) Concurrent Rebuild Remembered Sets 3.513ms
[2025-04-26T21:01:18.660+0800][gc,start    ] GC(2) Pause Cleanup
[2025-04-26T21:01:18.661+0800][gc          ] GC(2) Pause Cleanup 10M->10M(1024M) 0.561ms
[2025-04-26T21:01:18.661+0800][gc,cpu      ] GC(2) User=0.00s Sys=0.00s Real=0.00s
[2025-04-26T21:01:18.662+0800][gc,marking  ] GC(2) Concurrent Cleanup for Next Mark
[2025-04-26T21:01:18.664+0800][gc,marking  ] GC(2) Concurrent Cleanup for Next Mark 2.136ms
[2025-04-26T21:01:18.664+0800][gc          ] GC(2) Concurrent Mark Cycle 20.183ms
[2025-04-26T21:01:20.327+0800][gc,start    ] GC(3) Pause Young (Normal) (G1 Evacuation Pause)
[2025-04-26T21:01:20.328+0800][gc,task     ] GC(3) Using 8 workers of 8 for evacuation
[2025-04-26T21:01:20.333+0800][gc,phases   ] GC(3)   Pre Evacuate Collection Set: 0.2ms
[2025-04-26T21:01:20.333+0800][gc,phases   ] GC(3)   Merge Heap Roots: 0.2ms
[2025-04-26T21:01:20.334+0800][gc,phases   ] GC(3)   Evacuate Collection Set: 3.5ms
[2025-04-26T21:01:20.334+0800][gc,phases   ] GC(3)   Post Evacuate Collection Set: 0.8ms
[2025-04-26T21:01:20.335+0800][gc,phases   ] GC(3)   Other: 0.8ms
[2025-04-26T21:01:20.335+0800][gc,heap     ] GC(3) Eden regions: 49->0(45)
[2025-04-26T21:01:20.335+0800][gc,heap     ] GC(3) Survivor regions: 2->6(7)
[2025-04-26T21:01:20.336+0800][gc,heap     ] GC(3) Old regions: 8->8
[2025-04-26T21:01:20.336+0800][gc,heap     ] GC(3) Archive regions: 2->2
[2025-04-26T21:01:20.336+0800][gc,heap     ] GC(3) Humongous regions: 1->1
[2025-04-26T21:01:20.337+0800][gc,metaspace] GC(3) Metaspace: 32729K(33152K)->32729K(33152K) NonClass: 28901K(29120K)->28901K(29120K) Class: 3828K(4032K)->3828K(4032K)
[2025-04-26T21:01:20.337+0800][gc          ] GC(3) Pause Young (Normal) (G1 Evacuation Pause) 59M->15M(1024M) 10.000ms
[2025-04-26T21:01:20.338+0800][gc,cpu      ] GC(3) User=0.01s Sys=0.03s Real=0.02s
[2025-04-26T21:01:20.668+0800][gc,start    ] GC(4) Pause Young (Concurrent Start) (Metadata GC Threshold)
[2025-04-26T21:01:20.668+0800][gc,task     ] GC(4) Using 8 workers of 8 for evacuation
[2025-04-26T21:01:20.674+0800][gc,phases   ] GC(4)   Pre Evacuate Collection Set: 0.2ms
[2025-04-26T21:01:20.674+0800][gc,phases   ] GC(4)   Merge Heap Roots: 0.1ms
[2025-04-26T21:01:20.674+0800][gc,phases   ] GC(4)   Evacuate Collection Set: 4.6ms
[2025-04-26T21:01:20.675+0800][gc,phases   ] GC(4)   Post Evacuate Collection Set: 0.6ms
[2025-04-26T21:01:20.675+0800][gc,phases   ] GC(4)   Other: 0.6ms
[2025-04-26T21:01:20.675+0800][gc,heap     ] GC(4) Eden regions: 24->0(49)
[2025-04-26T21:01:20.675+0800][gc,heap     ] GC(4) Survivor regions: 6->2(7)
[2025-04-26T21:01:20.675+0800][gc,heap     ] GC(4) Old regions: 8->14
[2025-04-26T21:01:20.676+0800][gc,heap     ] GC(4) Archive regions: 2->2
[2025-04-26T21:01:20.676+0800][gc,heap     ] GC(4) Humongous regions: 12->11
[2025-04-26T21:01:20.676+0800][gc,metaspace] GC(4) Metaspace: 35484K(35968K)->35484K(35968K) NonClass: 31328K(31552K)->31328K(31552K) Class: 4156K(4416K)->4156K(4416K)
[2025-04-26T21:01:20.677+0800][gc          ] GC(4) Pause Young (Concurrent Start) (Metadata GC Threshold) 49M->26M(1024M) 9.091ms
[2025-04-26T21:01:20.677+0800][gc,cpu      ] GC(4) User=0.03s Sys=0.00s Real=0.00s
[2025-04-26T21:01:20.677+0800][gc          ] GC(5) Concurrent Mark Cycle
[2025-04-26T21:01:20.677+0800][gc,marking  ] GC(5) Concurrent Clear Claimed Marks
[2025-04-26T21:01:20.678+0800][gc,marking  ] GC(5) Concurrent Clear Claimed Marks 0.272ms
[2025-04-26T21:01:20.678+0800][gc,marking  ] GC(5) Concurrent Scan Root Regions
[2025-04-26T21:01:20.680+0800][gc,marking  ] GC(5) Concurrent Scan Root Regions 2.530ms
[2025-04-26T21:01:20.681+0800][gc,marking  ] GC(5) Concurrent Mark
[2025-04-26T21:01:20.681+0800][gc,marking  ] GC(5) Concurrent Mark From Roots
[2025-04-26T21:01:20.681+0800][gc,task     ] GC(5) Using 2 workers of 2 for marking
[2025-04-26T21:01:20.688+0800][gc,marking  ] GC(5) Concurrent Mark From Roots 6.722ms
[2025-04-26T21:01:20.688+0800][gc,marking  ] GC(5) Concurrent Preclean
[2025-04-26T21:01:20.689+0800][gc,marking  ] GC(5) Concurrent Preclean 0.647ms
[2025-04-26T21:01:20.689+0800][gc,start    ] GC(5) Pause Remark
[2025-04-26T21:01:20.691+0800][gc          ] GC(5) Pause Remark 27M->27M(1024M) 2.036ms
[2025-04-26T21:01:20.691+0800][gc,cpu      ] GC(5) User=0.01s Sys=0.00s Real=0.00s
[2025-04-26T21:01:20.692+0800][gc,marking  ] GC(5) Concurrent Mark 10.956ms
[2025-04-26T21:01:20.692+0800][gc,marking  ] GC(5) Concurrent Rebuild Remembered Sets
[2025-04-26T21:01:20.697+0800][gc,marking  ] GC(5) Concurrent Rebuild Remembered Sets 4.791ms
[2025-04-26T21:01:20.697+0800][gc,start    ] GC(5) Pause Cleanup
[2025-04-26T21:01:20.697+0800][gc          ] GC(5) Pause Cleanup 28M->28M(1024M) 0.394ms
[2025-04-26T21:01:20.698+0800][gc,cpu      ] GC(5) User=0.02s Sys=0.00s Real=0.01s
[2025-04-26T21:01:20.698+0800][gc,marking  ] GC(5) Concurrent Cleanup for Next Mark
[2025-04-26T21:01:20.704+0800][gc,marking  ] GC(5) Concurrent Cleanup for Next Mark 5.979ms
[2025-04-26T21:01:20.704+0800][gc          ] GC(5) Concurrent Mark Cycle 27.008ms
[2025-04-26T21:01:21.356+0800][gc,start    ] GC(6) Pause Young (Normal) (G1 Evacuation Pause)
[2025-04-26T21:01:21.356+0800][gc,task     ] GC(6) Using 8 workers of 8 for evacuation
[2025-04-26T21:01:21.363+0800][gc,phases   ] GC(6)   Pre Evacuate Collection Set: 0.3ms
[2025-04-26T21:01:21.364+0800][gc,phases   ] GC(6)   Merge Heap Roots: 0.2ms
[2025-04-26T21:01:21.364+0800][gc,phases   ] GC(6)   Evacuate Collection Set: 4.6ms
[2025-04-26T21:01:21.365+0800][gc,phases   ] GC(6)   Post Evacuate Collection Set: 1.6ms
[2025-04-26T21:01:21.365+0800][gc,phases   ] GC(6)   Other: 0.8ms
[2025-04-26T21:01:21.365+0800][gc,heap     ] GC(6) Eden regions: 49->0(44)
[2025-04-26T21:01:21.365+0800][gc,heap     ] GC(6) Survivor regions: 2->7(7)
[2025-04-26T21:01:21.365+0800][gc,heap     ] GC(6) Old regions: 14->14
[2025-04-26T21:01:21.366+0800][gc,heap     ] GC(6) Archive regions: 2->2
[2025-04-26T21:01:21.366+0800][gc,heap     ] GC(6) Humongous regions: 11->10
[2025-04-26T21:01:21.366+0800][gc,metaspace] GC(6) Metaspace: 42366K(43136K)->42366K(43136K) NonClass: 37371K(37760K)->37371K(37760K) Class: 4994K(5376K)->4994K(5376K)
[2025-04-26T21:01:21.367+0800][gc          ] GC(6) Pause Young (Normal) (G1 Evacuation Pause) 75M->31M(1024M) 10.610ms
[2025-04-26T21:01:21.367+0800][gc,cpu      ] GC(6) User=0.07s Sys=0.00s Real=0.01s
[2025-04-26T21:07:09.087+0800][gc,start    ] GC(7) Pause Young (Normal) (G1 Evacuation Pause)
[2025-04-26T21:07:09.088+0800][gc,task     ] GC(7) Using 8 workers of 8 for evacuation
[2025-04-26T21:07:09.102+0800][gc,phases   ] GC(7)   Pre Evacuate Collection Set: 1.0ms
[2025-04-26T21:07:09.102+0800][gc,phases   ] GC(7)   Merge Heap Roots: 0.4ms
[2025-04-26T21:07:09.103+0800][gc,phases   ] GC(7)   Evacuate Collection Set: 9.9ms
[2025-04-26T21:07:09.104+0800][gc,phases   ] GC(7)   Post Evacuate Collection Set: 1.3ms
[2025-04-26T21:07:09.105+0800][gc,phases   ] GC(7)   Other: 2.4ms
[2025-04-26T21:07:09.105+0800][gc,heap     ] GC(7) Eden regions: 44->0(48)
[2025-04-26T21:07:09.106+0800][gc,heap     ] GC(7) Survivor regions: 7->3(7)
[2025-04-26T21:07:09.107+0800][gc,heap     ] GC(7) Old regions: 14->21
[2025-04-26T21:07:09.107+0800][gc,heap     ] GC(7) Archive regions: 2->2
[2025-04-26T21:07:09.108+0800][gc,heap     ] GC(7) Humongous regions: 139->139
[2025-04-26T21:07:09.109+0800][gc,metaspace] GC(7) Metaspace: 46139K(47040K)->46139K(47040K) NonClass: 40628K(41088K)->40628K(41088K) Class: 5510K(5952K)->5510K(5952K)
[2025-04-26T21:07:09.109+0800][gc          ] GC(7) Pause Young (Normal) (G1 Evacuation Pause) 204M->163M(1024M) 22.452ms
[2025-04-26T21:07:09.110+0800][gc,cpu      ] GC(7) User=0.01s Sys=0.09s Real=0.03s
[2025-04-26T21:10:41.592+0800][gc,start    ] GC(8) Pause Young (Normal) (G1 Evacuation Pause)
[2025-04-26T21:10:41.593+0800][gc,task     ] GC(8) Using 8 workers of 8 for evacuation
[2025-04-26T21:10:41.603+0800][gc,phases   ] GC(8)   Pre Evacuate Collection Set: 0.5ms
[2025-04-26T21:10:41.603+0800][gc,phases   ] GC(8)   Merge Heap Roots: 0.3ms
[2025-04-26T21:10:41.604+0800][gc,phases   ] GC(8)   Evacuate Collection Set: 6.8ms
[2025-04-26T21:10:41.604+0800][gc,phases   ] GC(8)   Post Evacuate Collection Set: 1.0ms
[2025-04-26T21:10:41.605+0800][gc,phases   ] GC(8)   Other: 2.1ms
[2025-04-26T21:10:41.605+0800][gc,heap     ] GC(8) Eden regions: 48->0(46)
[2025-04-26T21:10:41.606+0800][gc,heap     ] GC(8) Survivor regions: 3->5(7)
[2025-04-26T21:10:41.606+0800][gc,heap     ] GC(8) Old regions: 21->21
[2025-04-26T21:10:41.607+0800][gc,heap     ] GC(8) Archive regions: 2->2
[2025-04-26T21:10:41.608+0800][gc,heap     ] GC(8) Humongous regions: 143->143
[2025-04-26T21:10:41.608+0800][gc,metaspace] GC(8) Metaspace: 49009K(49984K)->49009K(49984K) NonClass: 43131K(43648K)->43131K(43648K) Class: 5877K(6336K)->5877K(6336K)
[2025-04-26T21:10:41.609+0800][gc          ] GC(8) Pause Young (Normal) (G1 Evacuation Pause) 215M->168M(1024M) 16.841ms
[2025-04-26T21:10:41.610+0800][gc,cpu      ] GC(8) User=0.04s Sys=0.00s Real=0.02s
[2025-04-26T21:15:35.698+0800][gc,start    ] GC(9) Pause Young (Normal) (G1 Evacuation Pause)
[2025-04-26T21:15:35.699+0800][gc,task     ] GC(9) Using 8 workers of 8 for evacuation
[2025-04-26T21:15:35.708+0800][gc,phases   ] GC(9)   Pre Evacuate Collection Set: 0.8ms
[2025-04-26T21:15:35.708+0800][gc,phases   ] GC(9)   Merge Heap Roots: 0.3ms
[2025-04-26T21:15:35.708+0800][gc,phases   ] GC(9)   Evacuate Collection Set: 6.2ms
[2025-04-26T21:15:35.709+0800][gc,phases   ] GC(9)   Post Evacuate Collection Set: 0.8ms
[2025-04-26T21:15:35.709+0800][gc,phases   ] GC(9)   Other: 1.6ms
[2025-04-26T21:15:35.709+0800][gc,heap     ] GC(9) Eden regions: 46->0(46)
[2025-04-26T21:15:35.709+0800][gc,heap     ] GC(9) Survivor regions: 5->5(7)
[2025-04-26T21:15:35.710+0800][gc,heap     ] GC(9) Old regions: 21->23
[2025-04-26T21:15:35.710+0800][gc,heap     ] GC(9) Archive regions: 2->2
[2025-04-26T21:15:35.710+0800][gc,heap     ] GC(9) Humongous regions: 143->143
[2025-04-26T21:15:35.710+0800][gc,metaspace] GC(9) Metaspace: 49674K(50688K)->49674K(50688K) NonClass: 43794K(44352K)->43794K(44352K) Class: 5880K(6336K)->5880K(6336K)
[2025-04-26T21:15:35.711+0800][gc          ] GC(9) Pause Young (Normal) (G1 Evacuation Pause) 214M->170M(1024M) 12.486ms
[2025-04-26T21:15:35.711+0800][gc,cpu      ] GC(9) User=0.01s Sys=0.04s Real=0.01s
[2025-04-26T21:20:30.559+0800][gc,start    ] GC(10) Pause Young (Normal) (G1 Evacuation Pause)
[2025-04-26T21:20:30.560+0800][gc,task     ] GC(10) Using 8 workers of 8 for evacuation
[2025-04-26T21:20:30.579+0800][gc,phases   ] GC(10)   Pre Evacuate Collection Set: 0.6ms
[2025-04-26T21:20:30.579+0800][gc,phases   ] GC(10)   Merge Heap Roots: 0.3ms
[2025-04-26T21:20:30.580+0800][gc,phases   ] GC(10)   Evacuate Collection Set: 15.2ms
[2025-04-26T21:20:30.580+0800][gc,phases   ] GC(10)   Post Evacuate Collection Set: 0.8ms
[2025-04-26T21:20:30.580+0800][gc,phases   ] GC(10)   Other: 2.8ms
[2025-04-26T21:20:30.580+0800][gc,heap     ] GC(10) Eden regions: 46->0(68)
[2025-04-26T21:20:30.581+0800][gc,heap     ] GC(10) Survivor regions: 5->3(7)
[2025-04-26T21:20:30.581+0800][gc,heap     ] GC(10) Old regions: 23->25
[2025-04-26T21:20:30.581+0800][gc,heap     ] GC(10) Archive regions: 2->2
[2025-04-26T21:20:30.582+0800][gc,heap     ] GC(10) Humongous regions: 143->143
[2025-04-26T21:20:30.582+0800][gc,metaspace] GC(10) Metaspace: 49759K(50752K)->49759K(50752K) NonClass: 43874K(44416K)->43874K(44416K) Class: 5884K(6336K)->5884K(6336K)
[2025-04-26T21:20:30.583+0800][gc          ] GC(10) Pause Young (Normal) (G1 Evacuation Pause) 216M->171M(1024M) 23.344ms
[2025-04-26T21:20:30.583+0800][gc,cpu      ] GC(10) User=0.06s Sys=0.03s Real=0.02s
[2025-04-26T21:27:52.760+0800][gc,start    ] GC(11) Pause Young (Normal) (G1 Evacuation Pause)
[2025-04-26T21:27:52.761+0800][gc,task     ] GC(11) Using 8 workers of 8 for evacuation
[2025-04-26T21:27:52.774+0800][gc,phases   ] GC(11)   Pre Evacuate Collection Set: 0.3ms
[2025-04-26T21:27:52.775+0800][gc,phases   ] GC(11)   Merge Heap Roots: 0.2ms
[2025-04-26T21:27:52.775+0800][gc,phases   ] GC(11)   Evacuate Collection Set: 11.4ms
[2025-04-26T21:27:52.775+0800][gc,phases   ] GC(11)   Post Evacuate Collection Set: 0.9ms
[2025-04-26T21:27:52.775+0800][gc,phases   ] GC(11)   Other: 1.5ms
[2025-04-26T21:27:52.776+0800][gc,heap     ] GC(11) Eden regions: 68->0(58)
[2025-04-26T21:27:52.776+0800][gc,heap     ] GC(11) Survivor regions: 3->5(9)
[2025-04-26T21:27:52.776+0800][gc,heap     ] GC(11) Old regions: 25->25
[2025-04-26T21:27:52.777+0800][gc,heap     ] GC(11) Archive regions: 2->2
[2025-04-26T21:27:52.778+0800][gc,heap     ] GC(11) Humongous regions: 143->143
[2025-04-26T21:27:52.779+0800][gc,metaspace] GC(11) Metaspace: 49822K(50816K)->49822K(50816K) NonClass: 43937K(44480K)->43937K(44480K) Class: 5884K(6336K)->5884K(6336K)
[2025-04-26T21:27:52.780+0800][gc          ] GC(11) Pause Young (Normal) (G1 Evacuation Pause) 239M->173M(1024M) 19.528ms
[2025-04-26T21:27:52.780+0800][gc,cpu      ] GC(11) User=0.00s Sys=0.09s Real=0.02s
[2025-04-26T21:33:23.109+0800][gc,start    ] GC(12) Pause Young (Normal) (G1 Evacuation Pause)
[2025-04-26T21:33:23.110+0800][gc,task     ] GC(12) Using 8 workers of 8 for evacuation
[2025-04-26T21:33:23.121+0800][gc,phases   ] GC(12)   Pre Evacuate Collection Set: 0.4ms
[2025-04-26T21:33:23.122+0800][gc,phases   ] GC(12)   Merge Heap Roots: 0.3ms
[2025-04-26T21:33:23.123+0800][gc,phases   ] GC(12)   Evacuate Collection Set: 8.5ms
[2025-04-26T21:33:23.123+0800][gc,phases   ] GC(12)   Post Evacuate Collection Set: 1.5ms
[2025-04-26T21:33:23.124+0800][gc,phases   ] GC(12)   Other: 1.9ms
[2025-04-26T21:33:23.124+0800][gc,heap     ] GC(12) Eden regions: 58->0(67)
[2025-04-26T21:33:23.125+0800][gc,heap     ] GC(12) Survivor regions: 5->6(8)
[2025-04-26T21:33:23.126+0800][gc,heap     ] GC(12) Old regions: 25->26
[2025-04-26T21:33:23.126+0800][gc,heap     ] GC(12) Archive regions: 2->2
[2025-04-26T21:33:23.127+0800][gc,heap     ] GC(12) Humongous regions: 143->143
[2025-04-26T21:33:23.128+0800][gc,metaspace] GC(12) Metaspace: 50481K(51520K)->50481K(51520K) NonClass: 44454K(44992K)->44454K(44992K) Class: 6026K(6528K)->6026K(6528K)
[2025-04-26T21:33:23.128+0800][gc          ] GC(12) Pause Young (Normal) (G1 Evacuation Pause) 231M->174M(1024M) 19.851ms
[2025-04-26T21:33:23.129+0800][gc,cpu      ] GC(12) User=0.05s Sys=0.03s Real=0.02s
[2025-04-26T21:33:23.336+0800][gc,heap,exit] Heap
[2025-04-26T21:33:23.336+0800][gc,heap,exit]  garbage-first heap   total 1048576K, used 184891K [0x00000000c0000000, 0x0000000100000000)
[2025-04-26T21:33:23.337+0800][gc,heap,exit]   region size 1024K, 12 young (12288K), 6 survivors (6144K)
[2025-04-26T21:33:23.337+0800][gc,heap,exit]  Metaspace       used 50595K, committed 51584K, reserved 1114112K
[2025-04-26T21:33:23.338+0800][gc,heap,exit]   class space    used 6062K, committed 6528K, reserved 1048576K
