[2025-04-27T13:24:47.189+0800][gc] Using G1
[2025-04-27T13:24:47.196+0800][gc,init] Version: 17.0.15+6-LTS (release)
[2025-04-27T13:24:47.196+0800][gc,init] CPUs: 8 total, 8 available
[2025-04-27T13:24:47.197+0800][gc,init] Memory: 7805M
[2025-04-27T13:24:47.197+0800][gc,init] Large Page Support: Disabled
[2025-04-27T13:24:47.197+0800][gc,init] NUMA Support: Disabled
[2025-04-27T13:24:47.197+0800][gc,init] Compressed Oops: Enabled (32-bit)
[2025-04-27T13:24:47.198+0800][gc,init] Heap Region Size: 1M
[2025-04-27T13:24:47.198+0800][gc,init] Heap Min Capacity: 1G
[2025-04-27T13:24:47.198+0800][gc,init] Heap Initial Capacity: 1G
[2025-04-27T13:24:47.198+0800][gc,init] Heap Max Capacity: 1G
[2025-04-27T13:24:47.199+0800][gc,init] Pre-touch: Disabled
[2025-04-27T13:24:47.209+0800][gc,init] Parallel Workers: 8
[2025-04-27T13:24:47.209+0800][gc,init] Concurrent Workers: 2
[2025-04-27T13:24:47.209+0800][gc,init] Concurrent Refinement Workers: 8
[2025-04-27T13:24:47.210+0800][gc,init] Periodic GC: Disabled
[2025-04-27T13:24:47.217+0800][gc,metaspace] CDS archive(s) mapped at: [0x00007fd13b000000-0x00007fd13bbca000-0x00007fd13bbca000), size 12361728, SharedBaseAddress: 0x00007fd13b000000, ArchiveRelocationMode: 1.
[2025-04-27T13:24:47.217+0800][gc,metaspace] Compressed class space mapped at: 0x00007fd13c000000-0x00007fd17c000000, reserved size: 1073741824
[2025-04-27T13:24:47.217+0800][gc,metaspace] Narrow klass base: 0x00007fd13b000000, Narrow klass shift: 0, Narrow klass range: 0x100000000
[2025-04-27T13:24:51.850+0800][gc,start    ] GC(0) Pause Young (Normal) (G1 Evacuation Pause)
[2025-04-27T13:24:51.852+0800][gc,task     ] GC(0) Using 8 workers of 8 for evacuation
[2025-04-27T13:24:51.860+0800][gc,phases   ] GC(0)   Pre Evacuate Collection Set: 0.3ms
[2025-04-27T13:24:51.860+0800][gc,phases   ] GC(0)   Merge Heap Roots: 0.4ms
[2025-04-27T13:24:51.861+0800][gc,phases   ] GC(0)   Evacuate Collection Set: 5.4ms
[2025-04-27T13:24:51.861+0800][gc,phases   ] GC(0)   Post Evacuate Collection Set: 1.2ms
[2025-04-27T13:24:51.862+0800][gc,phases   ] GC(0)   Other: 2.9ms
[2025-04-27T13:24:51.863+0800][gc,heap     ] GC(0) Eden regions: 51->0(44)
[2025-04-27T13:24:51.863+0800][gc,heap     ] GC(0) Survivor regions: 0->7(7)
[2025-04-27T13:24:51.864+0800][gc,heap     ] GC(0) Old regions: 0->1
[2025-04-27T13:24:51.864+0800][gc,heap     ] GC(0) Archive regions: 2->2
[2025-04-27T13:24:51.865+0800][gc,heap     ] GC(0) Humongous regions: 0->0
[2025-04-27T13:24:51.865+0800][gc,metaspace] GC(0) Metaspace: 16959K(17152K)->16959K(17152K) NonClass: 14894K(14976K)->14894K(14976K) Class: 2065K(2176K)->2065K(2176K)
[2025-04-27T13:24:51.866+0800][gc          ] GC(0) Pause Young (Normal) (G1 Evacuation Pause) 51M->8M(1024M) 16.024ms
[2025-04-27T13:24:51.866+0800][gc,cpu      ] GC(0) User=0.03s Sys=0.02s Real=0.02s
[2025-04-27T13:24:52.592+0800][gc,start    ] GC(1) Pause Young (Concurrent Start) (Metadata GC Threshold)
[2025-04-27T13:24:52.593+0800][gc,task     ] GC(1) Using 8 workers of 8 for evacuation
[2025-04-27T13:24:52.601+0800][gc,phases   ] GC(1)   Pre Evacuate Collection Set: 0.3ms
[2025-04-27T13:24:52.602+0800][gc,phases   ] GC(1)   Merge Heap Roots: 0.3ms
[2025-04-27T13:24:52.602+0800][gc,phases   ] GC(1)   Evacuate Collection Set: 6.1ms
[2025-04-27T13:24:52.603+0800][gc,phases   ] GC(1)   Post Evacuate Collection Set: 1.0ms
[2025-04-27T13:24:52.603+0800][gc,phases   ] GC(1)   Other: 1.7ms
[2025-04-27T13:24:52.604+0800][gc,heap     ] GC(1) Eden regions: 14->0(49)
[2025-04-27T13:24:52.604+0800][gc,heap     ] GC(1) Survivor regions: 7->2(7)
[2025-04-27T13:24:52.604+0800][gc,heap     ] GC(1) Old regions: 1->8
[2025-04-27T13:24:52.605+0800][gc,heap     ] GC(1) Archive regions: 2->2
[2025-04-27T13:24:52.605+0800][gc,heap     ] GC(1) Humongous regions: 0->0
[2025-04-27T13:24:52.606+0800][gc,metaspace] GC(1) Metaspace: 21267K(21504K)->21267K(21504K) NonClass: 18628K(18752K)->18628K(18752K) Class: 2638K(2752K)->2638K(2752K)
[2025-04-27T13:24:52.606+0800][gc          ] GC(1) Pause Young (Concurrent Start) (Metadata GC Threshold) 22M->9M(1024M) 14.429ms
[2025-04-27T13:24:52.607+0800][gc,cpu      ] GC(1) User=0.02s Sys=0.02s Real=0.02s
[2025-04-27T13:24:52.607+0800][gc          ] GC(2) Concurrent Mark Cycle
[2025-04-27T13:24:52.608+0800][gc,marking  ] GC(2) Concurrent Clear Claimed Marks
[2025-04-27T13:24:52.608+0800][gc,marking  ] GC(2) Concurrent Clear Claimed Marks 0.375ms
[2025-04-27T13:24:52.609+0800][gc,marking  ] GC(2) Concurrent Scan Root Regions
[2025-04-27T13:24:52.613+0800][gc,marking  ] GC(2) Concurrent Scan Root Regions 3.928ms
[2025-04-27T13:24:52.613+0800][gc,marking  ] GC(2) Concurrent Mark
[2025-04-27T13:24:52.614+0800][gc,marking  ] GC(2) Concurrent Mark From Roots
[2025-04-27T13:24:52.614+0800][gc,task     ] GC(2) Using 2 workers of 2 for marking
[2025-04-27T13:24:52.618+0800][gc,marking  ] GC(2) Concurrent Mark From Roots 4.479ms
[2025-04-27T13:24:52.619+0800][gc,marking  ] GC(2) Concurrent Preclean
[2025-04-27T13:24:52.619+0800][gc,marking  ] GC(2) Concurrent Preclean 0.501ms
[2025-04-27T13:24:52.620+0800][gc,start    ] GC(2) Pause Remark
[2025-04-27T13:24:52.624+0800][gc          ] GC(2) Pause Remark 10M->10M(1024M) 3.921ms
[2025-04-27T13:24:52.624+0800][gc,cpu      ] GC(2) User=0.01s Sys=0.01s Real=0.01s
[2025-04-27T13:24:52.625+0800][gc,marking  ] GC(2) Concurrent Mark 12.028ms
[2025-04-27T13:24:52.627+0800][gc,marking  ] GC(2) Concurrent Rebuild Remembered Sets
[2025-04-27T13:24:52.633+0800][gc,marking  ] GC(2) Concurrent Rebuild Remembered Sets 6.972ms
[2025-04-27T13:24:52.634+0800][gc,start    ] GC(2) Pause Cleanup
[2025-04-27T13:24:52.635+0800][gc          ] GC(2) Pause Cleanup 10M->10M(1024M) 0.863ms
[2025-04-27T13:24:52.636+0800][gc,cpu      ] GC(2) User=0.00s Sys=0.00s Real=0.00s
[2025-04-27T13:24:52.636+0800][gc,marking  ] GC(2) Concurrent Cleanup for Next Mark
[2025-04-27T13:24:52.645+0800][gc,marking  ] GC(2) Concurrent Cleanup for Next Mark 8.161ms
[2025-04-27T13:24:52.645+0800][gc          ] GC(2) Concurrent Mark Cycle 37.599ms
[2025-04-27T13:24:54.800+0800][gc,start    ] GC(3) Pause Young (Normal) (G1 Evacuation Pause)
[2025-04-27T13:24:54.800+0800][gc,task     ] GC(3) Using 8 workers of 8 for evacuation
[2025-04-27T13:24:54.808+0800][gc,phases   ] GC(3)   Pre Evacuate Collection Set: 0.3ms
[2025-04-27T13:24:54.808+0800][gc,phases   ] GC(3)   Merge Heap Roots: 0.2ms
[2025-04-27T13:24:54.809+0800][gc,phases   ] GC(3)   Evacuate Collection Set: 6.0ms
[2025-04-27T13:24:54.809+0800][gc,phases   ] GC(3)   Post Evacuate Collection Set: 1.0ms
[2025-04-27T13:24:54.809+0800][gc,phases   ] GC(3)   Other: 0.8ms
[2025-04-27T13:24:54.810+0800][gc,heap     ] GC(3) Eden regions: 49->0(45)
[2025-04-27T13:24:54.810+0800][gc,heap     ] GC(3) Survivor regions: 2->6(7)
[2025-04-27T13:24:54.810+0800][gc,heap     ] GC(3) Old regions: 8->8
[2025-04-27T13:24:54.811+0800][gc,heap     ] GC(3) Archive regions: 2->2
[2025-04-27T13:24:54.811+0800][gc,heap     ] GC(3) Humongous regions: 0->0
[2025-04-27T13:24:54.811+0800][gc,metaspace] GC(3) Metaspace: 31020K(31296K)->31020K(31296K) NonClass: 27370K(27520K)->27370K(27520K) Class: 3649K(3776K)->3649K(3776K)
[2025-04-27T13:24:54.812+0800][gc          ] GC(3) Pause Young (Normal) (G1 Evacuation Pause) 58M->13M(1024M) 11.672ms
[2025-04-27T13:24:54.812+0800][gc,cpu      ] GC(3) User=0.05s Sys=0.00s Real=0.01s
[2025-04-27T13:24:55.674+0800][gc,start    ] GC(4) Pause Young (Concurrent Start) (Metadata GC Threshold)
[2025-04-27T13:24:55.675+0800][gc,task     ] GC(4) Using 8 workers of 8 for evacuation
[2025-04-27T13:24:55.697+0800][gc,mmu      ] GC(4) MMU target violated: 21.0ms (20.0ms/21.0ms)
[2025-04-27T13:24:55.699+0800][gc,phases   ] GC(4)   Pre Evacuate Collection Set: 0.6ms
[2025-04-27T13:24:55.699+0800][gc,phases   ] GC(4)   Merge Heap Roots: 0.4ms
[2025-04-27T13:24:55.700+0800][gc,phases   ] GC(4)   Evacuate Collection Set: 18.7ms
[2025-04-27T13:24:55.701+0800][gc,phases   ] GC(4)   Post Evacuate Collection Set: 1.7ms
[2025-04-27T13:24:55.701+0800][gc,phases   ] GC(4)   Other: 3.2ms
[2025-04-27T13:24:55.702+0800][gc,heap     ] GC(4) Eden regions: 25->0(48)
[2025-04-27T13:24:55.702+0800][gc,heap     ] GC(4) Survivor regions: 6->3(7)
[2025-04-27T13:24:55.703+0800][gc,heap     ] GC(4) Old regions: 8->13
[2025-04-27T13:24:55.704+0800][gc,heap     ] GC(4) Archive regions: 2->2
[2025-04-27T13:24:55.704+0800][gc,heap     ] GC(4) Humongous regions: 9->9
[2025-04-27T13:24:55.705+0800][gc,metaspace] GC(4) Metaspace: 35489K(35968K)->35489K(35968K) NonClass: 31323K(31552K)->31323K(31552K) Class: 4165K(4416K)->4165K(4416K)
[2025-04-27T13:24:55.705+0800][gc          ] GC(4) Pause Young (Concurrent Start) (Metadata GC Threshold) 47M->25M(1024M) 31.226ms
[2025-04-27T13:24:55.706+0800][gc,cpu      ] GC(4) User=0.15s Sys=0.04s Real=0.03s
[2025-04-27T13:24:55.707+0800][gc          ] GC(5) Concurrent Mark Cycle
[2025-04-27T13:24:55.708+0800][gc,marking  ] GC(5) Concurrent Clear Claimed Marks
[2025-04-27T13:24:55.709+0800][gc,marking  ] GC(5) Concurrent Clear Claimed Marks 1.085ms
[2025-04-27T13:24:55.709+0800][gc,marking  ] GC(5) Concurrent Scan Root Regions
[2025-04-27T13:24:55.720+0800][gc,marking  ] GC(5) Concurrent Scan Root Regions 10.360ms
[2025-04-27T13:24:55.720+0800][gc,marking  ] GC(5) Concurrent Mark
[2025-04-27T13:24:55.721+0800][gc,marking  ] GC(5) Concurrent Mark From Roots
[2025-04-27T13:24:55.722+0800][gc,task     ] GC(5) Using 2 workers of 2 for marking
[2025-04-27T13:24:55.743+0800][gc,marking  ] GC(5) Concurrent Mark From Roots 21.291ms
[2025-04-27T13:24:55.743+0800][gc,marking  ] GC(5) Concurrent Preclean
[2025-04-27T13:24:55.744+0800][gc,marking  ] GC(5) Concurrent Preclean 0.804ms
[2025-04-27T13:24:55.745+0800][gc,start    ] GC(5) Pause Remark
[2025-04-27T13:24:55.754+0800][gc          ] GC(5) Pause Remark 26M->26M(1024M) 8.177ms
[2025-04-27T13:24:55.755+0800][gc,cpu      ] GC(5) User=0.04s Sys=0.01s Real=0.01s
[2025-04-27T13:24:55.756+0800][gc,marking  ] GC(5) Concurrent Mark 35.400ms
[2025-04-27T13:24:55.757+0800][gc,marking  ] GC(5) Concurrent Rebuild Remembered Sets
[2025-04-27T13:24:55.773+0800][gc,marking  ] GC(5) Concurrent Rebuild Remembered Sets 17.068ms
[2025-04-27T13:24:55.775+0800][gc,start    ] GC(5) Pause Cleanup
[2025-04-27T13:24:55.776+0800][gc          ] GC(5) Pause Cleanup 27M->27M(1024M) 1.005ms
[2025-04-27T13:24:55.776+0800][gc,cpu      ] GC(5) User=0.00s Sys=0.00s Real=0.00s
[2025-04-27T13:24:55.777+0800][gc,marking  ] GC(5) Concurrent Cleanup for Next Mark
[2025-04-27T13:24:55.792+0800][gc,marking  ] GC(5) Concurrent Cleanup for Next Mark 14.591ms
[2025-04-27T13:24:55.792+0800][gc          ] GC(5) Concurrent Mark Cycle 85.327ms
[2025-04-27T13:24:57.914+0800][gc,start    ] GC(6) Pause Young (Normal) (G1 Evacuation Pause)
[2025-04-27T13:24:57.915+0800][gc,task     ] GC(6) Using 8 workers of 8 for evacuation
[2025-04-27T13:24:57.937+0800][gc,mmu      ] GC(6) MMU target violated: 21.0ms (20.0ms/21.0ms)
[2025-04-27T13:24:57.938+0800][gc,phases   ] GC(6)   Pre Evacuate Collection Set: 0.6ms
[2025-04-27T13:24:57.939+0800][gc,phases   ] GC(6)   Merge Heap Roots: 0.5ms
[2025-04-27T13:24:57.939+0800][gc,phases   ] GC(6)   Evacuate Collection Set: 18.4ms
[2025-04-27T13:24:57.940+0800][gc,phases   ] GC(6)   Post Evacuate Collection Set: 2.0ms
[2025-04-27T13:24:57.940+0800][gc,phases   ] GC(6)   Other: 2.7ms
[2025-04-27T13:24:57.941+0800][gc,heap     ] GC(6) Eden regions: 48->0(44)
[2025-04-27T13:24:57.941+0800][gc,heap     ] GC(6) Survivor regions: 3->7(7)
[2025-04-27T13:24:57.942+0800][gc,heap     ] GC(6) Old regions: 13->15
[2025-04-27T13:24:57.943+0800][gc,heap     ] GC(6) Archive regions: 2->2
[2025-04-27T13:24:57.943+0800][gc,heap     ] GC(6) Humongous regions: 9->9
[2025-04-27T13:24:57.944+0800][gc,metaspace] GC(6) Metaspace: 42016K(42752K)->42016K(42752K) NonClass: 37125K(37504K)->37125K(37504K) Class: 4890K(5248K)->4890K(5248K)
[2025-04-27T13:24:57.945+0800][gc          ] GC(6) Pause Young (Normal) (G1 Evacuation Pause) 73M->31M(1024M) 30.658ms
[2025-04-27T13:24:57.945+0800][gc,cpu      ] GC(6) User=0.12s Sys=0.02s Real=0.03s
[2025-04-27T13:26:13.166+0800][gc,start    ] GC(7) Pause Young (Normal) (G1 Evacuation Pause)
[2025-04-27T13:26:13.167+0800][gc,task     ] GC(7) Using 8 workers of 8 for evacuation
[2025-04-27T13:26:13.175+0800][gc,phases   ] GC(7)   Pre Evacuate Collection Set: 0.6ms
[2025-04-27T13:26:13.175+0800][gc,phases   ] GC(7)   Merge Heap Roots: 0.3ms
[2025-04-27T13:26:13.175+0800][gc,phases   ] GC(7)   Evacuate Collection Set: 4.9ms
[2025-04-27T13:26:13.176+0800][gc,phases   ] GC(7)   Post Evacuate Collection Set: 1.1ms
[2025-04-27T13:26:13.176+0800][gc,phases   ] GC(7)   Other: 1.4ms
[2025-04-27T13:26:13.176+0800][gc,heap     ] GC(7) Eden regions: 44->0(47)
[2025-04-27T13:26:13.176+0800][gc,heap     ] GC(7) Survivor regions: 7->4(7)
[2025-04-27T13:26:13.177+0800][gc,heap     ] GC(7) Old regions: 15->22
[2025-04-27T13:26:13.177+0800][gc,heap     ] GC(7) Archive regions: 2->2
[2025-04-27T13:26:13.177+0800][gc,heap     ] GC(7) Humongous regions: 158->140
[2025-04-27T13:26:13.178+0800][gc,metaspace] GC(7) Metaspace: 46929K(47936K)->46929K(47936K) NonClass: 41290K(41856K)->41290K(41856K) Class: 5639K(6080K)->5639K(6080K)
[2025-04-27T13:26:13.178+0800][gc          ] GC(7) Pause Young (Normal) (G1 Evacuation Pause) 224M->165M(1024M) 11.408ms
[2025-04-27T13:26:13.178+0800][gc,cpu      ] GC(7) User=0.04s Sys=0.01s Real=0.01s
[2025-04-27T13:30:46.187+0800][gc,start    ] GC(8) Pause Young (Normal) (G1 Evacuation Pause)
[2025-04-27T13:30:46.188+0800][gc,task     ] GC(8) Using 8 workers of 8 for evacuation
[2025-04-27T13:30:46.193+0800][gc,phases   ] GC(8)   Pre Evacuate Collection Set: 0.3ms
[2025-04-27T13:30:46.193+0800][gc,phases   ] GC(8)   Merge Heap Roots: 0.2ms
[2025-04-27T13:30:46.194+0800][gc,phases   ] GC(8)   Evacuate Collection Set: 2.5ms
[2025-04-27T13:30:46.194+0800][gc,phases   ] GC(8)   Post Evacuate Collection Set: 1.1ms
[2025-04-27T13:30:46.194+0800][gc,phases   ] GC(8)   Other: 1.3ms
[2025-04-27T13:30:46.195+0800][gc,heap     ] GC(8) Eden regions: 47->0(46)
[2025-04-27T13:30:46.195+0800][gc,heap     ] GC(8) Survivor regions: 4->5(7)
[2025-04-27T13:30:46.196+0800][gc,heap     ] GC(8) Old regions: 22->22
[2025-04-27T13:30:46.196+0800][gc,heap     ] GC(8) Archive regions: 2->2
[2025-04-27T13:30:46.196+0800][gc,heap     ] GC(8) Humongous regions: 140->140
[2025-04-27T13:30:46.197+0800][gc,metaspace] GC(8) Metaspace: 48596K(49600K)->48596K(49600K) NonClass: 42870K(43392K)->42870K(43392K) Class: 5726K(6208K)->5726K(6208K)
[2025-04-27T13:30:46.197+0800][gc          ] GC(8) Pause Young (Normal) (G1 Evacuation Pause) 212M->166M(1024M) 9.486ms
[2025-04-27T13:30:46.197+0800][gc,cpu      ] GC(8) User=0.02s Sys=0.00s Real=0.01s
[2025-04-27T13:35:37.448+0800][gc,start    ] GC(9) Pause Young (Normal) (G1 Evacuation Pause)
[2025-04-27T13:35:37.448+0800][gc,task     ] GC(9) Using 8 workers of 8 for evacuation
[2025-04-27T13:35:37.455+0800][gc,phases   ] GC(9)   Pre Evacuate Collection Set: 0.4ms
[2025-04-27T13:35:37.455+0800][gc,phases   ] GC(9)   Merge Heap Roots: 0.2ms
[2025-04-27T13:35:37.456+0800][gc,phases   ] GC(9)   Evacuate Collection Set: 4.1ms
[2025-04-27T13:35:37.456+0800][gc,phases   ] GC(9)   Post Evacuate Collection Set: 1.0ms
[2025-04-27T13:35:37.457+0800][gc,phases   ] GC(9)   Other: 1.2ms
[2025-04-27T13:35:37.457+0800][gc,heap     ] GC(9) Eden regions: 46->0(54)
[2025-04-27T13:35:37.457+0800][gc,heap     ] GC(9) Survivor regions: 5->3(7)
[2025-04-27T13:35:37.458+0800][gc,heap     ] GC(9) Old regions: 22->25
[2025-04-27T13:35:37.458+0800][gc,heap     ] GC(9) Archive regions: 2->2
[2025-04-27T13:35:37.458+0800][gc,heap     ] GC(9) Humongous regions: 140->140
[2025-04-27T13:35:37.459+0800][gc,metaspace] GC(9) Metaspace: 48764K(49728K)->48764K(49728K) NonClass: 43026K(43520K)->43026K(43520K) Class: 5737K(6208K)->5737K(6208K)
[2025-04-27T13:35:37.459+0800][gc          ] GC(9) Pause Young (Normal) (G1 Evacuation Pause) 212M->168M(1024M) 11.296ms
[2025-04-27T13:35:37.460+0800][gc,cpu      ] GC(9) User=0.04s Sys=0.00s Real=0.01s
[2025-04-27T13:35:47.169+0800][gc,heap,exit] Heap
[2025-04-27T13:35:47.170+0800][gc,heap,exit]  garbage-first heap   total 1048576K, used 189303K [0x00000000c0000000, 0x0000000100000000)
[2025-04-27T13:35:47.170+0800][gc,heap,exit]   region size 1024K, 20 young (20480K), 3 survivors (3072K)
[2025-04-27T13:35:47.171+0800][gc,heap,exit]  Metaspace       used 49778K, committed 50752K, reserved 1114112K
[2025-04-27T13:35:47.171+0800][gc,heap,exit]   class space    used 5951K, committed 6400K, reserved 1048576K
