[2025-04-27T13:21:55.498+0800][gc] Using G1
[2025-04-27T13:21:55.521+0800][gc,init] Version: 17.0.15+6-LTS (release)
[2025-04-27T13:21:55.522+0800][gc,init] CPUs: 8 total, 8 available
[2025-04-27T13:21:55.523+0800][gc,init] Memory: 7805M
[2025-04-27T13:21:55.524+0800][gc,init] Large Page Support: Disabled
[2025-04-27T13:21:55.524+0800][gc,init] NUMA Support: Disabled
[2025-04-27T13:21:55.525+0800][gc,init] Compressed Oops: Enabled (32-bit)
[2025-04-27T13:21:55.526+0800][gc,init] Heap Region Size: 1M
[2025-04-27T13:21:55.526+0800][gc,init] Heap Min Capacity: 1G
[2025-04-27T13:21:55.527+0800][gc,init] Heap Initial Capacity: 1G
[2025-04-27T13:21:55.528+0800][gc,init] Heap Max Capacity: 1G
[2025-04-27T13:21:55.529+0800][gc,init] Pre-touch: Disabled
[2025-04-27T13:21:55.530+0800][gc,init] Parallel Workers: 8
[2025-04-27T13:21:55.530+0800][gc,init] Concurrent Workers: 2
[2025-04-27T13:21:55.531+0800][gc,init] Concurrent Refinement Workers: 8
[2025-04-27T13:21:55.531+0800][gc,init] Periodic GC: Disabled
[2025-04-27T13:21:55.542+0800][gc,metaspace] CDS archive(s) mapped at: [0x00007f2f13000000-0x00007f2f13bca000-0x00007f2f13bca000), size 12361728, SharedBaseAddress: 0x00007f2f13000000, ArchiveRelocationMode: 1.
[2025-04-27T13:21:55.543+0800][gc,metaspace] Compressed class space mapped at: 0x00007f2f14000000-0x00007f2f54000000, reserved size: 1073741824
[2025-04-27T13:21:55.544+0800][gc,metaspace] Narrow klass base: 0x00007f2f13000000, Narrow klass shift: 0, Narrow klass range: 0x100000000
[2025-04-27T13:22:01.542+0800][gc,start    ] GC(0) Pause Young (Normal) (G1 Evacuation Pause)
[2025-04-27T13:22:01.544+0800][gc,task     ] GC(0) Using 8 workers of 8 for evacuation
[2025-04-27T13:22:01.554+0800][gc,phases   ] GC(0)   Pre Evacuate Collection Set: 0.3ms
[2025-04-27T13:22:01.554+0800][gc,phases   ] GC(0)   Merge Heap Roots: 0.3ms
[2025-04-27T13:22:01.555+0800][gc,phases   ] GC(0)   Evacuate Collection Set: 7.7ms
[2025-04-27T13:22:01.555+0800][gc,phases   ] GC(0)   Post Evacuate Collection Set: 1.2ms
[2025-04-27T13:22:01.555+0800][gc,phases   ] GC(0)   Other: 2.5ms
[2025-04-27T13:22:01.556+0800][gc,heap     ] GC(0) Eden regions: 51->0(44)
[2025-04-27T13:22:01.556+0800][gc,heap     ] GC(0) Survivor regions: 0->7(7)
[2025-04-27T13:22:01.556+0800][gc,heap     ] GC(0) Old regions: 0->1
[2025-04-27T13:22:01.557+0800][gc,heap     ] GC(0) Archive regions: 2->2
[2025-04-27T13:22:01.557+0800][gc,heap     ] GC(0) Humongous regions: 0->0
[2025-04-27T13:22:01.557+0800][gc,metaspace] GC(0) Metaspace: 17038K(17216K)->17038K(17216K) NonClass: 14969K(15040K)->14969K(15040K) Class: 2069K(2176K)->2069K(2176K)
[2025-04-27T13:22:01.558+0800][gc          ] GC(0) Pause Young (Normal) (G1 Evacuation Pause) 51M->8M(1024M) 15.969ms
[2025-04-27T13:22:01.559+0800][gc,cpu      ] GC(0) User=0.04s Sys=0.02s Real=0.02s
[2025-04-27T13:22:02.357+0800][gc,start    ] GC(1) Pause Young (Concurrent Start) (Metadata GC Threshold)
[2025-04-27T13:22:02.357+0800][gc,task     ] GC(1) Using 8 workers of 8 for evacuation
[2025-04-27T13:22:02.369+0800][gc,phases   ] GC(1)   Pre Evacuate Collection Set: 0.3ms
[2025-04-27T13:22:02.370+0800][gc,phases   ] GC(1)   Merge Heap Roots: 0.3ms
[2025-04-27T13:22:02.372+0800][gc,phases   ] GC(1)   Evacuate Collection Set: 7.7ms
[2025-04-27T13:22:02.373+0800][gc,phases   ] GC(1)   Post Evacuate Collection Set: 1.4ms
[2025-04-27T13:22:02.376+0800][gc,phases   ] GC(1)   Other: 2.2ms
[2025-04-27T13:22:02.376+0800][gc,heap     ] GC(1) Eden regions: 14->0(49)
[2025-04-27T13:22:02.377+0800][gc,heap     ] GC(1) Survivor regions: 7->2(7)
[2025-04-27T13:22:02.377+0800][gc,heap     ] GC(1) Old regions: 1->8
[2025-04-27T13:22:02.378+0800][gc,heap     ] GC(1) Archive regions: 2->2
[2025-04-27T13:22:02.379+0800][gc,heap     ] GC(1) Humongous regions: 0->0
[2025-04-27T13:22:02.379+0800][gc,metaspace] GC(1) Metaspace: 21273K(21504K)->21273K(21504K) NonClass: 18634K(18752K)->18634K(18752K) Class: 2638K(2752K)->2638K(2752K)
[2025-04-27T13:22:02.380+0800][gc          ] GC(1) Pause Young (Concurrent Start) (Metadata GC Threshold) 22M->9M(1024M) 23.601ms
[2025-04-27T13:22:02.381+0800][gc,cpu      ] GC(1) User=0.09s Sys=0.01s Real=0.02s
[2025-04-27T13:22:02.381+0800][gc          ] GC(2) Concurrent Mark Cycle
[2025-04-27T13:22:02.382+0800][gc,marking  ] GC(2) Concurrent Clear Claimed Marks
[2025-04-27T13:22:02.382+0800][gc,marking  ] GC(2) Concurrent Clear Claimed Marks 0.309ms
[2025-04-27T13:22:02.382+0800][gc,marking  ] GC(2) Concurrent Scan Root Regions
[2025-04-27T13:22:02.388+0800][gc,marking  ] GC(2) Concurrent Scan Root Regions 4.904ms
[2025-04-27T13:22:02.389+0800][gc,marking  ] GC(2) Concurrent Mark
[2025-04-27T13:22:02.393+0800][gc,marking  ] GC(2) Concurrent Mark From Roots
[2025-04-27T13:22:02.393+0800][gc,task     ] GC(2) Using 2 workers of 2 for marking
[2025-04-27T13:22:02.403+0800][gc,marking  ] GC(2) Concurrent Mark From Roots 10.578ms
[2025-04-27T13:22:02.404+0800][gc,marking  ] GC(2) Concurrent Preclean
[2025-04-27T13:22:02.404+0800][gc,marking  ] GC(2) Concurrent Preclean 0.673ms
[2025-04-27T13:22:02.405+0800][gc,start    ] GC(2) Pause Remark
[2025-04-27T13:22:02.409+0800][gc          ] GC(2) Pause Remark 10M->10M(1024M) 3.951ms
[2025-04-27T13:22:02.409+0800][gc,cpu      ] GC(2) User=0.02s Sys=0.00s Real=0.00s
[2025-04-27T13:22:02.410+0800][gc,marking  ] GC(2) Concurrent Mark 21.183ms
[2025-04-27T13:22:02.410+0800][gc,marking  ] GC(2) Concurrent Rebuild Remembered Sets
[2025-04-27T13:22:02.411+0800][gc,marking  ] GC(2) Concurrent Rebuild Remembered Sets 0.309ms
[2025-04-27T13:22:02.411+0800][gc,start    ] GC(2) Pause Cleanup
[2025-04-27T13:22:02.412+0800][gc          ] GC(2) Pause Cleanup 10M->10M(1024M) 0.369ms
[2025-04-27T13:22:02.412+0800][gc,cpu      ] GC(2) User=0.00s Sys=0.00s Real=0.00s
[2025-04-27T13:22:02.412+0800][gc,marking  ] GC(2) Concurrent Cleanup for Next Mark
[2025-04-27T13:22:02.422+0800][gc,marking  ] GC(2) Concurrent Cleanup for Next Mark 9.219ms
[2025-04-27T13:22:02.422+0800][gc          ] GC(2) Concurrent Mark Cycle 40.625ms
[2025-04-27T13:22:04.810+0800][gc,start    ] GC(3) Pause Young (Normal) (G1 Evacuation Pause)
[2025-04-27T13:22:04.810+0800][gc,task     ] GC(3) Using 8 workers of 8 for evacuation
[2025-04-27T13:22:04.817+0800][gc,phases   ] GC(3)   Pre Evacuate Collection Set: 0.3ms
[2025-04-27T13:22:04.817+0800][gc,phases   ] GC(3)   Merge Heap Roots: 0.2ms
[2025-04-27T13:22:04.818+0800][gc,phases   ] GC(3)   Evacuate Collection Set: 4.3ms
[2025-04-27T13:22:04.818+0800][gc,phases   ] GC(3)   Post Evacuate Collection Set: 1.2ms
[2025-04-27T13:22:04.818+0800][gc,phases   ] GC(3)   Other: 0.8ms
[2025-04-27T13:22:04.818+0800][gc,heap     ] GC(3) Eden regions: 49->0(45)
[2025-04-27T13:22:04.819+0800][gc,heap     ] GC(3) Survivor regions: 2->6(7)
[2025-04-27T13:22:04.819+0800][gc,heap     ] GC(3) Old regions: 8->8
[2025-04-27T13:22:04.819+0800][gc,heap     ] GC(3) Archive regions: 2->2
[2025-04-27T13:22:04.819+0800][gc,heap     ] GC(3) Humongous regions: 0->0
[2025-04-27T13:22:04.820+0800][gc,metaspace] GC(3) Metaspace: 31053K(31360K)->31053K(31360K) NonClass: 27399K(27584K)->27399K(27584K) Class: 3654K(3776K)->3654K(3776K)
[2025-04-27T13:22:04.820+0800][gc          ] GC(3) Pause Young (Normal) (G1 Evacuation Pause) 58M->14M(1024M) 10.283ms
[2025-04-27T13:22:04.821+0800][gc,cpu      ] GC(3) User=0.03s Sys=0.00s Real=0.01s
[2025-04-27T13:22:06.048+0800][gc,start    ] GC(4) Pause Young (Concurrent Start) (Metadata GC Threshold)
[2025-04-27T13:22:06.048+0800][gc,task     ] GC(4) Using 8 workers of 8 for evacuation
[2025-04-27T13:22:06.074+0800][gc,mmu      ] GC(4) MMU target violated: 21.0ms (20.0ms/21.0ms)
[2025-04-27T13:22:06.075+0800][gc,phases   ] GC(4)   Pre Evacuate Collection Set: 0.3ms
[2025-04-27T13:22:06.076+0800][gc,phases   ] GC(4)   Merge Heap Roots: 0.3ms
[2025-04-27T13:22:06.076+0800][gc,phases   ] GC(4)   Evacuate Collection Set: 24.1ms
[2025-04-27T13:22:06.077+0800][gc,phases   ] GC(4)   Post Evacuate Collection Set: 1.0ms
[2025-04-27T13:22:06.077+0800][gc,phases   ] GC(4)   Other: 1.8ms
[2025-04-27T13:22:06.077+0800][gc,heap     ] GC(4) Eden regions: 25->0(48)
[2025-04-27T13:22:06.078+0800][gc,heap     ] GC(4) Survivor regions: 6->3(7)
[2025-04-27T13:22:06.078+0800][gc,heap     ] GC(4) Old regions: 8->13
[2025-04-27T13:22:06.078+0800][gc,heap     ] GC(4) Archive regions: 2->2
[2025-04-27T13:22:06.079+0800][gc,heap     ] GC(4) Humongous regions: 9->9
[2025-04-27T13:22:06.079+0800][gc,metaspace] GC(4) Metaspace: 35444K(35968K)->35444K(35968K) NonClass: 31278K(31552K)->31278K(31552K) Class: 4166K(4416K)->4166K(4416K)
[2025-04-27T13:22:06.079+0800][gc          ] GC(4) Pause Young (Concurrent Start) (Metadata GC Threshold) 47M->25M(1024M) 31.444ms
[2025-04-27T13:22:06.080+0800][gc,cpu      ] GC(4) User=0.14s Sys=0.04s Real=0.03s
[2025-04-27T13:22:06.080+0800][gc          ] GC(5) Concurrent Mark Cycle
[2025-04-27T13:22:06.081+0800][gc,marking  ] GC(5) Concurrent Clear Claimed Marks
[2025-04-27T13:22:06.083+0800][gc,marking  ] GC(5) Concurrent Clear Claimed Marks 2.438ms
[2025-04-27T13:22:06.084+0800][gc,marking  ] GC(5) Concurrent Scan Root Regions
[2025-04-27T13:22:06.089+0800][gc,marking  ] GC(5) Concurrent Scan Root Regions 4.771ms
[2025-04-27T13:22:06.113+0800][gc,marking  ] GC(5) Concurrent Mark
[2025-04-27T13:22:06.135+0800][gc,marking  ] GC(5) Concurrent Mark From Roots
[2025-04-27T13:22:06.135+0800][gc,task     ] GC(5) Using 2 workers of 2 for marking
[2025-04-27T13:22:06.162+0800][gc,marking  ] GC(5) Concurrent Mark From Roots 27.038ms
[2025-04-27T13:22:06.163+0800][gc,marking  ] GC(5) Concurrent Preclean
[2025-04-27T13:22:06.163+0800][gc,marking  ] GC(5) Concurrent Preclean 0.607ms
[2025-04-27T13:22:06.165+0800][gc,start    ] GC(5) Pause Remark
[2025-04-27T13:22:06.168+0800][gc          ] GC(5) Pause Remark 27M->27M(1024M) 3.588ms
[2025-04-27T13:22:06.169+0800][gc,cpu      ] GC(5) User=0.01s Sys=0.00s Real=0.00s
[2025-04-27T13:22:06.170+0800][gc,marking  ] GC(5) Concurrent Mark 56.212ms
[2025-04-27T13:22:06.170+0800][gc,marking  ] GC(5) Concurrent Rebuild Remembered Sets
[2025-04-27T13:22:06.189+0800][gc,marking  ] GC(5) Concurrent Rebuild Remembered Sets 18.641ms
[2025-04-27T13:22:06.200+0800][gc,start    ] GC(5) Pause Cleanup
[2025-04-27T13:22:06.203+0800][gc          ] GC(5) Pause Cleanup 27M->27M(1024M) 2.843ms
[2025-04-27T13:22:06.203+0800][gc,cpu      ] GC(5) User=0.02s Sys=0.00s Real=0.01s
[2025-04-27T13:22:06.204+0800][gc,marking  ] GC(5) Concurrent Cleanup for Next Mark
[2025-04-27T13:22:06.219+0800][gc,marking  ] GC(5) Concurrent Cleanup for Next Mark 15.235ms
[2025-04-27T13:22:06.225+0800][gc          ] GC(5) Concurrent Mark Cycle 144.928ms
[2025-04-27T13:22:08.729+0800][gc,start    ] GC(6) Pause Young (Prepare Mixed) (G1 Evacuation Pause)
[2025-04-27T13:22:08.729+0800][gc,task     ] GC(6) Using 8 workers of 8 for evacuation
[2025-04-27T13:22:08.748+0800][gc,phases   ] GC(6)   Pre Evacuate Collection Set: 0.4ms
[2025-04-27T13:22:08.749+0800][gc,phases   ] GC(6)   Merge Heap Roots: 0.2ms
[2025-04-27T13:22:08.750+0800][gc,phases   ] GC(6)   Evacuate Collection Set: 16.5ms
[2025-04-27T13:22:08.751+0800][gc,phases   ] GC(6)   Post Evacuate Collection Set: 1.5ms
[2025-04-27T13:22:08.751+0800][gc,phases   ] GC(6)   Other: 0.8ms
[2025-04-27T13:22:08.751+0800][gc,heap     ] GC(6) Eden regions: 48->0(44)
[2025-04-27T13:22:08.752+0800][gc,heap     ] GC(6) Survivor regions: 3->7(7)
[2025-04-27T13:22:08.752+0800][gc,heap     ] GC(6) Old regions: 13->15
[2025-04-27T13:22:08.752+0800][gc,heap     ] GC(6) Archive regions: 2->2
[2025-04-27T13:22:08.752+0800][gc,heap     ] GC(6) Humongous regions: 9->9
[2025-04-27T13:22:08.753+0800][gc,metaspace] GC(6) Metaspace: 41338K(42048K)->41338K(42048K) NonClass: 36571K(36992K)->36571K(36992K) Class: 4767K(5056K)->4767K(5056K)
[2025-04-27T13:22:08.753+0800][gc          ] GC(6) Pause Young (Prepare Mixed) (G1 Evacuation Pause) 73M->31M(1024M) 24.562ms
[2025-04-27T13:22:08.754+0800][gc,cpu      ] GC(6) User=0.12s Sys=0.02s Real=0.03s
[2025-04-27T13:22:27.884+0800][gc,heap,exit] Heap
[2025-04-27T13:22:27.885+0800][gc,heap,exit]  garbage-first heap   total 1048576K, used 185418K [0x00000000c0000000, 0x0000000100000000)
[2025-04-27T13:22:27.885+0800][gc,heap,exit]   region size 1024K, 28 young (28672K), 7 survivors (7168K)
[2025-04-27T13:22:27.885+0800][gc,heap,exit]  Metaspace       used 43462K, committed 44224K, reserved 1114112K
[2025-04-27T13:22:27.885+0800][gc,heap,exit]   class space    used 5126K, committed 5440K, reserved 1048576K
