[2025-04-26T21:33:25.097+0800][gc] Using G1
[2025-04-26T21:33:25.102+0800][gc,init] Version: 17.0.15+6-LTS (release)
[2025-04-26T21:33:25.102+0800][gc,init] CPUs: 8 total, 8 available
[2025-04-26T21:33:25.103+0800][gc,init] Memory: 7805M
[2025-04-26T21:33:25.103+0800][gc,init] Large Page Support: Disabled
[2025-04-26T21:33:25.103+0800][gc,init] NUMA Support: Disabled
[2025-04-26T21:33:25.103+0800][gc,init] Compressed Oops: Enabled (32-bit)
[2025-04-26T21:33:25.104+0800][gc,init] Heap Region Size: 1M
[2025-04-26T21:33:25.104+0800][gc,init] Heap Min Capacity: 1G
[2025-04-26T21:33:25.104+0800][gc,init] Heap Initial Capacity: 1G
[2025-04-26T21:33:25.104+0800][gc,init] Heap Max Capacity: 1G
[2025-04-26T21:33:25.104+0800][gc,init] Pre-touch: Disabled
[2025-04-26T21:33:25.115+0800][gc,init] Parallel Workers: 8
[2025-04-26T21:33:25.115+0800][gc,init] Concurrent Workers: 2
[2025-04-26T21:33:25.116+0800][gc,init] Concurrent Refinement Workers: 8
[2025-04-26T21:33:25.116+0800][gc,init] Periodic GC: Disabled
[2025-04-26T21:33:25.121+0800][gc,metaspace] CDS archive(s) mapped at: [0x00007f5ff7000000-0x00007f5ff7bca000-0x00007f5ff7bca000), size 12361728, SharedBaseAddress: 0x00007f5ff7000000, ArchiveRelocationMode: 1.
[2025-04-26T21:33:25.121+0800][gc,metaspace] Compressed class space mapped at: 0x00007f5ff8000000-0x00007f6038000000, reserved size: 1073741824
[2025-04-26T21:33:25.121+0800][gc,metaspace] Narrow klass base: 0x00007f5ff7000000, Narrow klass shift: 0, Narrow klass range: 0x100000000
[2025-04-26T21:33:27.905+0800][gc,start    ] GC(0) Pause Young (Normal) (G1 Evacuation Pause)
[2025-04-26T21:33:27.907+0800][gc,task     ] GC(0) Using 8 workers of 8 for evacuation
[2025-04-26T21:33:27.914+0800][gc,phases   ] GC(0)   Pre Evacuate Collection Set: 0.2ms
[2025-04-26T21:33:27.915+0800][gc,phases   ] GC(0)   Merge Heap Roots: 0.1ms
[2025-04-26T21:33:27.915+0800][gc,phases   ] GC(0)   Evacuate Collection Set: 5.2ms
[2025-04-26T21:33:27.915+0800][gc,phases   ] GC(0)   Post Evacuate Collection Set: 0.8ms
[2025-04-26T21:33:27.916+0800][gc,phases   ] GC(0)   Other: 2.5ms
[2025-04-26T21:33:27.916+0800][gc,heap     ] GC(0) Eden regions: 51->0(44)
[2025-04-26T21:33:27.916+0800][gc,heap     ] GC(0) Survivor regions: 0->7(7)
[2025-04-26T21:33:27.917+0800][gc,heap     ] GC(0) Old regions: 0->1
[2025-04-26T21:33:27.917+0800][gc,heap     ] GC(0) Archive regions: 2->2
[2025-04-26T21:33:27.917+0800][gc,heap     ] GC(0) Humongous regions: 0->0
[2025-04-26T21:33:27.918+0800][gc,metaspace] GC(0) Metaspace: 17041K(17280K)->17041K(17280K) NonClass: 14972K(15104K)->14972K(15104K) Class: 2069K(2176K)->2069K(2176K)
[2025-04-26T21:33:27.918+0800][gc          ] GC(0) Pause Young (Normal) (G1 Evacuation Pause) 51M->8M(1024M) 12.406ms
[2025-04-26T21:33:27.918+0800][gc,cpu      ] GC(0) User=0.03s Sys=0.02s Real=0.02s
[2025-04-26T21:33:28.386+0800][gc,start    ] GC(1) Pause Young (Concurrent Start) (Metadata GC Threshold)
[2025-04-26T21:33:28.387+0800][gc,task     ] GC(1) Using 8 workers of 8 for evacuation
[2025-04-26T21:33:28.392+0800][gc,phases   ] GC(1)   Pre Evacuate Collection Set: 0.2ms
[2025-04-26T21:33:28.393+0800][gc,phases   ] GC(1)   Merge Heap Roots: 0.2ms
[2025-04-26T21:33:28.393+0800][gc,phases   ] GC(1)   Evacuate Collection Set: 3.7ms
[2025-04-26T21:33:28.393+0800][gc,phases   ] GC(1)   Post Evacuate Collection Set: 0.6ms
[2025-04-26T21:33:28.394+0800][gc,phases   ] GC(1)   Other: 1.5ms
[2025-04-26T21:33:28.394+0800][gc,heap     ] GC(1) Eden regions: 14->0(49)
[2025-04-26T21:33:28.395+0800][gc,heap     ] GC(1) Survivor regions: 7->2(7)
[2025-04-26T21:33:28.395+0800][gc,heap     ] GC(1) Old regions: 1->8
[2025-04-26T21:33:28.395+0800][gc,heap     ] GC(1) Archive regions: 2->2
[2025-04-26T21:33:28.395+0800][gc,heap     ] GC(1) Humongous regions: 0->0
[2025-04-26T21:33:28.396+0800][gc,metaspace] GC(1) Metaspace: 21276K(21504K)->21276K(21504K) NonClass: 18637K(18752K)->18637K(18752K) Class: 2638K(2752K)->2638K(2752K)
[2025-04-26T21:33:28.396+0800][gc          ] GC(1) Pause Young (Concurrent Start) (Metadata GC Threshold) 22M->9M(1024M) 9.859ms
[2025-04-26T21:33:28.396+0800][gc,cpu      ] GC(1) User=0.02s Sys=0.00s Real=0.01s
[2025-04-26T21:33:28.397+0800][gc          ] GC(2) Concurrent Mark Cycle
[2025-04-26T21:33:28.397+0800][gc,marking  ] GC(2) Concurrent Clear Claimed Marks
[2025-04-26T21:33:28.397+0800][gc,marking  ] GC(2) Concurrent Clear Claimed Marks 0.256ms
[2025-04-26T21:33:28.398+0800][gc,marking  ] GC(2) Concurrent Scan Root Regions
[2025-04-26T21:33:28.400+0800][gc,marking  ] GC(2) Concurrent Scan Root Regions 1.949ms
[2025-04-26T21:33:28.400+0800][gc,marking  ] GC(2) Concurrent Mark
[2025-04-26T21:33:28.401+0800][gc,marking  ] GC(2) Concurrent Mark From Roots
[2025-04-26T21:33:28.401+0800][gc,task     ] GC(2) Using 2 workers of 2 for marking
[2025-04-26T21:33:28.404+0800][gc,marking  ] GC(2) Concurrent Mark From Roots 2.605ms
[2025-04-26T21:33:28.404+0800][gc,marking  ] GC(2) Concurrent Preclean
[2025-04-26T21:33:28.405+0800][gc,marking  ] GC(2) Concurrent Preclean 0.658ms
[2025-04-26T21:33:28.405+0800][gc,start    ] GC(2) Pause Remark
[2025-04-26T21:33:28.408+0800][gc          ] GC(2) Pause Remark 10M->10M(1024M) 2.602ms
[2025-04-26T21:33:28.409+0800][gc,cpu      ] GC(2) User=0.00s Sys=0.01s Real=0.01s
[2025-04-26T21:33:28.409+0800][gc,marking  ] GC(2) Concurrent Mark 8.963ms
[2025-04-26T21:33:28.410+0800][gc,marking  ] GC(2) Concurrent Rebuild Remembered Sets
[2025-04-26T21:33:28.412+0800][gc,marking  ] GC(2) Concurrent Rebuild Remembered Sets 2.309ms
[2025-04-26T21:33:28.413+0800][gc,start    ] GC(2) Pause Cleanup
[2025-04-26T21:33:28.413+0800][gc          ] GC(2) Pause Cleanup 10M->10M(1024M) 0.696ms
[2025-04-26T21:33:28.414+0800][gc,cpu      ] GC(2) User=0.00s Sys=0.00s Real=0.00s
[2025-04-26T21:33:28.414+0800][gc,marking  ] GC(2) Concurrent Cleanup for Next Mark
[2025-04-26T21:33:28.418+0800][gc,marking  ] GC(2) Concurrent Cleanup for Next Mark 3.153ms
[2025-04-26T21:33:28.418+0800][gc          ] GC(2) Concurrent Mark Cycle 21.164ms
[2025-04-26T21:33:29.838+0800][gc,start    ] GC(3) Pause Young (Normal) (G1 Evacuation Pause)
[2025-04-26T21:33:29.838+0800][gc,task     ] GC(3) Using 8 workers of 8 for evacuation
[2025-04-26T21:33:29.844+0800][gc,phases   ] GC(3)   Pre Evacuate Collection Set: 0.2ms
[2025-04-26T21:33:29.845+0800][gc,phases   ] GC(3)   Merge Heap Roots: 0.1ms
[2025-04-26T21:33:29.845+0800][gc,phases   ] GC(3)   Evacuate Collection Set: 4.4ms
[2025-04-26T21:33:29.846+0800][gc,phases   ] GC(3)   Post Evacuate Collection Set: 0.7ms
[2025-04-26T21:33:29.846+0800][gc,phases   ] GC(3)   Other: 1.0ms
[2025-04-26T21:33:29.846+0800][gc,heap     ] GC(3) Eden regions: 49->0(45)
[2025-04-26T21:33:29.847+0800][gc,heap     ] GC(3) Survivor regions: 2->6(7)
[2025-04-26T21:33:29.847+0800][gc,heap     ] GC(3) Old regions: 8->8
[2025-04-26T21:33:29.848+0800][gc,heap     ] GC(3) Archive regions: 2->2
[2025-04-26T21:33:29.848+0800][gc,heap     ] GC(3) Humongous regions: 0->0
[2025-04-26T21:33:29.849+0800][gc,metaspace] GC(3) Metaspace: 32259K(32640K)->32259K(32640K) NonClass: 28481K(28672K)->28481K(28672K) Class: 3777K(3968K)->3777K(3968K)
[2025-04-26T21:33:29.849+0800][gc          ] GC(3) Pause Young (Normal) (G1 Evacuation Pause) 58M->13M(1024M) 11.776ms
[2025-04-26T21:33:29.850+0800][gc,cpu      ] GC(3) User=0.03s Sys=0.00s Real=0.01s
[2025-04-26T21:33:30.222+0800][gc,start    ] GC(4) Pause Young (Concurrent Start) (Metadata GC Threshold)
[2025-04-26T21:33:30.222+0800][gc,task     ] GC(4) Using 8 workers of 8 for evacuation
[2025-04-26T21:33:30.230+0800][gc,phases   ] GC(4)   Pre Evacuate Collection Set: 0.2ms
[2025-04-26T21:33:30.230+0800][gc,phases   ] GC(4)   Merge Heap Roots: 0.2ms
[2025-04-26T21:33:30.231+0800][gc,phases   ] GC(4)   Evacuate Collection Set: 6.5ms
[2025-04-26T21:33:30.231+0800][gc,phases   ] GC(4)   Post Evacuate Collection Set: 0.7ms
[2025-04-26T21:33:30.231+0800][gc,phases   ] GC(4)   Other: 0.8ms
[2025-04-26T21:33:30.232+0800][gc,heap     ] GC(4) Eden regions: 26->0(49)
[2025-04-26T21:33:30.232+0800][gc,heap     ] GC(4) Survivor regions: 6->2(7)
[2025-04-26T21:33:30.232+0800][gc,heap     ] GC(4) Old regions: 8->13
[2025-04-26T21:33:30.233+0800][gc,heap     ] GC(4) Archive regions: 2->2
[2025-04-26T21:33:30.233+0800][gc,heap     ] GC(4) Humongous regions: 12->12
[2025-04-26T21:33:30.233+0800][gc,metaspace] GC(4) Metaspace: 35461K(35968K)->35461K(35968K) NonClass: 31303K(31552K)->31303K(31552K) Class: 4157K(4416K)->4157K(4416K)
[2025-04-26T21:33:30.234+0800][gc          ] GC(4) Pause Young (Concurrent Start) (Metadata GC Threshold) 51M->27M(1024M) 11.924ms
[2025-04-26T21:33:30.234+0800][gc,cpu      ] GC(4) User=0.06s Sys=0.00s Real=0.01s
[2025-04-26T21:33:30.234+0800][gc          ] GC(5) Concurrent Mark Cycle
[2025-04-26T21:33:30.234+0800][gc,marking  ] GC(5) Concurrent Clear Claimed Marks
[2025-04-26T21:33:30.235+0800][gc,marking  ] GC(5) Concurrent Clear Claimed Marks 0.276ms
[2025-04-26T21:33:30.235+0800][gc,marking  ] GC(5) Concurrent Scan Root Regions
[2025-04-26T21:33:30.237+0800][gc,marking  ] GC(5) Concurrent Scan Root Regions 2.415ms
[2025-04-26T21:33:30.238+0800][gc,marking  ] GC(5) Concurrent Mark
[2025-04-26T21:33:30.238+0800][gc,marking  ] GC(5) Concurrent Mark From Roots
[2025-04-26T21:33:30.238+0800][gc,task     ] GC(5) Using 2 workers of 2 for marking
[2025-04-26T21:33:30.245+0800][gc,marking  ] GC(5) Concurrent Mark From Roots 7.023ms
[2025-04-26T21:33:30.245+0800][gc,marking  ] GC(5) Concurrent Preclean
[2025-04-26T21:33:30.246+0800][gc,marking  ] GC(5) Concurrent Preclean 0.311ms
[2025-04-26T21:33:30.246+0800][gc,start    ] GC(5) Pause Remark
[2025-04-26T21:33:30.248+0800][gc          ] GC(5) Pause Remark 30M->30M(1024M) 1.925ms
[2025-04-26T21:33:30.248+0800][gc,cpu      ] GC(5) User=0.03s Sys=0.00s Real=0.01s
[2025-04-26T21:33:30.249+0800][gc,marking  ] GC(5) Concurrent Mark 10.940ms
[2025-04-26T21:33:30.249+0800][gc,marking  ] GC(5) Concurrent Rebuild Remembered Sets
[2025-04-26T21:33:30.249+0800][gc,marking  ] GC(5) Concurrent Rebuild Remembered Sets 0.197ms
[2025-04-26T21:33:30.249+0800][gc,start    ] GC(5) Pause Cleanup
[2025-04-26T21:33:30.250+0800][gc          ] GC(5) Pause Cleanup 30M->30M(1024M) 0.247ms
[2025-04-26T21:33:30.250+0800][gc,cpu      ] GC(5) User=0.00s Sys=0.00s Real=0.00s
[2025-04-26T21:33:30.250+0800][gc,marking  ] GC(5) Concurrent Cleanup for Next Mark
[2025-04-26T21:33:30.255+0800][gc,marking  ] GC(5) Concurrent Cleanup for Next Mark 4.707ms
[2025-04-26T21:33:30.255+0800][gc          ] GC(5) Concurrent Mark Cycle 21.016ms
[2025-04-26T21:33:30.693+0800][gc,start    ] GC(6) Pause Young (Normal) (GCLocker Initiated GC)
[2025-04-26T21:33:30.693+0800][gc,task     ] GC(6) Using 8 workers of 8 for evacuation
[2025-04-26T21:33:30.698+0800][gc,phases   ] GC(6)   Pre Evacuate Collection Set: 0.2ms
[2025-04-26T21:33:30.699+0800][gc,phases   ] GC(6)   Merge Heap Roots: 0.1ms
[2025-04-26T21:33:30.699+0800][gc,phases   ] GC(6)   Evacuate Collection Set: 4.1ms
[2025-04-26T21:33:30.699+0800][gc,phases   ] GC(6)   Post Evacuate Collection Set: 0.6ms
[2025-04-26T21:33:30.699+0800][gc,phases   ] GC(6)   Other: 0.5ms
[2025-04-26T21:33:30.700+0800][gc,heap     ] GC(6) Eden regions: 49->0(44)
[2025-04-26T21:33:30.700+0800][gc,heap     ] GC(6) Survivor regions: 2->7(7)
[2025-04-26T21:33:30.700+0800][gc,heap     ] GC(6) Old regions: 13->14
[2025-04-26T21:33:30.700+0800][gc,heap     ] GC(6) Archive regions: 2->2
[2025-04-26T21:33:30.700+0800][gc,heap     ] GC(6) Humongous regions: 12->10
[2025-04-26T21:33:30.701+0800][gc,metaspace] GC(6) Metaspace: 41317K(41920K)->41317K(41920K) NonClass: 36432K(36736K)->36432K(36736K) Class: 4884K(5184K)->4884K(5184K)
[2025-04-26T21:33:30.701+0800][gc          ] GC(6) Pause Young (Normal) (GCLocker Initiated GC) 76M->31M(1024M) 7.901ms
[2025-04-26T21:33:30.701+0800][gc,cpu      ] GC(6) User=0.04s Sys=0.00s Real=0.01s
[2025-04-26T21:33:44.342+0800][gc,start    ] GC(7) Pause Young (Normal) (G1 Evacuation Pause)
[2025-04-26T21:33:44.342+0800][gc,task     ] GC(7) Using 8 workers of 8 for evacuation
[2025-04-26T21:33:44.357+0800][gc,phases   ] GC(7)   Pre Evacuate Collection Set: 0.3ms
[2025-04-26T21:33:44.358+0800][gc,phases   ] GC(7)   Merge Heap Roots: 0.2ms
[2025-04-26T21:33:44.358+0800][gc,phases   ] GC(7)   Evacuate Collection Set: 13.0ms
[2025-04-26T21:33:44.358+0800][gc,phases   ] GC(7)   Post Evacuate Collection Set: 1.0ms
[2025-04-26T21:33:44.358+0800][gc,phases   ] GC(7)   Other: 0.7ms
[2025-04-26T21:33:44.359+0800][gc,heap     ] GC(7) Eden regions: 44->0(47)
[2025-04-26T21:33:44.359+0800][gc,heap     ] GC(7) Survivor regions: 7->4(7)
[2025-04-26T21:33:44.359+0800][gc,heap     ] GC(7) Old regions: 14->21
[2025-04-26T21:33:44.359+0800][gc,heap     ] GC(7) Archive regions: 2->2
[2025-04-26T21:33:44.359+0800][gc,heap     ] GC(7) Humongous regions: 153->141
[2025-04-26T21:33:44.360+0800][gc,metaspace] GC(7) Metaspace: 46794K(47744K)->46794K(47744K) NonClass: 41139K(41600K)->41139K(41600K) Class: 5655K(6144K)->5655K(6144K)
[2025-04-26T21:33:44.360+0800][gc          ] GC(7) Pause Young (Normal) (G1 Evacuation Pause) 218M->166M(1024M) 17.569ms
[2025-04-26T21:33:44.360+0800][gc,cpu      ] GC(7) User=0.08s Sys=0.02s Real=0.02s
[2025-04-26T21:37:15.602+0800][gc,start    ] GC(8) Pause Young (Normal) (G1 Evacuation Pause)
[2025-04-26T21:37:15.603+0800][gc,task     ] GC(8) Using 8 workers of 8 for evacuation
[2025-04-26T21:37:15.615+0800][gc,phases   ] GC(8)   Pre Evacuate Collection Set: 0.7ms
[2025-04-26T21:37:15.616+0800][gc,phases   ] GC(8)   Merge Heap Roots: 0.3ms
[2025-04-26T21:37:15.616+0800][gc,phases   ] GC(8)   Evacuate Collection Set: 8.3ms
[2025-04-26T21:37:15.617+0800][gc,phases   ] GC(8)   Post Evacuate Collection Set: 2.0ms
[2025-04-26T21:37:15.618+0800][gc,phases   ] GC(8)   Other: 2.0ms
[2025-04-26T21:37:15.618+0800][gc,heap     ] GC(8) Eden regions: 47->0(45)
[2025-04-26T21:37:15.619+0800][gc,heap     ] GC(8) Survivor regions: 4->6(7)
[2025-04-26T21:37:15.619+0800][gc,heap     ] GC(8) Old regions: 21->21
[2025-04-26T21:37:15.620+0800][gc,heap     ] GC(8) Archive regions: 2->2
[2025-04-26T21:37:15.620+0800][gc,heap     ] GC(8) Humongous regions: 141->141
[2025-04-26T21:37:15.621+0800][gc,metaspace] GC(8) Metaspace: 49127K(50112K)->49127K(50112K) NonClass: 43289K(43840K)->43289K(43840K) Class: 5838K(6272K)->5838K(6272K)
[2025-04-26T21:37:15.621+0800][gc          ] GC(8) Pause Young (Normal) (G1 Evacuation Pause) 213M->167M(1024M) 19.229ms
[2025-04-26T21:37:15.622+0800][gc,cpu      ] GC(8) User=0.07s Sys=0.00s Real=0.02s
[2025-04-26T21:41:05.375+0800][gc,start    ] GC(9) Pause Young (Normal) (G1 Evacuation Pause)
[2025-04-26T21:41:05.375+0800][gc,task     ] GC(9) Using 8 workers of 8 for evacuation
[2025-04-26T21:41:05.390+0800][gc,phases   ] GC(9)   Pre Evacuate Collection Set: 0.5ms
[2025-04-26T21:41:05.390+0800][gc,phases   ] GC(9)   Merge Heap Roots: 0.2ms
[2025-04-26T21:41:05.391+0800][gc,phases   ] GC(9)   Evacuate Collection Set: 11.9ms
[2025-04-26T21:41:05.391+0800][gc,phases   ] GC(9)   Post Evacuate Collection Set: 1.2ms
[2025-04-26T21:41:05.391+0800][gc,phases   ] GC(9)   Other: 1.3ms
[2025-04-26T21:41:05.391+0800][gc,heap     ] GC(9) Eden regions: 45->0(47)
[2025-04-26T21:41:05.391+0800][gc,heap     ] GC(9) Survivor regions: 6->4(7)
[2025-04-26T21:41:05.392+0800][gc,heap     ] GC(9) Old regions: 21->24
[2025-04-26T21:41:05.392+0800][gc,heap     ] GC(9) Archive regions: 2->2
[2025-04-26T21:41:05.392+0800][gc,heap     ] GC(9) Humongous regions: 141->141
[2025-04-26T21:41:05.392+0800][gc,metaspace] GC(9) Metaspace: 49360K(50368K)->49360K(50368K) NonClass: 43520K(44032K)->43520K(44032K) Class: 5839K(6336K)->5839K(6336K)
[2025-04-26T21:41:05.393+0800][gc          ] GC(9) Pause Young (Normal) (G1 Evacuation Pause) 212M->169M(1024M) 17.912ms
[2025-04-26T21:41:05.393+0800][gc,cpu      ] GC(9) User=0.06s Sys=0.01s Real=0.02s
[2025-04-26T21:45:13.395+0800][gc,start    ] GC(10) Pause Young (Normal) (G1 Evacuation Pause)
[2025-04-26T21:45:13.396+0800][gc,task     ] GC(10) Using 8 workers of 8 for evacuation
[2025-04-26T21:45:13.410+0800][gc,phases   ] GC(10)   Pre Evacuate Collection Set: 1.5ms
[2025-04-26T21:45:13.411+0800][gc,phases   ] GC(10)   Merge Heap Roots: 1.4ms
[2025-04-26T21:45:13.411+0800][gc,phases   ] GC(10)   Evacuate Collection Set: 10.1ms
[2025-04-26T21:45:13.411+0800][gc,phases   ] GC(10)   Post Evacuate Collection Set: 1.3ms
[2025-04-26T21:45:13.412+0800][gc,phases   ] GC(10)   Other: 1.1ms
[2025-04-26T21:45:13.412+0800][gc,heap     ] GC(10) Eden regions: 47->0(55)
[2025-04-26T21:45:13.412+0800][gc,heap     ] GC(10) Survivor regions: 4->5(7)
[2025-04-26T21:45:13.412+0800][gc,heap     ] GC(10) Old regions: 24->24
[2025-04-26T21:45:13.413+0800][gc,heap     ] GC(10) Archive regions: 2->2
[2025-04-26T21:45:13.413+0800][gc,heap     ] GC(10) Humongous regions: 141->141
[2025-04-26T21:45:13.414+0800][gc,metaspace] GC(10) Metaspace: 49524K(50560K)->49524K(50560K) NonClass: 43674K(44224K)->43674K(44224K) Class: 5850K(6336K)->5850K(6336K)
[2025-04-26T21:45:13.414+0800][gc          ] GC(10) Pause Young (Normal) (G1 Evacuation Pause) 216M->169M(1024M) 19.215ms
[2025-04-26T21:45:13.415+0800][gc,cpu      ] GC(10) User=0.10s Sys=0.00s Real=0.02s
[2025-04-26T21:50:15.549+0800][gc,start    ] GC(11) Pause Young (Normal) (G1 Evacuation Pause)
[2025-04-26T21:50:15.550+0800][gc,task     ] GC(11) Using 8 workers of 8 for evacuation
[2025-04-26T21:50:15.559+0800][gc,phases   ] GC(11)   Pre Evacuate Collection Set: 0.5ms
[2025-04-26T21:50:15.559+0800][gc,phases   ] GC(11)   Merge Heap Roots: 0.4ms
[2025-04-26T21:50:15.560+0800][gc,phases   ] GC(11)   Evacuate Collection Set: 6.2ms
[2025-04-26T21:50:15.560+0800][gc,phases   ] GC(11)   Post Evacuate Collection Set: 1.1ms
[2025-04-26T21:50:15.561+0800][gc,phases   ] GC(11)   Other: 1.4ms
[2025-04-26T21:50:15.562+0800][gc,heap     ] GC(11) Eden regions: 55->0(128)
[2025-04-26T21:50:15.562+0800][gc,heap     ] GC(11) Survivor regions: 5->5(8)
[2025-04-26T21:50:15.563+0800][gc,heap     ] GC(11) Old regions: 24->24
[2025-04-26T21:50:15.564+0800][gc,heap     ] GC(11) Archive regions: 2->2
[2025-04-26T21:50:15.564+0800][gc,heap     ] GC(11) Humongous regions: 141->141
[2025-04-26T21:50:15.565+0800][gc,metaspace] GC(11) Metaspace: 49639K(50624K)->49639K(50624K) NonClass: 43788K(44288K)->43788K(44288K) Class: 5850K(6336K)->5850K(6336K)
[2025-04-26T21:50:15.565+0800][gc          ] GC(11) Pause Young (Normal) (G1 Evacuation Pause) 224M->170M(1024M) 16.242ms
[2025-04-26T21:50:15.566+0800][gc,cpu      ] GC(11) User=0.04s Sys=0.01s Real=0.01s
[2025-04-26T22:04:41.248+0800][gc,start    ] GC(12) Pause Young (Normal) (G1 Evacuation Pause)
[2025-04-26T22:04:41.249+0800][gc,task     ] GC(12) Using 8 workers of 8 for evacuation
[2025-04-26T22:04:41.263+0800][gc,phases   ] GC(12)   Pre Evacuate Collection Set: 2.3ms
[2025-04-26T22:04:41.263+0800][gc,phases   ] GC(12)   Merge Heap Roots: 0.7ms
[2025-04-26T22:04:41.264+0800][gc,phases   ] GC(12)   Evacuate Collection Set: 8.1ms
[2025-04-26T22:04:41.264+0800][gc,phases   ] GC(12)   Post Evacuate Collection Set: 1.3ms
[2025-04-26T22:04:41.265+0800][gc,phases   ] GC(12)   Other: 2.2ms
[2025-04-26T22:04:41.266+0800][gc,heap     ] GC(12) Eden regions: 128->0(117)
[2025-04-26T22:04:41.266+0800][gc,heap     ] GC(12) Survivor regions: 5->6(17)
[2025-04-26T22:04:41.267+0800][gc,heap     ] GC(12) Old regions: 24->24
[2025-04-26T22:04:41.268+0800][gc,heap     ] GC(12) Archive regions: 2->2
[2025-04-26T22:04:41.268+0800][gc,heap     ] GC(12) Humongous regions: 141->141
[2025-04-26T22:04:41.269+0800][gc,metaspace] GC(12) Metaspace: 49752K(50752K)->49752K(50752K) NonClass: 43896K(44416K)->43896K(44416K) Class: 5856K(6336K)->5856K(6336K)
[2025-04-26T22:04:41.270+0800][gc          ] GC(12) Pause Young (Normal) (G1 Evacuation Pause) 298M->171M(1024M) 21.321ms
[2025-04-26T22:04:41.270+0800][gc,cpu      ] GC(12) User=0.04s Sys=0.03s Real=0.02s
[2025-04-26T22:18:16.546+0800][gc,start    ] GC(13) Pause Young (Normal) (G1 Evacuation Pause)
[2025-04-26T22:18:16.547+0800][gc,task     ] GC(13) Using 8 workers of 8 for evacuation
[2025-04-26T22:18:16.560+0800][gc,phases   ] GC(13)   Pre Evacuate Collection Set: 1.2ms
[2025-04-26T22:18:16.560+0800][gc,phases   ] GC(13)   Merge Heap Roots: 0.4ms
[2025-04-26T22:18:16.561+0800][gc,phases   ] GC(13)   Evacuate Collection Set: 8.9ms
[2025-04-26T22:18:16.562+0800][gc,phases   ] GC(13)   Post Evacuate Collection Set: 1.5ms
[2025-04-26T22:18:16.562+0800][gc,phases   ] GC(13)   Other: 1.9ms
[2025-04-26T22:18:16.563+0800][gc,heap     ] GC(13) Eden regions: 117->0(161)
[2025-04-26T22:18:16.564+0800][gc,heap     ] GC(13) Survivor regions: 6->7(16)
[2025-04-26T22:18:16.564+0800][gc,heap     ] GC(13) Old regions: 24->24
[2025-04-26T22:18:16.565+0800][gc,heap     ] GC(13) Archive regions: 2->2
[2025-04-26T22:18:16.566+0800][gc,heap     ] GC(13) Humongous regions: 141->141
[2025-04-26T22:18:16.566+0800][gc,metaspace] GC(13) Metaspace: 49792K(50752K)->49792K(50752K) NonClass: 43936K(44416K)->43936K(44416K) Class: 5856K(6336K)->5856K(6336K)
[2025-04-26T22:18:16.567+0800][gc          ] GC(13) Pause Young (Normal) (G1 Evacuation Pause) 288M->172M(1024M) 21.132ms
[2025-04-26T22:18:16.568+0800][gc,cpu      ] GC(13) User=0.09s Sys=0.00s Real=0.03s
[2025-04-26T22:36:01.571+0800][gc,start    ] GC(14) Pause Young (Normal) (G1 Evacuation Pause)
[2025-04-26T22:36:01.573+0800][gc,task     ] GC(14) Using 8 workers of 8 for evacuation
[2025-04-26T22:36:01.591+0800][gc,phases   ] GC(14)   Pre Evacuate Collection Set: 0.6ms
[2025-04-26T22:36:01.592+0800][gc,phases   ] GC(14)   Merge Heap Roots: 0.3ms
[2025-04-26T22:36:01.593+0800][gc,phases   ] GC(14)   Evacuate Collection Set: 13.6ms
[2025-04-26T22:36:01.594+0800][gc,phases   ] GC(14)   Post Evacuate Collection Set: 1.4ms
[2025-04-26T22:36:01.596+0800][gc,phases   ] GC(14)   Other: 3.3ms
[2025-04-26T22:36:01.597+0800][gc,heap     ] GC(14) Eden regions: 161->0(303)
[2025-04-26T22:36:01.598+0800][gc,heap     ] GC(14) Survivor regions: 7->11(21)
[2025-04-26T22:36:01.600+0800][gc,heap     ] GC(14) Old regions: 24->24
[2025-04-26T22:36:01.601+0800][gc,heap     ] GC(14) Archive regions: 2->2
[2025-04-26T22:36:01.602+0800][gc,heap     ] GC(14) Humongous regions: 150->150
[2025-04-26T22:36:01.603+0800][gc,metaspace] GC(14) Metaspace: 50014K(50944K)->50014K(50944K) NonClass: 44119K(44608K)->44119K(44608K) Class: 5894K(6336K)->5894K(6336K)
[2025-04-26T22:36:01.605+0800][gc          ] GC(14) Pause Young (Normal) (G1 Evacuation Pause) 342M->185M(1024M) 33.098ms
[2025-04-26T22:36:01.606+0800][gc,cpu      ] GC(14) User=0.06s Sys=0.05s Real=0.03s
[2025-04-26T23:02:39.195+0800][gc,heap,exit] Heap
[2025-04-26T23:02:39.196+0800][gc,heap,exit]  garbage-first heap   total 1048576K, used 427175K [0x00000000c0000000, 0x0000000100000000)
[2025-04-26T23:02:39.196+0800][gc,heap,exit]   region size 1024K, 241 young (246784K), 11 survivors (11264K)
[2025-04-26T23:02:39.196+0800][gc,heap,exit]  Metaspace       used 50792K, committed 51776K, reserved 1114112K
[2025-04-26T23:02:39.196+0800][gc,heap,exit]   class space    used 6057K, committed 6528K, reserved 1048576K
